02-18 10:52:20.969 I/ViewRootImpl@5b4abc[RecentsTransitionOverlay]( 3474): mWNT: t=0xb40000742627ec80 mBlastBufferQueue=0xb4000074aef69200 fn= 623 mRenderHdrSdrRatio=1.0 caller= com.android.systemui.shared.launcher.ViewRootImplCompat.mergeWithNextTransaction:4 com.honeyspace.transition.utils.SurfaceTransactionApplier.scheduleApply$lambda$1:26 com.honeyspace.transition.utils.SurfaceTransactionApplier.c:0 
02-18 10:52:20.982 I/HoneySpace.TaskViewInteraction( 3474): recents taskPosition Rect(216, 387 - 864, 1717)
02-18 10:52:20.982 I/HoneySpace.AnimationSession( 3474): collect taskPosition LeashTask(targetView=com.honeyspace.ui.common.taskScene.GestureTaskSceneView{e34355c I.ED..... ......ID 0,0-1080,2408}, cornerRadius=65.6128, targetRect=Rect(216, 387 - 864, 1717), animationProgress=0.999875, fullScreenProgress=-0.0, canHidden=false)
02-18 10:52:20.982 I/HoneySpace.RectFAnimation( 3474): animateToFinalPosition RectF(216.0, 387.0, 864.0, 1717.0)
02-18 10:52:20.983 I/HoneySpace.RectFAnimation( 3474): skipToEnd
02-18 10:52:20.983 I/HoneySpace.RectFAnimation( 3474): skipToEnd
02-18 10:52:20.985 I/ViewRootImpl@5b4abc[RecentsTransitionOverlay]( 3474): mWNT: t=0xb40000742627ee00 mBlastBufferQueue=0xb4000074aef69200 fn= 624 mRenderHdrSdrRatio=1.0 caller= com.android.systemui.shared.launcher.ViewRootImplCompat.mergeWithNextTransaction:4 com.honeyspace.transition.utils.SurfaceTransactionApplier.scheduleApply$lambda$1:26 com.honeyspace.transition.utils.SurfaceTransactionApplier.c:0 
02-18 10:52:20.994 D/SemWifiUsabilityStatsMonitor( 1389): onWifiUsabilityStats - seqNum 5189, isSameBssidAndFreq true
02-18 10:52:20.996 D/StatusBarIconController( 2953): ignoring old pipeline callback because the new wifi icon is enabled
02-18 10:52:20.998 I/HoneySpace.TaskViewInteraction( 3474): recents taskPosition Rect(216, 387 - 864, 1717)
02-18 10:52:20.998 I/HoneySpace.AnimationSession( 3474): collect taskPosition LeashTask(targetView=com.honeyspace.ui.common.taskScene.GestureTaskSceneView{e34355c I.ED..... ......ID 0,0-1080,2408}, cornerRadius=65.625, targetRect=Rect(216, 387 - 864, 1717), animationProgress=1.0, fullScreenProgress=-0.0, canHidden=false)
02-18 10:52:20.999 I/HoneySpace.RectFAnimation( 3474): animateToFinalPosition RectF(216.0, 387.0, 864.0, 1717.0)
02-18 10:52:20.999 I/HoneySpace.GestureRecentViewControllerImpl( 3474): doOnEnd RecentEnterAnimator getRecentEnterAnimation
02-18 10:52:20.999 I/HoneySpace.GestureRecentViewControllerImpl( 3474): onEnterAnimationCompleted.
02-18 10:52:20.999 I/HoneySpace.TaskListViewModel( 3474): setGestureActive, active = false
02-18 10:52:20.999 I/HoneySpace.BaseRecentsView( 3474): startPropertyOnTaskAnimation, needAnim = true
02-18 10:52:20.999 I/HoneySpace.LeashUpdater( 3474): hideAppearedLeashOverlayTarget
02-18 10:52:20.999 I/HoneySpace.RectFAnimation( 3474): skipToEnd
02-18 10:52:20.999 I/HoneySpace.RectFAnimation( 3474): skipToEnd
02-18 10:52:21.000 I/ViewRootImpl@1da77ca[RecentsActivity]( 3474): mWNT: t=0xb40000742627f100 mBlastBufferQueue=0xb40000749fca1000 fn= 20 mRenderHdrSdrRatio=1.0 caller= com.android.systemui.shared.launcher.ViewRootImplCompat.mergeWithNextTransaction:4 com.honeyspace.transition.utils.SurfaceTransactionApplier.scheduleApply$lambda$1:26 com.honeyspace.transition.utils.SurfaceTransactionApplier.c:0 
02-18 10:52:21.002 I/ViewRootImpl@5b4abc[RecentsTransitionOverlay]( 3474): mWNT: t=0xb40000742635e000 mBlastBufferQueue=0xb4000074aef69200 fn= 625 mRenderHdrSdrRatio=1.0 caller= com.android.systemui.shared.launcher.ViewRootImplCompat.mergeWithNextTransaction:4 com.honeyspace.transition.utils.SurfaceTransactionApplier.scheduleApply$lambda$1:26 com.honeyspace.transition.utils.SurfaceTransactionApplier.c:0 
02-18 10:52:21.003 I/HoneySpace.RecentsAnimationController( 3474): getScreenshotTask, taskId = 723
02-18 10:52:21.003 V/ShellRecents( 2953): [68475813] RecentsController.screenshotTask: taskId=723
02-18 10:52:21.004 D/RestrictionPolicy( 1389): isScreenCaptureEnabled : ret=true userId=0
02-18 10:52:21.004 D/RestrictionPolicy( 1389): isScreenCaptureEnabled : ret=true userId=0
02-18 10:52:21.004 D/ScreenCapture( 1389): [Capture_TEST] : setIsScreenShotBySystem false
02-18 10:52:21.016 I/HoneySpace.RectFAnimation( 3474): skipToEnd
02-18 10:52:21.016 I/Layer   ( 1156): id=7749 Destroyed Screenshot Parent#7749
02-18 10:52:21.016 I/HoneySpace.RectFAnimation( 3474): skipToEnd
02-18 10:52:21.016 I/HoneySpace.RectFAnimation( 3474): animation ended
02-18 10:52:21.017 I/Layer   ( 1156): Layer [Surface(name=TransientLaunchOverlayToken{3d45627 token=android.os.BinderProxy@e8270e6})/@0x4f56f2b_transition-leash#7742] hidden!! flag(1)
02-18 10:52:21.020 I/ViewRootImpl@5b4abc[RecentsTransitionOverlay]( 3474): mWNT: t=0xb40000742635e180 mBlastBufferQueue=0xb4000074aef69200 fn= 626 mRenderHdrSdrRatio=1.0 caller= com.android.systemui.shared.launcher.ViewRootImplCompat.mergeWithNextTransaction:4 com.honeyspace.transition.utils.SurfaceTransactionApplier.scheduleApply$lambda$1:26 com.honeyspace.transition.utils.SurfaceTransactionApplier.c:0 
02-18 10:52:21.027 I/HoneySpace.GestureRecentViewControllerImpl( 3474): taskIdList = [723], taskView = feaff18
02-18 10:52:21.027 I/HoneySpace.TaskSceneView( 3474): thumbnail.size = 1, task.size = 1
02-18 10:52:21.027 I/HoneySpace.TaskSceneView( 3474): windowingMode = [1]
02-18 10:52:21.027 I/HoneySpace.TaskSceneView( 3474): deltaRotation = 0, sceneType = SingleType, fitType = [AutoFitType], fitScale = [1.0]
02-18 10:52:21.027 I/HoneySpace.TaskSceneView( 3474): sceneBoundInfo = sceneRatio : (vertical=1.0, horizontal=1.0), dividerRatio : (vertical=0.0, horizontal=0.0)
02-18 10:52:21.027 I/HoneySpace.TaskSceneView( 3474): hasStage = false
02-18 10:52:21.027 W/HoneySpace.TaskSceneView( 3474): sceneStateInfo = SceneStateInfo(launchSrcBounds=[RectF(0.0, 0.0, 648.0, 1330.0)], launchDestBounds=[RectF(0.0, 0.0, 1080.0, 2408.0)], launchClipInsets=[RectF(0.0, 66.0, 1.2207031E-4, 126.0)], srcShrinkCropBounds=[RectF(1.0, 67.0, 1078.9999, 2281.0)], srcFullCropBounds=[RectF(0.0, 0.0, 1080.0, 2408.0)], destShrinkCropBounds=[RectF(0.0, 0.0, 648.0, 1330.0)], destFullCropBounds=[RectF(0.0, 0.0, 648.0, 1330.0)], destShrinkBgCropBounds=[RectF(1.0, 1.0, 647.0, 1329.0)], destFullBgCropBounds=[RectF(0.0, 0.0, 648.0, 1330.0)], destStageCropBounds=RectF(0.0, 0.0, 0.0, 0.0), shrinkCornerRadius=interface vm.a, fullCornerRadii=[[F@cca91f1], stageCornerRadius=-32.0, shrinkProgress=1.0, fullProgress=0.9202658)
02-18 10:52:21.032 D/SurfaceFlinger( 1156): Display 4630947232161729153 HWC layers:
02-18 10:52:21.032 D/SurfaceFlinger( 1156):      CLIENT | 0xb400007a3826f2a0 | 0100 | RGBA_8888    |   20.0   44.0 1060.0 2364.0 |    0    0 1080 2408 | Wallpaper BBQ wrapper 5_system#82
02-18 10:52:21.032 D/SurfaceFlinger( 1156):      CLIENT | 0xb400007a3826fa80 | 0100 | RGBA_8888    |    0.0    0.0 1080.0 2408.0 |    0    0 1080 2408 | com.sec.android.app.launcher/com.android.quickstep.RecentsActivity$_3474#7745
02-18 10:52:21.032 D/SurfaceFlinger( 1156):      CLIENT | 0xb400007a3826ffc0 | 0102 | RGBA_8888    |    0.0   66.0 1079.0 2282.0 |  216  387  863 1717 | com.google.android.permissioncontrol[...]anagePermissionsActivity$_25682#7728
02-18 10:52:21.032 D/SurfaceFlinger( 1156):      CLIENT | 0xb400007a2b0d8ba0 | 0100 | RGBA_8888    |    0.0    0.0 1080.0   66.0 |    0    0 1080   66 | StatusBar$_2953#102
02-18 10:52:21.032 D/SurfaceFlinger( 1156):      CLIENT | 0xb400007a2b0d7400 | 0100 | RGBA_8888    |    0.0    0.0 1080.0  126.0 |    0 2282 1080 2408 | NavigationBar0$_2953#98
02-18 10:52:21.032 D/SurfaceFlinger( 1156): 
02-18 10:52:21.052 I/HoneySpace.GestureEventController( 3474): notifyFinishHomeToRecentAnimation
02-18 10:52:21.052 I/HoneySpace.AnimationSession( 3474): requestFinishRecentAnimation()
02-18 10:52:21.053 I/HoneySpace.AnimationSession( 3474): taskListView appeared : false
02-18 10:52:21.053 I/HoneySpace.RecentsAnimationManager( 3474): finish
02-18 10:52:21.053 I/HoneySpace.MultiStateCallback( 3474): [58493529] Adding [STATE_GESTURE_END (2)] to [STATE_START_RECENTS_TRANSITION, STATE_RECENTS_ANIMATION_STARTED, STATE_GESTURE_START_RECENTS_SCREEN, STATE_GESTURE_START_BYKEY, STATE_RECENT_APPEARED (49428)]
02-18 10:52:21.053 I/HoneySpace.RecentsAnimationManager( 3474): onGestureEnd: com.honeyspace.gesture.recentsanimation.GestureEndTarget$Companion$RECENTS$1@c82fe57
02-18 10:52:21.053 I/HoneySpace.RecentsAnimationManager( 3474): finishController() toHome = true, sendUserLeaveHint = false
02-18 10:52:21.053 I/HoneySpace.RecentsAnimationController( 3474): setWillFinishToHome true
02-18 10:52:21.053 I/HoneySpace.ShellTransitionManager( 3474): finishGestureTransition
02-18 10:52:21.053 I/HoneySpace.RecentsAnimationController( 3474): finish, toHome = true, sendUserLeaveHint = false
02-18 10:52:21.053 I/HoneySpace.MultiStateCallback( 3474): [58493529] Adding [STATE_RECENTS_ANIMATION_FINISHED, STATE_HANDLER_INVALIDATED (65600)] to [STATE_GESTURE_END, STATE_START_RECENTS_TRANSITION, STATE_RECENTS_ANIMATION_STARTED, STATE_GESTURE_START_RECENTS_SCREEN, STATE_GESTURE_START_BYKEY, STATE_RECENT_APPEARED (49430)]
02-18 10:52:21.053 I/HoneySpace.RecentsAnimationManager( 3474): invalidate
02-18 10:52:21.053 I/HoneySpace.InputConsumerProxy( 3474): end
02-18 10:52:21.054 I/HoneySpace.RectFAnimation( 3474): skipToEnd
02-18 10:52:21.054 I/HoneySpace.LeashOverlayWindowImpl( 3474): removeGestureTaskListView : com.honeyspace.gesture.presentation.GestureTaskListView{12054cc V.ED..... ........ 0,0-1080,2408}
02-18 10:52:21.054 I/HoneySpace.GestureTaskListView( 3474): clear
02-18 10:52:21.054 I/HoneySpace.RecentInteraction( 3474): onFinishRecentAnimation.
02-18 10:52:21.054 I/HoneySpace.AnimationSession( 3474): close
02-18 10:52:21.054 I/HoneySpace.DvfsManager( 3474): HOME_GESTURE_BOOSTER release
02-18 10:52:21.054 I/HoneySpace.RecentInteraction( 3474): sendRecentsAnimationEvent. isStarted: false
02-18 10:52:21.055 V/ShellRecents( 2953): [68475813] RecentsController.finishInner: toHome=true userLeave=false willFinishToHome=true state=0
02-18 10:52:21.055 V/ShellRecents( 2953):   normal finish
02-18 10:52:21.055 I/SurfaceControl( 2953): hide, t=FinishTransaction_SyncId<543>, sc=Surface(name=Task=723)/@0x9c8d21, caller=com.android.wm.shell.recents.RecentsTransitionHandler$RecentsController.finishInner:488 com.android.wm.shell.recents.RecentsTransitionHandler$RecentsController$$ExternalSyntheticLambda2.run:7 android.os.Handler.handleCallback:958 android.os.Handler.dispatchMessage:99 android.os.Looper.loopOnce:230 android.os.Looper.loop:319 
02-18 10:52:21.055 V/ShellRecents( 2953): [68475813] RecentsController.cleanup
02-18 10:52:21.055 I/HoneySpace.GestureRecentViewControllerImpl( 3474): collect leashRunningTaskId : -1
02-18 10:52:21.055 I/HoneySpace.GestureEventController( 3474): RecentsAnimationFinished.
02-18 10:52:21.055 I/HoneySpace.RunnableList( 3474): executeAllAndClear() called
02-18 10:52:21.056 I/SurfaceFlinger( 1156): id=7744 Removed Surface(name=Task=723)/@0x9c8d21_transition-leash#7744 (115)
02-18 10:52:21.056 I/SurfaceFlinger( 1156): id=7742 Removed Surface(name=TransientLaunchOverlayToken{3d45627 token=android.os.BinderProxy@e8270e6})/@0x4f56f2b_transition-leash#7742 (115)
02-18 10:52:21.056 I/HoneySpace.OverviewEventHandler( 3474): onRecentAnimationFinishCallback: false
02-18 10:52:21.056 I/SurfaceFlinger( 1156): id=7743 Removed Surface(name=Task=624)/@0xaa19f88_transition-leash#7743 (115)
02-18 10:52:21.056 I/HoneySpace.RecentTasks( 3474): onAnimationStateChanged() called with: running = false
02-18 10:52:21.056 V/WindowManagerShell( 2953): Transition animation finished (aborted=false), notifying core (#543)android.os.BinderProxy@e6bfb7a@0
02-18 10:52:21.056 I/HoneySpace.ShellTransitionManager( 3474): transitionRunning END! : false
02-18 10:52:21.056 I/SurfaceControl( 2953): apply is called, name=FinishTransaction_SyncId<543>, caller=android.view.SurfaceControl$Transaction.apply:2921 com.android.wm.shell.transition.Transitions.onFinish:302 com.android.wm.shell.transition.Transitions$$ExternalSyntheticLambda6.onTransitionFinished:11 com.android.wm.shell.recents.RecentsTransitionHandler$RecentsController.finishInner:548 com.android.wm.shell.recents.RecentsTransitionHandler$RecentsController$$ExternalSyntheticLambda2.run:7 android.os.Handler.handleCallback:958 
02-18 10:52:21.058 V/WindowManager( 1389): Finish Transition: TransitionRecord{ce591cc id=543 type=TO_FRONT flags=0x80}, caller=com.android.server.wm.WindowOrganizerController.finishTransition:456 android.window.IWindowOrganizerController$Stub.onTransact:286 com.android.server.wm.WindowOrganizerController.onTransact:219 
02-18 10:52:21.059 V/WindowManager( 1389): Finish Transition #543: created at 02-18 10:52:20.582 collect-started=0.713ms started=1.102ms ready=10.036ms sent=38.493ms finished=477.02ms
02-18 10:52:21.060 I/HYPER-HAL(  984): [ResourceManager.cpp]removeResource(): [CPUMinFreq] RemoveResource Request ID : 6036075
02-18 10:52:21.060 I/TransientLaunchOverlayToken( 1389): setVisibility, visible=false, t=TransientLaunchOverlayToken{3d45627 token=android.os.BinderProxy@e8270e6}, caller=com.android.server.wm.Transition.finishTransition:1516 com.android.server.wm.TransitionController.finishTransition:1113 com.android.server.wm.WindowOrganizerController.finishTransition:456 
02-18 10:52:21.061 V/WindowManager( 1389): Setting visibility of Window{11bc9d5 u0 com.google.android.permissioncontroller/com.android.permissioncontroller.permission.ui.ManagePermissionsActivity}: false, caller=com.android.server.wm.WindowContainer.sendAppVisibilityToClients:1301 com.android.server.wm.WindowToken.setClientVisible:446 com.android.server.wm.ActivityRecord.setClientVisible:8160 com.android.server.wm.ActivityRecord.postApplyAnimation:6724 com.android.server.wm.ActivityRecord.commitVisibility:6667 
02-18 10:52:21.061 I/ViewRootImpl@e0851bd[ManagePermissionsActivity](25682): handleAppVisibility mAppVisible = true visible = false
02-18 10:52:21.061 I/SemPersonaManager( 1389): personaId = 150
02-18 10:52:21.062 I/SemPersonaManager( 1389): SecureFolder personaId = 150
02-18 10:52:21.062 I/HYPER-HAL(  984): [RequestManager.cpp]releaseLocked(): Released ID : 6036075
02-18 10:52:21.062 D/ActivityTaskManager( 1389): setCanAffectSystemUiFlags: true for Task{5179d1a #624 type=recents I=com.sec.android.app.launcher/com.android.quickstep.RecentsActivity} from com.android.server.wm.Transition.finishTransition:1640 com.android.server.wm.TransitionController.finishTransition:1113 com.android.server.wm.WindowOrganizerController.finishTransition:456 android.window.IWindowOrganizerController$Stub.onTransact:286 com.android.server.wm.WindowOrganizerController.onTransact:219 android.os.Binder.execTransactInternal:1380 android.os.Binder.execTransact:1311 <bottom of call stack> <bottom of call stack> <bottom of call stack> 
02-18 10:52:21.064 I/HoneySpace.HoneyScreenManagerImpl( 3474): updateBackground, state: com.honeyspace.sdk.RecentScreen$Normal@da7616a
02-18 10:52:21.064 I/HoneySpace.RecentscreenPot( 3474): changeState : com.honeyspace.sdk.RecentScreen$Normal@da7616a
02-18 10:52:21.064 I/HoneySpace.RecentscreenPot( 3474): recent screenAlphaWhileGesture, alpah 1
02-18 10:52:21.064 I/HoneySpace.BackgroundManagerImpl( 3474): updateProperties[ch=15445475], com.honeyspace.sdk.RecentScreen$Normal@da7616a, true
02-18 10:52:21.064 I/HoneySpace.BackgroundManagerImpl( 3474): updateDimColor[ch=15445475]
02-18 10:52:21.064 I/HoneySpace.BackgroundManagerImpl( 3474): updated the scrimView's end color : com.honeyspace.sdk.RecentScreen$Normal@da7616a
02-18 10:52:21.064 I/HoneySpace.BackgroundManagerImpl( 3474): updateLastDimAndBlur[ch=15445475]dim[0.0 -> 0.0] ,wBlur[1.0 -> 1.0
02-18 10:52:21.064 I/HoneySpace.BackgroundManagerImpl( 3474): updateLastState[15445475]: com.honeyspace.sdk.RecentScreen$Normal@da7616a -> com.honeyspace.sdk.RecentScreen$Normal@da7616a
02-18 10:52:21.064 I/HoneySpace.CapturedBlurViewModel( 3474): shouldUpdateWallpaperBlur : needToUpdateWallpaper = false, wallpaperChanged = false, wallpaperDrawCompleted = false, mCapture = nonNull, isOrientationChanged() = false, isDisplayChanged() = false, isLiveWallpaper = false
02-18 10:52:21.064 I/HoneySpace.CapturedBlurViewModel( 3474): updateWallpaperBlur() already captured
02-18 10:52:21.064 I/HoneySpace.BackgroundManagerImpl( 3474): setProgress: com.honeyspace.sdk.RecentScreen$Normal@da7616a, p=1.0, ch=15445475, open=true
02-18 10:52:21.064 I/HoneySpace.BackgroundManagerImpl( 3474): setProgressToScrimView[ch=15445475]: progress = 1.0, dim = 0.0, currentDimAlpha={15445475=0.0, 133478142=0.0}
02-18 10:52:21.064 I/HoneySpace.BackgroundViewAlphaUpdater( 3474): setAlpha: 1.0
02-18 10:52:21.064 I/HoneySpace.BackgroundManagerImpl( 3474): setProgressToBlurView[ch=15445475, st =  com.honeyspace.sdk.RecentScreen$Normal@da7616a, progress = 1.0, wb= 1.0]
02-18 10:52:21.065 I/Layer   ( 1156): Layer [TransientLaunchOverlayToken{3d45627 token=android.os.BinderProxy@e8270e6}#131] hidden!! flag(1)
02-18 10:52:21.065 I/Layer   ( 1156): Layer::reparent [TransientLaunchOverlayToken{3d45627 token=android.os.BinderProxy@e8270e6}#131] newParent : Leaf:3:12#15 , isRemovedFromCurrentState : 0 -------------------------
02-18 10:52:21.065 I/Layer   ( 1156): Layer::reparent [TransientLaunchOverlayToken{3d45627 token=android.os.BinderProxy@e8270e6}#131] End -------------------------
02-18 10:52:21.065 I/Layer   ( 1156): Layer::reparent [Transition Root: Task=624#7741] newParentHandle : null -------------------------
02-18 10:52:21.065 I/Layer   ( 1156): id=7741 removeFromCurrentState Transition Root: Task=624#7741 (115)
02-18 10:52:21.066 I/Layer   ( 1156): id=7743 removeFromCurrentState Surface(name=Task=624)/@0xaa19f88_transition-leash#7743 (115)
02-18 10:52:21.066 I/Layer   ( 1156): id=129 removeFromCurrentState Task=624#129 (115)
02-18 10:52:21.066 I/Layer   ( 1156): id=130 removeFromCurrentState ActivityRecord{a9de63c u0 com.sec.android.app.launcher/com.android.quickstep.RecentsActivity t624}#130 (115)
02-18 10:52:21.066 D/FreeformController( 1389): beginPostLayoutPolicyLw: forceHideRequester changed, old=Window{cd2c0d4 u0 RecentsTransitionOverlay}, new=Window{b9a70cc u0 com.sec.android.app.launcher/com.android.quickstep.RecentsActivity}
02-18 10:52:21.066 I/Layer   ( 1156): id=470 removeFromCurrentState 45aae0e ActivityRecordInputSink com.sec.android.app.launcher/com.android.quickstep.RecentsActivity#470 (115)
02-18 10:52:21.066 I/Layer   ( 1156): id=138 removeFromCurrentState b9a70cc com.sec.android.app.launcher/com.android.quickstep.RecentsActivity#138 (115)
02-18 10:52:21.066 I/Layer   ( 1156): id=7745 removeFromCurrentState com.sec.android.app.launcher/com.android.quickstep.RecentsActivity$_3474#7745 (115)
02-18 10:52:21.066 I/Layer   ( 1156): id=7742 removeFromCurrentState Surface(name=TransientLaunchOverlayToken{3d45627 token=android.os.BinderProxy@e8270e6})/@0x4f56f2b_transition-leash#7742 (115)
02-18 10:52:21.066 I/Layer   ( 1156): id=7744 removeFromCurrentState Surface(name=Task=723)/@0x9c8d21_transition-leash#7744 (115)
02-18 10:52:21.066 I/Layer   ( 1156): id=7712 removeFromCurrentState Task=723#7712 (115)
02-18 10:52:21.066 I/Layer   ( 1156): id=7713 removeFromCurrentState ActivityRecord{c6957ef u0 com.android.settings/.applications.InstalledAppDetails t723}#7713 (115)
02-18 10:52:21.066 I/Layer   ( 1156): id=7719 removeFromCurrentState e7f3dc9 ActivityRecordInputSink com.android.settings/.applications.InstalledAppDetailsTop#7719 (115)
02-18 10:52:21.066 I/Layer   ( 1156): id=7720 removeFromCurrentState 3a39d7d com.android.settings/com.android.settings.applications.InstalledAppDetails#7720 (115)
02-18 10:52:21.066 I/Layer   ( 1156): id=7726 removeFromCurrentState ActivityRecord{9963bf9 u0 com.google.android.permissioncontroller/com.android.permissioncontroller.permission.ui.ManagePermissionsActivity t723}#7726 (115)
02-18 10:52:21.066 D/FreeformController( 1389): setBlockToAddForceHideFreeformTasks: blockToAddForceHide=false, Caller=com.android.server.wm.FreeformController.beginPostLayoutPolicyLw:839
02-18 10:52:21.066 I/Layer   ( 1156): id=7732 removeFromCurrentState 5286e8e ActivityRecordInputSink com.google.android.permissioncontroller/com.android.permissioncontroller.permission.ui.ManagePermissionsActivity#7732 (115)
02-18 10:52:21.066 I/Layer   ( 1156): id=7727 removeFromCurrentState 11bc9d5 com.google.android.permissioncontroller/com.android.permissioncontroller.permission.ui.ManagePermissionsActivity#7727 (115)
02-18 10:52:21.066 I/Layer   ( 1156): id=7728 removeFromCurrentState com.google.android.permissioncontroller/com.android.permissioncontroller.permission.ui.ManagePermissionsActivity$_25682#7728 (115)
02-18 10:52:21.066 I/Layer   ( 1156): id=17 removeFromCurrentState ImeContainer#17 (115)
02-18 10:52:21.066 I/Layer   ( 1156): id=134 removeFromCurrentState WindowToken{db3b6ad type=2011 android.os.Binder@61487c4}#134 (115)
02-18 10:52:21.066 I/Layer   ( 1156): id=7740 removeFromCurrentState Surface(name=27a5856 InputMethod)/@0x39a0dc4 - animation-leash of insets_animation#7740 (115)
02-18 10:52:21.066 I/Layer   ( 1156): id=139 removeFromCurrentState 27a5856 InputMethod#139 (115)
02-18 10:52:21.066 I/Layer   ( 1156): Layer::reparent [Transition Root: Task=624#7741] End -------------------------
02-18 10:52:21.066 I/Layer   ( 1156): Layer [Task=723#7712] hidden!! flag(1)
02-18 10:52:21.066 I/Layer   ( 1156): Layer::reparent [Task=723#7712] newParent : DefaultTaskDisplayArea_d0#12 , isRemovedFromCurrentState : 0 -------------------------
02-18 10:52:21.066 I/Layer   ( 1156): id=7712 addToCurrentState Task=723#7712 (115)
02-18 10:52:21.066 I/Layer   ( 1156): id=7713 addToCurrentState ActivityRecord{c6957ef u0 com.android.settings/.applications.InstalledAppDetails t723}#7713 (115)
02-18 10:52:21.066 I/Layer   ( 1156): id=7719 addToCurrentState e7f3dc9 ActivityRecordInputSink com.android.settings/.applications.InstalledAppDetailsTop#7719 (115)
02-18 10:52:21.066 I/Layer   ( 1156): id=7720 addToCurrentState 3a39d7d com.android.settings/com.android.settings.applications.InstalledAppDetails#7720 (115)
02-18 10:52:21.066 I/Layer   ( 1156): id=7726 addToCurrentState ActivityRecord{9963bf9 u0 com.google.android.permissioncontroller/com.android.permissioncontroller.permission.ui.ManagePermissionsActivity t723}#7726 (115)
02-18 10:52:21.066 I/Layer   ( 1156): id=7732 addToCurrentState 5286e8e ActivityRecordInputSink com.google.android.permissioncontroller/com.android.permissioncontroller.permission.ui.ManagePermissionsActivity#7732 (115)
02-18 10:52:21.066 I/Layer   ( 1156): id=7727 addToCurrentState 11bc9d5 com.google.android.permissioncontroller/com.android.permissioncontroller.permission.ui.ManagePermissionsActivity#7727 (115)
02-18 10:52:21.066 I/Layer   ( 1156): id=7728 addToCurrentState com.google.android.permissioncontroller/com.android.permissioncontroller.permission.ui.ManagePermissionsActivity$_25682#7728 (115)
02-18 10:52:21.066 I/Layer   ( 1156): id=17 addToCurrentState ImeContainer#17 (115)
02-18 10:52:21.066 I/Layer   ( 1156): id=134 addToCurrentState WindowToken{db3b6ad type=2011 android.os.Binder@61487c4}#134 (115)
02-18 10:52:21.066 I/Layer   ( 1156): id=7740 addToCurrentState Surface(name=27a5856 InputMethod)/@0x39a0dc4 - animation-leash of insets_animation#7740 (115)
02-18 10:52:21.066 I/Layer   ( 1156): id=139 addToCurrentState 27a5856 InputMethod#139 (115)
02-18 10:52:21.066 I/Layer   ( 1156): Layer::reparent [Task=723#7712] End -------------------------
02-18 10:52:21.066 I/Layer   ( 1156): Layer::reparent [Task=624#129] newParent : DefaultTaskDisplayArea_d0#12 , isRemovedFromCurrentState : 0 -------------------------
02-18 10:52:21.066 I/Layer   ( 1156): id=129 addToCurrentState Task=624#129 (115)
02-18 10:52:21.066 I/Layer   ( 1156): id=130 addToCurrentState ActivityRecord{a9de63c u0 com.sec.android.app.launcher/com.android.quickstep.RecentsActivity t624}#130 (115)
02-18 10:52:21.066 I/Layer   ( 1156): id=470 addToCurrentState 45aae0e ActivityRecordInputSink com.sec.android.app.launcher/com.android.quickstep.RecentsActivity#470 (115)
02-18 10:52:21.066 I/Layer   ( 1156): id=138 addToCurrentState b9a70cc com.sec.android.app.launcher/com.android.quickstep.RecentsActivity#138 (115)
02-18 10:52:21.066 I/Layer   ( 1156): id=7745 addToCurrentState com.sec.android.app.launcher/com.android.quickstep.RecentsActivity$_3474#7745 (115)
02-18 10:52:21.066 I/Layer   ( 1156): Layer::reparent [Task=624#129] End -------------------------
02-18 10:52:21.066 I/Layer   ( 1156): Layer::reparent [Transition Root: Task=624#7741] newParentHandle : null -------------------------
02-18 10:52:21.066 I/Layer   ( 1156): id=7741 removeFromCurrentState Transition Root: Task=624#7741 (115)
02-18 10:52:21.066 D/FreeformController( 1389): setBlockToAddForceHideFreeformTasks: blockToAddForceHide=true, Caller=com.android.server.wm.FreeformController.finishPostLayoutPolicyLw:894
02-18 10:52:21.066 I/Layer   ( 1156): id=7743 removeFromCurrentState Surface(name=Task=624)/@0xaa19f88_transition-leash#7743 (115)
02-18 10:52:21.066 I/Layer   ( 1156): id=7742 removeFromCurrentState Surface(name=TransientLaunchOverlayToken{3d45627 token=android.os.BinderProxy@e8270e6})/@0x4f56f2b_transition-leash#7742 (115)
02-18 10:52:21.066 I/Layer   ( 1156): id=7744 removeFromCurrentState Surface(name=Task=723)/@0x9c8d21_transition-leash#7744 (115)
02-18 10:52:21.066 I/Layer   ( 1156): Layer::reparent [Transition Root: Task=624#7741] End -------------------------
02-18 10:52:21.067 I/ViewRootImpl@e0851bd[ManagePermissionsActivity](25682): destroyHardwareResources: Callers=android.view.ViewRootImpl.performTraversals:3932 android.view.ViewRootImpl.doTraversal:3288 android.view.ViewRootImpl$TraversalRunnable.run:11344 android.view.Choreographer$CallbackRecord.run:1689 android.view.Choreographer$CallbackRecord.run:1698 android.view.Choreographer.doCallbacks:1153 android.view.Choreographer.doFrame:1079 android.view.Choreographer$FrameDisplayEventReceiver.run:1646 android.os.Handler.handleCallback:958 android.os.Handler.dispatchMessage:99 
02-18 10:52:21.067 I/SurfaceFlinger( 1156): id=7741 Removed Transition Root: Task=624#7741 (115)
02-18 10:52:21.068 V/WindowManagerShell( 2953): Track 0 became idle
02-18 10:52:21.068 D/InputDispatcher( 1389): Focus left window (0): recents_animation_input_consumer
02-18 10:52:21.068 V/WindowManagerShell( 2953): All active transition animations finished
02-18 10:52:21.071 V/WindowManager( 1389): Relayout Window{cd2c0d4 u0 RecentsTransitionOverlay}: viewVisibility=0 req=1x1 ty=2632 d0
02-18 10:52:21.072 D/OpenGLRenderer(25682): CacheManager::trimMemory(20)
02-18 10:52:21.074 V/WindowManager( 1389): Relayout hash=cd2c0d4, pid=3474, syncId=-1: mAttrs={(0,0)(1x1) gr=BOTTOM CENTER_VERTICAL sim={adjust=pan} layoutInDisplayCutoutMode=always ty=TRANSIENT_LAUNCH_OVERLAY fmt=TRANSLUCENT if=INPUT_FEATURE_NO_INPUT_CHANNEL
02-18 10:52:21.074 V/WindowManager( 1389):   fl=118
02-18 10:52:21.074 V/WindowManager( 1389):   pfl=12000000
02-18 10:52:21.074 V/WindowManager( 1389):   bhv=DEFAULT naviIconColor=0
02-18 10:52:21.074 V/WindowManager( 1389):   sfl=4020000}
02-18 10:52:21.074 V/WindowManager( 1389): Relayout Window{11bc9d5 u0 com.google.android.permissioncontroller/com.android.permissioncontroller.permission.ui.ManagePermissionsActivity}: viewVisibility=8 req=1080x2408 ty=1 d0
02-18 10:52:21.075 I/BLASTBufferQueue_Java( 3474): update, w= 1 h= 1 mName = ViewRootImpl@5b4abc[RecentsTransitionOverlay] mNativeObject= 0xb4000074aef69200 sc.mNativeObject= 0xb400007428c7c5c0 format= -3 caller= android.view.ViewRootImpl.updateBlastSurfaceIfNeeded:3017 android.view.ViewRootImpl.relayoutWindow:10131 android.view.ViewRootImpl.performTraversals:4110 android.view.ViewRootImpl.doTraversal:3288 android.view.ViewRootImpl$TraversalRunnable.run:11344 android.view.Choreographer$CallbackRecord.run:1689 
02-18 10:52:21.075 I/ViewRootImpl@5b4abc[RecentsTransitionOverlay]( 3474): Relayout returned: old=(0,0,1080,2408) new=(539,2407,540,2408) relayoutAsync=false req=(1,1)0 dur=10 res=0x1 s={true 0xb4000074293e6000} ch=false seqId=0
02-18 10:52:21.076 I/ViewRootImpl@5b4abc[RecentsTransitionOverlay]( 3474): Setup new sync=wmsSync-ViewRootImpl@5b4abc[RecentsTransitionOverlay]#30
02-18 10:52:21.076 I/ViewRootImpl@5b4abc[RecentsTransitionOverlay]( 3474): Creating new active sync group ViewRootImpl@5b4abc[RecentsTransitionOverlay]#31
02-18 10:52:21.077 I/ViewRootImpl@5b4abc[RecentsTransitionOverlay]( 3474): registerCallbacksForSync syncBuffer=false
02-18 10:52:21.077 I/ViewRootImpl@5b4abc[RecentsTransitionOverlay]( 3474): Received frameDrawingCallback syncResult=0 frameNum=627.
02-18 10:52:21.077 I/ViewRootImpl@5b4abc[RecentsTransitionOverlay]( 3474): mWNT: t=0xb40000742635fc80 mBlastBufferQueue=0xb4000074aef69200 fn= 627 mRenderHdrSdrRatio=1.0 caller= android.view.ViewRootImpl$8.onFrameDraw:13841 android.view.ThreadedRenderer$1.onFrameDraw:792 <bottom of call stack> 
02-18 10:52:21.078 I/ViewRootImpl@5b4abc[RecentsTransitionOverlay]( 3474): Setting up sync and frameCommitCallback
02-18 10:52:21.078 V/WindowManager( 1389): Relayout hash=11bc9d5, pid=25682, syncId=-1: mAttrs={(0,0)(fillxfill) sim={adjust=resize} ty=BASE_APPLICATION wanim=0x10302f2
02-18 10:52:21.078 V/WindowManager( 1389):   fl=81810100
02-18 10:52:21.078 V/WindowManager( 1389):   pfl=12088040
02-18 10:52:21.078 V/WindowManager( 1389):   vsysui=500
02-18 10:52:21.078 V/WindowManager( 1389):   bhv=DEFAULT
02-18 10:52:21.078 V/WindowManager( 1389):   fitSides= naviIconColor=0}
02-18 10:52:21.080 I/ViewRootImpl@5b4abc[RecentsTransitionOverlay]( 3474): Received frameCommittedCallback lastAttemptedDrawFrameNum=627 didProduceBuffer=true
02-18 10:52:21.080 I/ViewRootImpl@5b4abc[RecentsTransitionOverlay]( 3474): reportDrawFinished seqId=0
02-18 10:52:21.081 D/WindowManager( 1389): finishDrawingWindow: Window{cd2c0d4 u0 RecentsTransitionOverlay} mDrawState=HAS_DRAWN seqId=0
02-18 10:52:21.082 D/SurfaceFlinger( 1156): Display 4630947232161729153 HWC layers:
02-18 10:52:21.082 D/SurfaceFlinger( 1156):      DEVICE | 0xb400007a3826f2a0 | 0100 | RGBA_8888    |   11.0   26.0 1069.0 2382.0 |    0    0 1080 2408 | Wallpaper BBQ wrapper 5_system#82
02-18 10:52:21.082 D/SurfaceFlinger( 1156):      DEVICE | 0xb400007a2b0d23f0 | 0100 | RGBA_8888    |    0.0    0.0 1080.0 2408.0 |    0    0 1080 2408 | com.sec.android.app.launcher/com.android.quickstep.RecentsActivity$_3474#7745
02-18 10:52:21.082 D/SurfaceFlinger( 1156):      CLIENT | 0xb400007a2b0d8ba0 | 0100 | RGBA_8888    |    0.0    0.0 1080.0   66.0 |    0    0 1080   66 | StatusBar$_2953#102
02-18 10:52:21.082 D/SurfaceFlinger( 1156):      CLIENT | 0xb400007a2b0d78d0 | 0100 | RGBA_8888    |    0.0    0.0 1080.0  126.0 |    0 2282 1080 2408 | NavigationBar0$_2953#98
02-18 10:52:21.082 D/SurfaceFlinger( 1156): 
02-18 10:52:21.083 I/Layer   ( 1156): Layer [Input Consumer recents_animation_input_consumer#128] hidden!! flag(1)
02-18 10:52:21.083 I/Layer   ( 1156): Layer [com.google.android.permissioncontroller/com.android.permissioncontroller.permission.ui.ManagePermissionsActivity$_25682#7728] hidden!! flag(1)
02-18 10:52:21.083 I/Layer   ( 1156): Layer [RecentsTransitionOverlay$_3474#133] hidden!! flag(1)
02-18 10:52:21.083 I/Layer   ( 1156): Layer [ActivityRecord{9963bf9 u0 com.google.android.permissioncontroller/com.android.permissioncontroller.permission.ui.ManagePermissionsActivity t723}#7726] hidden!! flag(1)
02-18 10:52:21.084 I/Layer   ( 1156): id=7741 Destroyed Transition Root: Task=624#7741
02-18 10:52:21.084 I/Layer   ( 1156): id=7743 Destroyed Surface(name=Task=624)/@0xaa19f88_transition-leash#7743
02-18 10:52:21.084 I/Layer   ( 1156): id=7742 Destroyed Surface(name=TransientLaunchOverlayToken{3d45627 token=android.os.BinderProxy@e8270e6})/@0x4f56f2b_transition-leash#7742
02-18 10:52:21.084 I/Layer   ( 1156): id=7744 Destroyed Surface(name=Task=723)/@0x9c8d21_transition-leash#7744
02-18 10:52:21.084 I/ActivityManager( 1389): Changes in 10246 2 to 15, 63 to 0
02-18 10:52:21.086 V/WindowManager( 1389): Unknown focus tokens, dropping reportFocusChanged
02-18 10:52:21.088 D/InputDispatcher( 1389): Focus entered window (0): b9a70cc com.sec.android.app.launcher/com.android.quickstep.RecentsActivity
02-18 10:52:21.093 I/ViewRootImpl@1da77ca[RecentsActivity]( 3474): handleWindowFocusChanged: 1 0 call from android.view.ViewRootImpl.-$$Nest$mhandleWindowFocusChanged:0
02-18 10:52:21.094 I/InputMethodManager( 3474): startInputInner - IInputMethodManagerGlobalInvoker.startInputOrWindowGainedFocus
02-18 10:52:21.094 I/ViewRootImpl@e0851bd[ManagePermissionsActivity](25682): Relayout returned: old=(0,0,1080,2408) new=(0,0,1080,2408) relayoutAsync=false req=(1080,2408)8 dur=19 res=0x402 s={false 0x0} ch=true seqId=0
02-18 10:52:21.094 D/HidDeviceService( 3611): handleMessage(): msg.what=8
02-18 10:52:21.095 D/OpenGLRenderer(25682): CacheManager::trimMemory(20)
02-18 10:52:21.096 D/InputMethodManagerService( 1389): setWindowStateInner, windowToken=android.os.BinderProxy@15d6aff, state=ImeTargetWindowState{ imeToken null imeFocusChanged true hasEditorFocused false requestedImeVisible false imeDisplayId 0 softInputModeState STATE_UNSPECIFIED|ADJUST_RESIZE isStartInputByGainFocus true}
02-18 10:52:21.096 V/InputMethodManagerService( 1389): Unspecified window will hide input
02-18 10:52:21.096 V/InputMethodManagerService( 1389): applyImeVisibility state=6
02-18 10:52:21.096 I/ImeTracker( 1389): com.sec.android.app.launcher:22624db6: onRequestHide at ORIGIN_SERVER_HIDE_INPUT reason HIDE_UNSPECIFIED_WINDOW
02-18 10:52:21.096 D/InputMethodManagerService( 1389): setWindowStateInner, windowToken=android.os.BinderProxy@15d6aff, state=ImeTargetWindowState{ imeToken android.os.Binder@a7b347b imeFocusChanged true hasEditorFocused false requestedImeVisible false imeDisplayId 0 softInputModeState STATE_UNSPECIFIED|ADJUST_RESIZE isStartInputByGainFocus true}
02-18 10:52:21.096 I/ImeTracker( 1389): com.sec.android.app.launcher:22624db6: onCancelled at PHASE_SERVER_SHOULD_HIDE
02-18 10:52:21.096 V/InputMethodManagerService( 1389): hideCurrentInputLocked : canceled, shouldHideSoftInput=false, mInputShown=false, mImeWindowVis=0
02-18 10:52:21.096 D/InputMethodManagerService( 1389): mDesktopModeManager null!
02-18 10:52:21.096 V/InputMethodManagerService( 1389): getDisplayIdOfInputMethodWindowToBeAdded: displayId=0
02-18 10:52:21.099 D/InputMethodManagerService( 1389): isImeSwitcherDisabledPackage : false
02-18 10:52:21.099 D/InputMethodManagerService( 1389): checkDisplayOfStartInputAndUpdateKeyboard: displayId=0, mFocusedDisplayId=0
02-18 10:52:21.099 D/InputTransport( 1389): Input channel constructed: 'ClientS', fd=992
02-18 10:52:21.099 D/InputTransport( 1389): Input channel destroyed: 'ClientS', fd=992
02-18 10:52:21.100 I/HBD     ( 6392): HoneyBoardService onFinishInput 
02-18 10:52:21.100 D/RestrictionPolicy( 1389): isScreenCaptureEnabled : ret=true userId=0
02-18 10:52:21.101 I/HBD     ( 6392): a IC have been unbinding,  RemoteInputConnection{idHash=#c840ab0}
02-18 10:52:21.101 I/HBD     ( 6392): HoneyBoardService [PF_CL][onFinishInput]  1 ms 
02-18 10:52:21.101 I/HBD     ( 6392): HoneyBoardService [IMI] onStartInput - caller pid : 3474 , caller uid : 10118 
02-18 10:52:21.101 I/ViewRootImpl@e0851bd[ManagePermissionsActivity](25682): stopped(true) old = false
02-18 10:52:21.101 I/HBD     ( 6392): j updateConfigs 
02-18 10:52:21.101 D/ViewRootImpl@e0851bd[ManagePermissionsActivity](25682): WindowStopped on com.google.android.permissioncontroller/com.android.permissioncontroller.permission.ui.ManagePermissionsActivity set to true
02-18 10:52:21.101 I/HBD     ( 6392): j isEnabledNightMode : true 
02-18 10:52:21.101 I/WindowManager( 1389): Cancelling animation restarting=true, leash=Surface(name=Surface(name=27a5856 InputMethod)/@0x39a0dc4 - animation-leash of insets_animation)/@0xba2259e
02-18 10:52:21.101 I/WindowManager( 1389): Reparenting to original parent: Surface(name=WindowToken{db3b6ad type=2011 android.os.Binder@61487c4})/@0x261c4ad, destroy=false, surface=Surface(name=27a5856 InputMethod)/@0x39a0dc4
02-18 10:52:21.101 I/HBD     ( 6392): a IC have been binding, RemoteInputConnection{idHash=#2db499d} 
02-18 10:52:21.101 D/OpenGLRenderer(25682): CacheManager::trimMemory(20)
02-18 10:52:21.101 I/HBD     ( 6392): h [EditorInputType]setPrivateImeOptionsToTable privateImeOptions ( null )
02-18 10:52:21.101 I/HBD     ( 6392): b incognitoMode : false 
02-18 10:52:21.101 I/WindowManager( 1389): Reparenting to leash, surface=Surface(name=27a5856 InputMethod)/@0x39a0dc4, leashParent=Surface(name=WindowToken{db3b6ad type=2011 android.os.Binder@61487c4})/@0x261c4ad
02-18 10:52:21.101 I/HBD     ( 6392): b needOff = true , isForceOff = false, isNullInputClass : true 
02-18 10:52:21.101 I/HBD     ( 6392): h getDefaultInputRange : UNKNOWN 
02-18 10:52:21.101 I/HBD     ( 6392): h getDefaultInputRange : UNKNOWN 
02-18 10:52:21.101 I/HBD     ( 6392): h getDefaultInputRange : UNKNOWN 
02-18 10:52:21.102 I/SurfaceFlinger( 1156): id=7750 createSurf, flag=24004, Surface(name=27a5856 InputMethod)/@0x39a0dc4 - animation-leash of insets_animation#7750
02-18 10:52:21.102 I/HBD     ( 6392): b needOff = true , isForceOff = false, isNullInputClass : true 
02-18 10:52:21.102 I/HBD     ( 6392): b update cached prediction status : false 
02-18 10:52:21.102 I/HBD     ( 6392): h getDefaultInputRange : UNKNOWN 
02-18 10:52:21.102 I/HBD     ( 6392): a currentState : 0 
02-18 10:52:21.102 D/WindowManager( 1389): makeSurface duration=1 leash=Surface(name=Surface(name=27a5856 InputMethod)/@0x39a0dc4 - animation-leash of insets_animation)/@0xab996d6
02-18 10:52:21.103 I/HBD     ( 6392): a [UpdatePolicy] [post] a: 0 cl: 65555 kit: [0/0] vt: 0 ir: 1 
02-18 10:52:21.103 D/InsetsSourceProvider( 1389): updateControlForTarget: control=InsetsSourceControl: {3 mType=ime mSurfacePosition=Point(0, 66) mInsetsHint=Insets{left=0, top=0, right=0, bottom=991}}, target=Window{b9a70cc u0 com.sec.android.app.launcher/com.android.quickstep.RecentsActivity}, from=com.android.server.wm.ImeInsetsSourceProvider.updateControlForTarget:165 com.android.server.wm.InsetsStateController.onControlTargetChanged:358 com.android.server.wm.InsetsStateController.onImeControlTargetChanged:302 com.android.server.wm.DisplayContent.updateImeControlTarget:5727 com.android.server.wm.DisplayContent.updateImeInputAndControlTarget:5687 
02-18 10:52:21.104 I/HBD     ( 6392): a [NRIC] resetNoResponseState 
02-18 10:52:21.104 I/HBD     ( 6392): b needOff = true , isForceOff = false, isNullInputClass : true 
02-18 10:52:21.104 I/HBD     ( 6392): b update cached prediction status : false 
02-18 10:52:21.104 I/HBD     ( 6392): b [AiWriter] setContact : com.sec.android.app.launcher
02-18 10:52:21.105 I/HBD     ( 6392): m0 EBD si S 0 
02-18 10:52:21.105 I/HBD     ( 6392): m updateContactDBLanguage : 65555 
02-18 10:52:21.105 I/HBD     ( 6392): g isCoverDisplay : false, cached selected json info : SelectedLanguageInfo(languageVersion=4.1, currentLanguageOrder=0, selectedLanguageList=[SelectedLanguage(id=65555, isUsed=true, engName=English(India), inputType=qwerty, activeOptionList=[auto_replace, auto_spacing]), SelectedLanguage(id=4521984, isUsed=true, engName=Korean, inputType=qwerty, activeOptionList=[auto_spacing]), SelectedLanguage(id=5570560, isUsed=true, engName=Hindi, inputType=qwerty_indian_vertical, activeOptionList=[auto_replace, auto_spacing])]) 
02-18 10:52:21.106 I/HBD     ( 6392): g updateSelectedLanguageCache is succeeded. English(India) 
02-18 10:52:21.109 I/InsetsController( 3474): onStateChanged: host=com.sec.android.app.launcher/com.android.quickstep.RecentsActivity, from=android.view.ViewRootImpl$ViewRootHandler.handleMessageImpl:7209, state=InsetsState: {mDisplayFrame=Rect(0, 0 - 1080, 2408), mDisplayCutout=DisplayCutout{insets=Rect(0, 66 - 0, 0) waterfall=Insets{left=0, top=0, right=0, bottom=0} boundingRect={Bounds=[Rect(0, 0 - 0, 0), Rect(468, 0 - 612, 66), Rect(0, 0 - 0, 0), Rect(0, 0 - 0, 0)]} cutoutPathParserInfo={CutoutPathParserInfo{displayWidth=1080 displayHeight=2408 physicalDisplayWidth=1080 physicalDisplayHeight=2408 density={2.8125} cutoutSpec={M 0,0 H -25.6 V 23.46666666666667 H 25.6 V 0 H 0 Z @dp} rotation={0} scale={1.0} physicalPixelDisplaySizeRatio={1.0}}}}, mRoundedCorners=RoundedCorners{[RoundedCorner{position=TopLeft, radius=0, center=Point(0, 0)}, RoundedCorner{position=TopRight, radius=0, center=Point(0, 0)}, RoundedCorner{position=BottomRight, radius=0, center=Point(0, 0)}, RoundedCorner{position=BottomLeft, radius=0, center=Point(0, 0)}]}  mRoundedCornerFrame=Rect(0, 0 - 1080, 2408), mPrivacyIndicatorBounds=PrivacyIndicatorBounds {static bounds=Rect(964, 0 - 1080, 66) rotation=0}, mDisplayShape=DisplayShape{ spec=-311912193 displayWidth=1080 displayHeight=2408 physicalPixelDisplaySizeRatio=1.0 rotation=0 offsetX=0 offsetY=0 scale=1.0}, mSources= { InsetsSource: {85ab0001 mType=navigationBars mFrame=[0,2282][1080,2408] mVisible=true mFlags=[]}, InsetsSource: {85ab0004 mType=systemGestures mFrame=[0,0][0,0] mVisible=true mFlags=[]}, InsetsSource: {85ab0005 mType=mandatorySystemGestures mFrame=[0,2282][1080,2408] mVisible=true mFlags=[]}, InsetsSource: {85ab0006 mType=tappableElement mFrame=[0,2282][1080,2408] mVisible=true mFlags=[]}, InsetsSource: {85ab0024 mType=systemGestures mFrame=[0,0][0,0] mVisible=true mFlags=[]}, InsetsSource: {3 mType=ime mFrame=[0,0][0,0] mVisible=false mFlags=[]}, InsetsSource: {27 mType=displayCutout mFrame=[0,0][1080,66] mVisible=true mFlags=[]}, InsetsSource: {199a0000 mType=statusBars mFrame=[0,0][1080,66] mVisible=true mFlags=[]}, InsetsSource: {199a0005 mType=mandatorySystemGestures mFrame=[0,0][1080,98] mVisible=true mFlags=[]}, InsetsSource: {199a0006 mType=tappableElement mFrame=[0,0][1080,66] mVisible=true mFlags=[]} }
02-18 10:52:21.110 I/InsetsSourceConsumer( 3474): applyRequestedVisibilityToControl: visible=false, type=ime, host=com.sec.android.app.launcher/com.android.quickstep.RecentsActivity
02-18 10:52:21.111 D/InputMethodManagerService( 1389): isImeSwitcherDisabledPackage : false
02-18 10:52:21.110 I/SDHMS:C ( 5651): SIOP:: AP:354 BAT:334 USB:0 CHG:410 PA:346 WIFI:350 BLK:0 SUBBAT:0 SKIN:357 LRP:357 LRP2:357 LRF2:342 LRB2:357 AP2:357 CHG2:351 WIFI2:356 SPK2:329 VAP:371 
02-18 10:52:21.112 I/HBD     ( 6392): l writeToFile path : /data/user/0/com.samsung.android.honeyboard/files/selected.json 
02-18 10:52:21.112 I/HBD     ( 6392): l writeToFile json : {"version":"4.1","currentLanguageOrder":0,"selected":[{"activeOptionList":["auto_replace","auto_spacing"],"engName":"English(India)","id":65555,"inputType":"qwerty","isUsed":true},{"activeOptionList":["auto_spacing"],"engName":"Korean","id":4521984,"inputType":"qwerty","isUsed":true},{"activeOptionList":["auto_replace","auto_spacing"],"engName":"Hindi","id":5570560,"inputType":"qwerty_indian_vertical","isUsed":true}]} 
02-18 10:52:21.112 D/NavigationBar( 2953): setImeWindowStatus displayId=0 vis=0 backDisposition=0 showImeSwitcher=false imeShown=false
02-18 10:52:21.113 I/WallpaperService( 2953): resized: system, reportDraw=false, forceLayout=false, displayId=0
02-18 10:52:21.113 I/WallpaperService( 2953): handleResized: which=5, reportDraw=false
02-18 10:52:21.113 I/WallpaperService( 2953): updateSurface system forceRelayout=true forceReport=false redrawNeeded=false myWidth=-1 myHeight=-1 fixedSize=false x = 0 y = 0 mWidth=-1 mHeight=-1
02-18 10:52:21.113 I/ViewRootImpl@1da77ca[RecentsActivity]( 3474): Resizing android.view.ViewRootImpl@30b4dbc: frame = [0,0][1080,2408] reportDraw = false forceLayout = false syncSeqId = -1
02-18 10:52:21.113 I/WallpaperService( 2953): maxBounds : Rect(0, 0 - 1080, 2408) , mDeviceHeight : 2408, mDeviceWidth : 1080,mDeviceRotation  : 0
02-18 10:52:21.113 I/WallpaperService( 2953): updateSurface: invoke Session.relayout
02-18 10:52:21.113 I/ViewRootImpl@36102cb[StatusBar]( 2953): Resizing android.view.ViewRootImpl@78a5d2: frame = [0,0][1080,66] reportDraw = false forceLayout = false syncSeqId = -1
02-18 10:52:21.113 I/ViewRootImpl@1da77ca[RecentsActivity]( 3474): handleResized, msg = 4 frames=ClientWindowFrames{frame=[0,0][1080,2408] display=[0,0][1080,2408] parentFrame=[0,0][0,0]} forceNextWindowRelayout=false displayId=0 dragResizing=false compatScale=1.0 frameChanged=false attachedFrameChanged=false configChanged=false displayChanged=false compatScaleChanged=false
02-18 10:52:21.113 I/ViewRootImpl@4f7ff23[NavigationBar0]( 2953): Resizing android.view.ViewRootImpl@88b50e7: frame = [0,2282][1080,2408] reportDraw = false forceLayout = false syncSeqId = -1
02-18 10:52:21.114 I/ViewRootImpl@36102cb[StatusBar]( 2953): handleResized, msg = 4 frames=ClientWindowFrames{frame=[0,0][1080,66] display=[0,0][1080,2408] parentFrame=[0,0][0,0]} forceNextWindowRelayout=false displayId=0 dragResizing=false compatScale=1.0 frameChanged=false attachedFrameChanged=false configChanged=false displayChanged=false compatScaleChanged=false
02-18 10:52:21.114 I/ViewRootImpl@4f7ff23[NavigationBar0]( 2953): handleResized, msg = 4 frames=ClientWindowFrames{frame=[0,2282][1080,2408] display=[0,0][1080,2408] parentFrame=[0,0][0,0]} forceNextWindowRelayout=false displayId=0 dragResizing=false compatScale=1.0 frameChanged=false attachedFrameChanged=false configChanged=false displayChanged=false compatScaleChanged=false
02-18 10:52:21.114 V/WindowManager( 1389): Relayout Window{241ed7e u0 com.android.systemui.wallpapers.ImageWallpaper_system}: viewVisibility=0 req=-1x-1 ty=2013 d0
02-18 10:52:21.115 I/HBD     ( 6392): l writeToFile complete 
02-18 10:52:21.115 I/Layer   ( 1156): Layer::reparent [ImeContainer#17] newParent : ActivityRecord{a9de63c u0 com.sec.android.app.launcher/com.android.quickstep.RecentsActivity t624}#130 , isRemovedFromCurrentState : 0 -------------------------
02-18 10:52:21.115 I/Layer   ( 1156): Layer::reparent [ImeContainer#17] End -------------------------
02-18 10:52:21.115 I/Layer   ( 1156): Layer::reparent [27a5856 InputMethod#139] newParent : Surface(name=27a5856 InputMethod)/@0x39a0dc4 - animation-leash of insets_animation#7750 , isRemovedFromCurrentState : 0 -------------------------
02-18 10:52:21.115 I/Layer   ( 1156): Layer::reparent [27a5856 InputMethod#139] End -------------------------
02-18 10:52:21.115 I/Layer   ( 1156): Layer::reparent [Surface(name=27a5856 InputMethod)/@0x39a0dc4 - animation-leash of insets_animation#7740] newParentHandle : null -------------------------
02-18 10:52:21.115 I/Layer   ( 1156): id=7740 removeFromCurrentState Surface(name=27a5856 InputMethod)/@0x39a0dc4 - animation-leash of insets_animation#7740 (112)
02-18 10:52:21.115 I/Layer   ( 1156): Layer::reparent [Surface(name=27a5856 InputMethod)/@0x39a0dc4 - animation-leash of insets_animation#7740] End -------------------------
02-18 10:52:21.116 I/HBD     ( 6392): g isCoverDisplay : false, cached selected json info : SelectedLanguageInfo(languageVersion=4.1, currentLanguageOrder=0, selectedLanguageList=[SelectedLanguage(id=65555, isUsed=true, engName=English(India), inputType=qwerty, activeOptionList=[auto_replace, auto_spacing]), SelectedLanguage(id=4521984, isUsed=true, engName=Korean, inputType=qwerty, activeOptionList=[auto_spacing]), SelectedLanguage(id=5570560, isUsed=true, engName=Hindi, inputType=qwerty_indian_vertical, activeOptionList=[auto_replace, auto_spacing])]) 
02-18 10:52:21.116 I/HBD     ( 6392): n updateActionOptionFromPreference  
02-18 10:52:21.116 I/HBD     ( 6392): n before lang.activeOptionList =  [Ljava.lang.String;@4d2a2e5 
02-18 10:52:21.116 I/HBD     ( 6392): n after lang.activeOptionList = [Ljava.lang.String;@96fb9e3 
02-18 10:52:21.118 I/HBD     ( 6392): l writeToFile path : /data/user/0/com.samsung.android.honeyboard/files/selected.json 
02-18 10:52:21.118 I/HBD     ( 6392): l writeToFile json : {"version":"4.1","currentLanguageOrder":0,"selected":[{"activeOptionList":["auto_replace","auto_spacing"],"engName":"English(India)","id":65555,"inputType":"qwerty","isUsed":true},{"activeOptionList":["auto_spacing"],"engName":"Korean","id":4521984,"inputType":"qwerty","isUsed":true},{"activeOptionList":["auto_replace","auto_spacing"],"engName":"Hindi","id":5570560,"inputType":"qwerty_indian_vertical","isUsed":true}]} 
02-18 10:52:21.120 I/HBD     ( 6392): l Write selected lang for DE  
02-18 10:52:21.121 I/HBD     ( 6392): l writeToFile complete 
02-18 10:52:21.123 I/HBD     ( 6392): m normal : updateLanguage : English(India) 
02-18 10:52:21.123 I/HBD     ( 6392): l Write selected lang for DE  
02-18 10:52:21.123 I/HBD     ( 6392): g isCoverDisplay : false, cached selected json info : SelectedLanguageInfo(languageVersion=4.1, currentLanguageOrder=0, selectedLanguageList=[SelectedLanguage(id=65555, isUsed=true, engName=English(India), inputType=qwerty, activeOptionList=[auto_replace, auto_spacing]), SelectedLanguage(id=4521984, isUsed=true, engName=Korean, inputType=qwerty, activeOptionList=[auto_spacing]), SelectedLanguage(id=5570560, isUsed=true, engName=Hindi, inputType=qwerty_indian_vertical, activeOptionList=[auto_replace, auto_spacing])]) 
02-18 10:52:21.124 I/HBD     ( 6392): g isCoverDisplay : false, cached selected json info : SelectedLanguageInfo(languageVersion=4.1, currentLanguageOrder=0, selectedLanguageList=[SelectedLanguage(id=65555, isUsed=true, engName=English(India), inputType=qwerty, activeOptionList=[auto_replace, auto_spacing]), SelectedLanguage(id=4521984, isUsed=true, engName=Korean, inputType=qwerty, activeOptionList=[auto_spacing]), SelectedLanguage(id=5570560, isUsed=true, engName=Hindi, inputType=qwerty_indian_vertical, activeOptionList=[auto_replace, auto_spacing])]) 
02-18 10:52:21.124 I/HBD     ( 6392): n updateActionOptionFromPreference  
02-18 10:52:21.124 I/HBD     ( 6392): n before lang.activeOptionList =  [Ljava.lang.String;@96fb9e3 
02-18 10:52:21.124 I/HBD     ( 6392): n after lang.activeOptionList = [Ljava.lang.String;@27e299 
