--------- beginning of main
02-18 10:52:04.987 D/WifiConnectivityMonitor.NetworkStatsAnalyzer( 1389): Backhaul result - RSSI:-64, CE:11, PE:11, TI:15, PTI:15, TW:5, PTW:5, Tx:5, Rx:3, TxS:2, RxS:2, RESULT:true, IC:0, ICT:5, WC:0, WCT:5, R:0, RC:0, IE:0, EC:0
02-18 10:52:05.214 I/vendor.qti.bluetooth@1.0-ibs_handler(  948): ProcessIbsCmd: Received IBS_WAKE_IND: 0xFD
02-18 10:52:05.214 D/vendor.qti.bluetooth@1.0-ibs_handler(  948): SerialClockVote: vote for UART CLK ON
02-18 10:52:05.221 D/vendor.qti.bluetooth@1.0-wake_lock(  948): Acquire wakelock is acquired 
02-18 10:52:05.221 I/vendor.qti.bluetooth@1.0-ibs_handler(  948): ProcessIbsCmd: Writing IBS_WAKE_ACK
02-18 10:52:05.231 D/BtGatt.GattService( 3611): onScanResult to scannerId: 8- eventType=0x0, addressType=1, address=XX:XX:XX:XX:FA:5C, primaryPhy=1, secondaryPhy=1, advertisingSid=0x1, txPower=127, rssi=-56, periodicAdvInt=0x0
02-18 10:52:05.233 D/BtGatt.GattService( 3611): onScanResult to scannerId: 8- eventType=0x1, addressType=1, address=XX:XX:XX:XX:30:14, primaryPhy=1, secondaryPhy=1, advertisingSid=0x4, txPower=127, rssi=-87, periodicAdvInt=0x0
02-18 10:52:05.270 I/vendor.qti.bluetooth@1.0-ibs_handler(  948): ProcessIbsCmd: Received IBS_SLEEP_IND: 0xFE
02-18 10:52:05.270 D/vendor.qti.bluetooth@1.0-ibs_handler(  948): SerialClockVote: vote for UART CLK OFF
02-18 10:52:05.275 I/vendor.qti.bluetooth@1.0-ibs_handler(  948): ProcessIbsCmd: Received IBS_WAKE_IND: 0xFD
02-18 10:52:05.275 D/vendor.qti.bluetooth@1.0-ibs_handler(  948): SerialClockVote: vote for UART CLK ON
02-18 10:52:05.276 I/vendor.qti.bluetooth@1.0-ibs_handler(  948): ProcessIbsCmd: Writing IBS_WAKE_ACK
02-18 10:52:05.281 D/BtGatt.GattService( 3611): onScanResult to scannerId: 8- eventType=0x0, addressType=1, address=XX:XX:XX:XX:3C:B5, primaryPhy=1, secondaryPhy=1, advertisingSid=0x2, txPower=127, rssi=-77, periodicAdvInt=0x0
--------- beginning of system
02-18 10:52:05.283 D/io_stats(  634): !@   8,0 r 15533089 407342540 w 5832912 81704808 d 1473843 86170660 f 0 0 iot 6841676 0 th 0 0 0 pt 0 inp 0 0 80506.736
02-18 10:52:05.288 I/NearbyConnections( 5054): Found BleAdvertisement [ 0x23 0xfc 0x9f 0x5e 0x53 0x52 0x33 0x51 0x17 0x06 0x5f 0x2c 0x59 0xd4 0x69 0xbf 0x0a 0xc9 0x86 0x6f 0x8c 0xe6 0xdc 0xa2 0x29 0x89 0x05 0x4e 0x65 0x74 0x68 0x61 0x50 0xeb 0x71 0x31 0xdc 0xd2 0x00 0x00 ] (with EndpointId SR3Q and EndpointInfo [ 0x06 0x5f 0x2c 0x59 0xd4 0x69 0xbf 0x0a 0xc9 0x86 0x6f 0x8c 0xe6 0xdc 0xa2 0x29 0x89 0x05 0x4e 0x65 0x74 0x68 0x61 ])
02-18 10:52:05.290 I/NearbyConnections( 5054): Unable to record discovered endpoint due to null currentDiscoveryPhase
02-18 10:52:05.291 I/NearbyConnections( 5054): ClientProxy(237473778 0p:com.google.android.gms.nearby.sharing) reporting onEndpointFound(SR3Q)
02-18 10:52:05.293 I/NearbyConnections( 5054): ClientProxy(237473778) reporting onEndpointDistanceChanged(SR3Q, UNKNOWN)
02-18 10:52:05.295 I/NearbySharing( 5054): NearbySharing Internal event EndpointDiscovered(endpointId=SR3Q)
02-18 10:52:05.317 I/vendor.qti.bluetooth@1.0-ibs_handler(  948): ProcessIbsCmd: Received IBS_SLEEP_IND: 0xFE
02-18 10:52:05.318 D/vendor.qti.bluetooth@1.0-ibs_handler(  948): SerialClockVote: vote for UART CLK OFF
02-18 10:52:05.320 I/vendor.qti.bluetooth@1.0-ibs_handler(  948): ProcessIbsCmd: Received IBS_WAKE_IND: 0xFD
02-18 10:52:05.320 D/vendor.qti.bluetooth@1.0-ibs_handler(  948): SerialClockVote: vote for UART CLK ON
02-18 10:52:05.320 I/vendor.qti.bluetooth@1.0-ibs_handler(  948): ProcessIbsCmd: Writing IBS_WAKE_ACK
02-18 10:52:05.328 I/NearbySharing( 5054): [NS_DISCOVERY] DiscoveryController reported Discovered(endpointId=SR3Q, metadata=DeviceMetadata(version=0, deviceType=3, deviceName=Netha, displayName=null, modelName=null, imageUri=null, isSelfShare=false, isKnown=false, bluetoothMacAddress=null, vendorId=0, matchesLocalQrCode=false))
02-18 10:52:05.329 I/NearbySharing( 5054): [NS_DEBUG] Dedupped: same endpoint ID SR3Q
02-18 10:52:05.329 I/NearbySharing( 5054): {NS_DEBUG] previous receiver info ReceiverInfo(endpointId=SR3Q, metadata=DeviceMetadata(version=0, deviceType=3, deviceName=Netha, displayName=null, modelName=null, imageUri=null, isSelfShare=false, isKnown=false, bluetoothMacAddress=null, vendorId=0, matchesLocalQrCode=false), state=Tomb(delayedStateChangeJob=jchh{Active}@338194a))
02-18 10:52:05.330 I/NearbySharing( 5054): NearbySharing Internal event ReceiverEndpointMapping(endpointId=SR3Q, receiverId=1)
02-18 10:52:05.331 I/NearbySharing( 5054): [NS_CONTROL] DiscoveryStateManager emitted ReportDiscovered(id=1, metadata=DeviceMetadata(version=0, deviceType=3, deviceName=Netha, displayName=null, modelName=null, imageUri=null, isSelfShare=false, isKnown=false, bluetoothMacAddress=null, vendorId=0, matchesLocalQrCode=false)).
02-18 10:52:05.332 I/NearbySharing( 5054): NearbySharing Internal event ReceiverDiscovered(receiverId=1, deviceName=Netha, isKnown=false, isSelfShare=false, deviceType=3, hasMatchingQrCode=false, isExternal=false, providerName=null, providerId=null, cloudReceiverSessionId=null)
02-18 10:52:05.332 I/NearbySharing( 5054): SendManager event Discovered(receiverId=1, receiverMetadata=DeviceMetadata(version=0, deviceType=3, deviceName=Netha, displayName=null, modelName=null, imageUri=null, isSelfShare=false, isKnown=false, bluetoothMacAddress=null, vendorId=0, matchesLocalQrCode=false))
02-18 10:52:05.333 I/NearbySharing( 5054): SendManager event DistanceChanged(receiverId=1, distance=1, rangingData=null)
02-18 10:52:05.366 I/vendor.qti.bluetooth@1.0-ibs_handler(  948): ProcessIbsCmd: Received IBS_SLEEP_IND: 0xFE
02-18 10:52:05.366 D/vendor.qti.bluetooth@1.0-ibs_handler(  948): SerialClockVote: vote for UART CLK OFF
02-18 10:52:05.368 I/android.hardware.health@2.1-service-samsung(  956): updateLrpSysfs: write: 359
02-18 10:52:05.369 D/BatteryService( 1389): Sending ACTION_BATTERY_CHANGED: level:56, status:2, health:2, remain:3736, ac:false, usb:true, wireless:false, pogo:false, misc:0x10000, charge_type:1, charger_type:0, voltage:3961, temperature:334, online:4, charging_status:0, cycle_count:0, current_avg:1152, ps:false, hvc:false, capacity:280000, current_event:0x8000, current_now:1242, mcc:0, mcv:0, cc:2815000, present:true, scale:100, technology:Li-ion
02-18 10:52:05.376 I/DeviceBatteryInfoService( 1389): action: android.intent.action.BATTERY_CHANGED
02-18 10:52:05.376 I/DeviceBatteryInfoService( 1389): phone battery level: 56
02-18 10:52:05.376 I/DeviceBatteryInfoService( 1389): phone battery status: 2
02-18 10:52:05.380 D/MotionRecognitionService( 1389): [SAR]  onReceive : ACTION_BATTERY_CHANGED, Plugged: 2
02-18 10:52:05.386 D/SamsungBatteryMeterDrawable( 2953): onBatteryLevelChanged isSomethingChanged: false
02-18 10:52:05.387 D/SamsungBatteryMeterDrawable( 2953): onBatteryLevelChanged isSomethingChanged: false
02-18 10:52:05.388 D/SemBigDataInfoController( 3241): Intent: android.intent.action.BATTERY_CHANGED
02-18 10:52:05.388 D/SamsungBatteryMeterDrawable( 2953): onBatteryLevelChanged isSomethingChanged: false
02-18 10:52:05.392 I/[SCPMV2][SystemMonitorReceiver](16935): onReceive: android.intent.action.BATTERY_CHANGED
02-18 10:52:05.393 D/SemBigDataInfoController( 3241): Intent: android.intent.action.BATTERY_CHANGED
02-18 10:52:05.393 I/PowerUI ( 2953): mBootCompleted = true |  mFullyConnected = true
02-18 10:52:05.393 I/PowerUI ( 2953): BATTERY_HEALTH_CHECK extraHealth=2 mBatteryMiscEvent=65536
02-18 10:52:05.393 W/PowerUI ( 2953): Plug reason
02-18 10:52:05.393 W/PowerUI ( 2953): Skip charging animation - by plug status
02-18 10:52:05.394 D/PowerUI ( 2953): priorPlugType = 2 mPlugType = 2 priorBatteryStatus = 2 mBatteryStatus = 2
02-18 10:52:05.394 W/PowerUI ( 2953): Plug reason
02-18 10:52:05.394 W/PowerUI ( 2953): Skip charging sound - by plug status
02-18 10:52:05.394 I/PowerUI ( 2953): oldMisalign : false, curMisalign : false
02-18 10:52:05.394 D/SecPowerUI.Notification( 2953): dismissing low battery warning: level=56
02-18 10:52:05.394 D/SecPowerUI.Notification( 2953): updateNotification mWarning=false mPlaySound=false
02-18 10:52:05.394 D/SecPowerUI.Notification( 2953): SecBatteryStatsSnapshot{batteryLevel=56, currentBatteryMode=0, chargingTime=3736000, chargingType=11, batteryHealth=2, automaticTestMode=false, isHiccupState=false, optChargingFinishTime=}
02-18 10:52:05.396 D/SecPowerUI.Notification( 2953): 1. restoreScreenTimeOut - saved_value : :
02-18 10:52:05.396 E/SecPowerUI.Notification( 2953): no saved value, so we do nothing !!
02-18 10:52:05.396 D/SecPowerUI.Notification( 2953): showChargingNotice oldChargingType : 11 / currentChargingType : 11, oldChargingTime : 3736000 / mChargingTime : 3736000
02-18 10:52:05.396 D/SecPowerUI.Notification( 2953): showChargingNotice User swipe, so return!
02-18 10:52:05.396 D/PowerUI ( 2953): Battery swelling mode - priorBatterySwellingMode = 0 mBatterySwellingMode = 0 mBatteryStatus = 2
02-18 10:52:05.397 I/PowerUI ( 2953): mBatteryMiscEvent = 65536
02-18 10:52:05.397 I/PowerUI ( 2953): checkRestoreProtectBattery pb value : 0, Scheduling start ? : false
02-18 10:52:05.397 I/PowerUI ( 2953): Clear time
02-18 10:52:05.399 D/KNOX_MDM_SettingsProvider( 1389): isChangeAllowed() : name = ltc_highsoc_exceed_time
02-18 10:52:05.399 D/KNOX_MDM_SettingsProvider( 1389): edmUri: content://com.sec.knox.provider/RestrictionPolicy3
02-18 10:52:05.399 D/KNOX_MDM_SettingsProvider( 1389): projectionArgs: isSettingsChangesAllowed
02-18 10:52:05.399 D/KNOX_MDM_SettingsProvider( 1389): selectionArgs: false
02-18 10:52:05.399 D/KNOX_MDM_SettingsProvider( 1389): selectionArgs: 10046
02-18 10:52:05.399 D/SecContentProvider( 1389): query(), uri = 17 selection = isSettingsChangesAllowed
02-18 10:52:05.399 D/SecContentProvider( 1389): called from android.uid.systemui:10046
02-18 10:52:05.400 I/NearbySharing( 5054): ShortcutInfoManager added shortcut Netha
02-18 10:52:05.400 D/RestrictionPolicy( 1389): isSettingsChangesAllowedAsUser, userId 0 : true
02-18 10:52:05.400 D/KNOX_MDM_SettingsProvider( 1389): ret = 1
02-18 10:52:05.401 I/PowerUI ( 2953): checkBatteryProtectionNotification : 2, pb value : 0, plugType : 2, level : 56
02-18 10:52:05.401 D/SecPowerUI.Notification( 2953): SecBatteryStatsSnapshot{batteryLevel=56, currentBatteryMode=0, chargingTime=3736000, chargingType=11, batteryHealth=2, automaticTestMode=false, isHiccupState=false, optChargingFinishTime=}
02-18 10:52:05.403 I/AODBatteryManager( 2953): updateBatteryData: ACTION_BATTERY_CHANGED
02-18 10:52:05.405 I/AODBatteryManager( 2953): saveBatteryData : AOD BatteryData [mBatteryLevel=56, mBatteryStatus=CHARGING, mBatteryPlugType=USB, mBatteryPlugged=true, mRemainingChargeTime=3736000, mBatteryChargingType=1, mBatteryChargerType=NORMAL, mBatteryOnline=USB, mBatterySwellingMode=NONE, mBatteryProtectMode=false, mBatteryProtectModeType=1, mSleepChargingEvent=null, mSleepChargingEventFinishTime=null]
02-18 10:52:05.405 D/KeyguardUpdateMonitor( 2953): handleBatteryUpdate
02-18 10:52:05.500 I/SemExecuteManagerService( 1389): onShortcutChanged: com.google.android.gms0
02-18 10:52:05.516 D/vendor.qti.bluetooth@1.0-wake_lock(  948): Release wakelock is released 
02-18 10:52:05.537 I/HoneySpace.PackageOperationTracker( 3474): onShortcutsChanged com.google.android.gms - 1 UserHandle{0}
02-18 10:52:05.541 I/HoneySpace.ShortcutDataSourceImpl( 3474): shortcut updated. ShortcutInfo {id=***, flags=0x2489 [DynIc-fStrRetsLiv], packageName=com.google.android.gms, activity=ComponentInfo{com.google.android.gms/com.google.android.gms.nearby.sharing.main.MainActivity}, shortLabel=***, resId=0[null], longLabel=***, resId=0[null], disabledMessage=***, resId=0[null], disabledReason=[Not disabled], categories={com.google.android.gms.nearby.sharing.main.SHARE_TARGET}, persons=null, icon=null, rank=0, timestamp=1771392125398, intents=null, extras=PersistableBundle[mParcelledData.dataSize=732]}
02-18 10:52:05.541 I/HoneySpace.HoneySpaceManagerContainer( 3474): packageUpdateEvent - com.honeyspace.sdk.source.entity.PackageOperation$ShortcutChanged@342e446
02-18 10:52:05.670 I/sensors-hal(  964): handle_sns_client_event:229, auto_rotation_event_2: mode:255, type:1:0/0.156,0.546,9.868, ar:0
02-18 10:52:05.807 W/Settings( 3333): Setting wifi_on has moved from android.provider.Settings.System to android.provider.Settings.Secure, returning read-only value.
02-18 10:52:05.807 W/Settings( 3333): Setting wifi_on has moved from android.provider.Settings.Secure to android.provider.Settings.Global.
02-18 10:52:05.808 D/ConnectivityService( 1389): notifyType CALLBACK_CAP_CHANGED for [341 WIFI]
02-18 10:52:05.820 I/HBD     ( 6392): g onCapabilitiesChanged network : 341 current network state : wifi 
02-18 10:52:05.821 D/SemWifiUsabilityStatsMonitor( 1389): onWifiUsabilityStats - seqNum 5184, isSameBssidAndFreq true
02-18 10:52:05.825 D/WifiInteractor( 2953): get wifiIconGroup ePDGConnected : false
02-18 10:52:05.825 D/WifiInteractor( 2953): get wifiIconGroup ePDGConnected : false
02-18 10:52:05.827 W/JobService( 3788): onNetworkChanged() not implemented in androidx.work.impl.background.systemjob.SystemJobService. Must override in a subclass.
02-18 10:52:05.838 I/EPDG -- SIM0 [SMARTWIFI]( 3333): Rssi : -57 highrange : -75 lowrange : -85 mIsRssiInHystersis : false
02-18 10:52:05.838 I/EPDG -- SIM0 [SMARTWIFI]( 3333): Rssi : -57 highrange : -75 lowrange : -85 mIsRssiInHystersis : false
02-18 10:52:05.838 I/EPDG -- SIM0 [SMARTWIFI]( 3333): getHandoverThresholdMet: value is: false
02-18 10:52:05.840 I/NullBinder( 5054): NullBinder for android.net.action.RECOMMEND_NETWORKS triggering remote TransactionTooLargeException due to Service without Chimera impl, calling uid: 1000, calling pid: 0
02-18 10:52:05.840 W/.gms.persistent( 5054): Large reply transaction of 1056768 bytes, interface descriptor , code 1
02-18 10:52:05.844 D/SemWifiApNsd:Client( 1389): lpInterface:wlan0
02-18 10:52:05.844 I/BugleRcsEngine(14555): handleMessage processing message:[NOTIFY_UPTIME_IGNORE_STATE_CHANGED] with [non-null]:RcsEngineImpl reference [CONTEXT log_prefix="RcsEngineImpl[DUAL_REG]:[ab740ebc-7417]>Handler" thread_id=425 ]
02-18 10:52:05.844 D/SemWifiSwitchForIndividualAppsService( 1389): stopTCPMonitoring : already stopped
02-18 10:52:05.844 I/WifiConnectivityMonitor.NCC( 1389): sNetworkCallback(oCC) FULL : 341(valid: true/captive: false)
02-18 10:52:05.845 I/WifiConnectivityMonitor.NCC( 1389): [ Transports: WIFI Capabilities: NOT_METERED&INTERNET&NOT_RESTRICTED&TRUSTED&NOT_VPN&VALIDATED&NOT_ROAMING&FOREGROUND&NOT_CONGESTED&NOT_SUSPENDED&NOT_VCN_MANAGED LinkUpBandwidth>=4358Kbps LinkDnBandwidth>=60000Kbps TransportInfo: <SSID: <unknown ssid>, BSSID: 02:00:00:**:**:00, MAC: 02:00:00:**:**:00, IP: /192.***.***.178, Security type: 2, Supplicant state: COMPLETED, Wi-Fi standard: 5, RSSI: -57, Link speed: 390Mbps, Tx Link speed: 390Mbps, Max Supported Tx Link speed: 433Mbps, Rx Link speed: 390Mbps, Max Supported Rx Link speed: 433Mbps, Frequency: 5240MHz, Net ID: -1, Metered hint: false, score: 60, isUsable: true, CarrierMerged: false, SubscriptionId: -1, IsPrimary: 1, Trusted: true, Restricted: false, Ephemeral: false, OEM paid: false, OEM private: false, OSU AP: false, FQDN: <none>, Provider friendly name: <none>, Requesting package name: <none><none>MLO Information: , Is TID-To-Link negotiation supported by the AP: false, AP MLD Address: <none>, AP MLO Link Id: <none>, AP MLO Affiliated links: <none>> SignalStrength: -57 AdminUids: [1000] SSID: "GANGULASHRESTA 9325" UnderlyingNetworks: Null]
02-18 10:52:05.845 I/VSyncReactor( 1156): Current= 60, Period= 60, hwcPeriod= 60
02-18 10:52:05.846 D/WifiConnectivityMonitor( 1389): HANDLE_ON_CAPABILITIES_CHANGED
02-18 10:52:05.847 I/WifiConnectivityMonitor( 1389): determineMode : MODE_NON_SWITCHABLE_BY_POOR_NETWORK_DETECTION_DISABLED
02-18 10:52:05.847 D/OpenNetworkQos[4.00]( 1389): updateBssidNoInternet: mBssidNoInternet = false
02-18 10:52:05.847 D/OpenNetworkQos[4.00]( 1389): getOpenNetworkQosNoInternetStatus: false
02-18 10:52:05.847 D/OpenNetworkQos[4.00]( 1389): getOpenNetworkQosScores: 30 26 0 
02-18 10:52:05.847 D/KNOX_MDM_SettingsProvider( 1389): isChangeAllowed() : name = wifi_wcm_qos_sharing_score_summary
02-18 10:52:05.847 I/WifiProfileShare( 1389): network QoS data was changed (internet), updateQoSData networkType: true, qosData: false
02-18 10:52:05.847 V/WifiProfileShare.Caster( 1389): update wips network, size: 0
02-18 10:52:05.848 D/WifiProfileShare( 1389): nearby scanning settings run
02-18 10:52:05.848 D/WifiProfileShare( 1389): network score provider settings enabled
02-18 10:52:05.848 I/BugleRcsEngine(14555): Cannot use CS.apk as it's battery optimized [CONTEXT thread_id=425 ]
02-18 10:52:05.848 D/OpenNetworkQos[4.00]( 1389): getOpenNetworkQosScores: 30 26 0 
02-18 10:52:05.848 D/OpenNetworkQos[4.00]( 1389): getOpenNetworkQosNoInternetStatus: false
02-18 10:52:05.848 I/WifiProfileShare.Caster( 1389): current network type: 0, score: [30, 26, 0]
02-18 10:52:05.849 V/WifiProfileShare.Cache( 1389): update network score de:46:28:**:**:0c
02-18 10:52:05.849 D/WifiProfileShare.ScanMatcher( 1389): getMcfDataList size:1
02-18 10:52:05.850 I/WifiProfileShare.Caster( 1389): qos data was updated , before:type:QOS, pBssid:b8:45:d2, qosData:78 after:type:QOS, pBssid:b8:45:d2, qosData:78
02-18 10:52:05.851 I/BugleRcsEngine(14555): Connected state: [1], networkType: [WIFI] [CONTEXT thread_id=418 ]
02-18 10:52:05.851 I/[MCFSDK_android_1.2.13040]_4_McfCasterImpl( 1389): isNetworkEnabled - type : 1 ret : true
02-18 10:52:05.851 D/WifiProfileShare.McfCast( 1389): -ME--- mIsNetworkEnabled :true
02-18 10:52:05.851 D/WifiProfileShare.McfCast( 1389): updateQoSData ignored, same contents
02-18 10:52:05.851 D/WifiProfileShare.MCF( 1389): success update QosData !
02-18 10:52:05.852 I/[MCFSDK_android_1.2.13040]_4_McfCasterImpl( 1389): isNetworkEnabled - type : 1 ret : true
02-18 10:52:05.852 D/WifiProfileShare.McfCast( 1389): -ME--- mIsNetworkEnabled :true
02-18 10:52:05.852 D/WifiProfileShare.McfCast( 1389): -ME--- updatePasswordDate pwdData size:1
02-18 10:52:05.857 D/StatusBarIconController( 2953): ignoring old pipeline callback because the new wifi icon is enabled
02-18 10:52:05.857 D/StatusBarIconController( 2953): ignoring old pipeline callback because the new wifi icon is enabled
02-18 10:52:05.924 I/HBD     ( 6392): g onCapabilityChanged  setNetworkState currentNetworkState : wifi 
02-18 10:52:06.347 I/NearbySharing( 5054): Network state changed: NetworkState(isRestricted=false, isOnline=true, isCongested=false, isMetered=false, isWifiConnected=true)
02-18 10:52:07.063 I/vendor.qti.bluetooth@1.0-ibs_handler(  948): ProcessIbsCmd: Received IBS_WAKE_IND: 0xFD
02-18 10:52:07.063 D/vendor.qti.bluetooth@1.0-ibs_handler(  948): SerialClockVote: vote for UART CLK ON
02-18 10:52:07.068 D/vendor.qti.bluetooth@1.0-wake_lock(  948): Acquire wakelock is acquired 
02-18 10:52:07.068 I/vendor.qti.bluetooth@1.0-ibs_handler(  948): ProcessIbsCmd: Writing IBS_WAKE_ACK
02-18 10:52:07.079 D/BtGatt.GattService( 3611): onScanResult to scannerId: 3- eventType=0x1b, addressType=1, address=XX:XX:XX:XX:85:87, primaryPhy=1, secondaryPhy=0, advertisingSid=0xff, txPower=127, rssi=-82, periodicAdvInt=0x0
02-18 10:52:07.082 D/BtGatt.GattService( 3611): onScanResult to scannerId: 8- eventType=0x1, addressType=1, address=XX:XX:XX:XX:30:14, primaryPhy=1, secondaryPhy=1, advertisingSid=0x4, txPower=127, rssi=-80, periodicAdvInt=0x0
02-18 10:52:07.089 I/NearbyDiscovery( 5054): (REDACTED) BloomFilterAdvManager: Detected bloom filter but too far away, ignoring. %sm, %s
02-18 10:52:07.092 D/BtGatt.GattService( 3611): onScanResult to scannerId: 8- eventType=0x10, addressType=1, address=XX:XX:XX:XX:13:32, primaryPhy=1, secondaryPhy=0, advertisingSid=0xff, txPower=127, rssi=-60, periodicAdvInt=0x0
02-18 10:52:07.126 I/vendor.qti.bluetooth@1.0-ibs_handler(  948): ProcessIbsCmd: Received IBS_SLEEP_IND: 0xFE
02-18 10:52:07.127 D/vendor.qti.bluetooth@1.0-ibs_handler(  948): SerialClockVote: vote for UART CLK OFF
02-18 10:52:07.135 D/StatusBarIconController( 2953): ignoring old pipeline callbacks, because the new mobile icons are enabled
02-18 10:52:07.136 I/EPDG -- SIM0 [SMARTCELLULAR]( 3333): onSignalStrengthsChanged: SignalStrength:{mCdma=Invalid,mGsm=Invalid,mWcdma=Invalid,mTdscdma=Invalid,mLte=CellSignalStrengthLte: rssi=-73 rsrp=-102 rsrq=-13 rssnr=0 cqiTableIndex=2147483647 cqi=2147483647 ta=2147483647 level=3 parametersUseForLevel=0,mNr=Invalid,SignalBarInfo{ lteLevel=3 },rat=14,primary=CellSignalStrengthLte}
02-18 10:52:07.137 I/EPDG -- SIM0 [SMARTCELLULAR]( 3333): lastLteRSRP is -102 currentLteRSRP is -102 lastLteRSRQ is -13 currentLteRSRQ is -13 lastLteSNR is -1 currentLteSNR is 0
02-18 10:52:07.150 I/reSIProcate( 3416): INFO | RESIP:TRANSPORT | TcpConnection.cxx:72 | Connection closed by remote CONN: 0xb40000741a828800 216 [ V6 port=6060 TCP target domain=xxxx mFlowKey=216 ] cport =7901 ] mInterface=rmnet_data2 ] transportKey=279 ]
02-18 10:52:07.150 I/reSIProcate( 3416): INFO | RESIP:TRANSPORT | Connection.cxx:306 | Connection::finalizeConnection mutex try_lock success
02-18 10:52:07.162 I/vendor.qti.bluetooth@1.0-ibs_handler(  948): ProcessIbsCmd: Received IBS_WAKE_IND: 0xFD
02-18 10:52:07.162 D/vendor.qti.bluetooth@1.0-ibs_handler(  948): SerialClockVote: vote for UART CLK ON
02-18 10:52:07.162 I/vendor.qti.bluetooth@1.0-ibs_handler(  948): ProcessIbsCmd: Writing IBS_WAKE_ACK
02-18 10:52:07.170 D/BtGatt.GattService( 3611): onScanResult to scannerId: 8- eventType=0x0, addressType=1, address=XX:XX:XX:XX:FA:5C, primaryPhy=1, secondaryPhy=1, advertisingSid=0x1, txPower=127, rssi=-59, periodicAdvInt=0x0
02-18 10:52:07.236 I/vendor.qti.bluetooth@1.0-ibs_handler(  948): ProcessIbsCmd: Received IBS_SLEEP_IND: 0xFE
02-18 10:52:07.236 D/vendor.qti.bluetooth@1.0-ibs_handler(  948): SerialClockVote: vote for UART CLK OFF
02-18 10:52:07.265 I/reSIProcate( 3416): INFO | RESIP:TRANSPORT | Socket.cxx:123 | Close socket 216
02-18 10:52:07.273 I/reSIProcate( 3416): INFO | RESIP:TRANSPORT | Connection.cxx:341 | Connection::finalizeConnection mutex unlock
02-18 10:52:07.282 I/[IMS6.0]( 3416): KeepAliveManager::FinalizeTcpConnection(): can not find source
02-18 10:52:07.282 I/[IMS6.0]( 3416): KeepAliveManager::FinalizeTcpConnection(): can not find source
02-18 10:52:07.284 D/io_stats(  634): !@   8,0 r 15533137 407343404 w 5832920 81704832 d 1473843 86170660 f 0 0 iot 6841724 0 th 0 0 0 pt 0 inp 0 1 80508.737
02-18 10:52:07.389 D/vendor.qti.bluetooth@1.0-wake_lock(  948): Release wakelock is released 
02-18 10:52:07.493 D/PowerManagerService( 1389): UserActivityState : 2 -> 4 groupId=0
02-18 10:52:07.494 I/PowerManagerService( 1389): [PWL] On : 79267289 (1241658 ms ago)
02-18 10:52:07.497 I/MdnieScenarioControlService( 1389): action  :  com.samsung.server.PowerManagerService.action.USER_ACTIVITY
02-18 10:52:07.505 I/PowerManagerService( 1389): [PWL]  mStayOn: true  mWakeLockSummary & WAKE_LOCK_STAY_AWAKE: 0  mUserActivitySummary: 0x4
02-18 10:52:08.713 I/ActivityManager( 1389): Changes in 10042 5 to 15, 56 to 0
02-18 10:52:08.719 D/HidDeviceService( 3611): handleMessage(): msg.what=8
02-18 10:52:08.729 D/vendor.qti.bluetooth@1.0-ibs_handler(  948): SerialClockVote: vote for UART CLK ON
02-18 10:52:08.734 D/vendor.qti.bluetooth@1.0-wake_lock(  948): Acquire wakelock is acquired 
02-18 10:52:08.734 I/vendor.qti.bluetooth@1.0-ibs_handler(  948): DeviceWakeUp: Writing IBS_WAKE_IND
02-18 10:52:08.735 I/vendor.qti.bluetooth@1.0-ibs_handler(  948): ProcessIbsCmd: Received IBS_WAKE_ACK: 0xFC
02-18 10:52:08.735 I/vendor.qti.bluetooth@1.0-ibs_handler(  948): ProcessIbsCmd: Signal wack_cond_
02-18 10:52:08.735 D/vendor.qti.bluetooth@1.0-ibs_handler(  948): DeviceWakeUp: Unblocked from waiting for FC, pthread_cond_timedwait ret = 0
02-18 10:52:08.736 I/vendor.qti.bluetooth@1.0-ibs_handler(  948): ProcessIbsCmd: Received IBS_WAKE_IND: 0xFD
02-18 10:52:08.736 I/vendor.qti.bluetooth@1.0-ibs_handler(  948): ProcessIbsCmd: Writing IBS_WAKE_ACK
02-18 10:52:08.741 I/bluetooth( 3611): packages/modules/Bluetooth/system/gd/hci/le_advertising_manager.cc:1730 on_set_advertising_set_random_address_complete: update random address for advertising set 3 : xx:xx:xx:xx:96:8f
02-18 10:52:08.755 E/Watchdog( 1389): !@Sync: 2681 heap: 124 / 139 FD: 1039 [2026-02-18 10:52:08.754]
02-18 10:52:08.763 D/BtGatt.GattService( 3611): onScanResult to scannerId: 3- eventType=0x1b, addressType=1, address=XX:XX:XX:XX:3C:7C, primaryPhy=1, secondaryPhy=0, advertisingSid=0xff, txPower=127, rssi=-79, periodicAdvInt=0x0
02-18 10:52:08.768 I/NearbyDiscovery( 5054): (REDACTED) BloomFilterAdvManager: Detected bloom filter but too far away, ignoring. %sm, %s
02-18 10:52:08.773 D/BtGatt.GattService( 3611): onScanResult to scannerId: 8- eventType=0x1, addressType=1, address=XX:XX:XX:XX:30:14, primaryPhy=1, secondaryPhy=1, advertisingSid=0x4, txPower=127, rssi=-79, periodicAdvInt=0x0
02-18 10:52:08.810 I/vendor.qti.bluetooth@1.0-ibs_handler(  948): ProcessIbsCmd: Received IBS_SLEEP_IND: 0xFE
02-18 10:52:08.865 D/ConnectivityService( 1389): notifyType CALLBACK_CAP_CHANGED for [341 WIFI]
02-18 10:52:08.865 W/Settings( 3333): Setting wifi_on has moved from android.provider.Settings.System to android.provider.Settings.Secure, returning read-only value.
02-18 10:52:08.866 W/Settings( 3333): Setting wifi_on has moved from android.provider.Settings.Secure to android.provider.Settings.Global.
02-18 10:52:08.866 D/SemWifiUsabilityStatsMonitor( 1389): onWifiUsabilityStats - seqNum 5185, isSameBssidAndFreq true
02-18 10:52:08.869 I/EPDG -- SIM0 [SMARTWIFI]( 3333): Rssi : -67 highrange : -75 lowrange : -85 mIsRssiInHystersis : false
02-18 10:52:08.869 I/EPDG -- SIM0 [SMARTWIFI]( 3333): Rssi : -67 highrange : -75 lowrange : -85 mIsRssiInHystersis : false
02-18 10:52:08.870 I/EPDG -- SIM0 [SMARTWIFI]( 3333): getHandoverThresholdMet: value is: false
02-18 10:52:08.872 W/JobService( 3788): onNetworkChanged() not implemented in androidx.work.impl.background.systemjob.SystemJobService. Must override in a subclass.
02-18 10:52:08.876 I/HBD     ( 6392): g onCapabilitiesChanged network : 341 current network state : wifi 
02-18 10:52:08.876 I/vendor.qti.bluetooth@1.0-ibs_handler(  948): ProcessIbsCmd: Received IBS_WAKE_IND: 0xFD
02-18 10:52:08.877 I/vendor.qti.bluetooth@1.0-ibs_handler(  948): ProcessIbsCmd: Writing IBS_WAKE_ACK
02-18 10:52:08.881 D/BtGatt.GattService( 3611): onScanResult to scannerId: 8- eventType=0x0, addressType=1, address=XX:XX:XX:XX:FA:5C, primaryPhy=1, secondaryPhy=1, advertisingSid=0x1, txPower=127, rssi=-67, periodicAdvInt=0x0
02-18 10:52:08.888 D/SemWifiApNsd:Client( 1389): lpInterface:wlan0
02-18 10:52:08.888 D/SemWifiSwitchForIndividualAppsService( 1389): stopTCPMonitoring : already stopped
02-18 10:52:08.888 I/WifiConnectivityMonitor.NCC( 1389): sNetworkCallback(oCC) FULL : 341(valid: true/captive: false)
02-18 10:52:08.889 I/WifiConnectivityMonitor.NCC( 1389): [ Transports: WIFI Capabilities: NOT_METERED&INTERNET&NOT_RESTRICTED&TRUSTED&NOT_VPN&VALIDATED&NOT_ROAMING&FOREGROUND&NOT_CONGESTED&NOT_SUSPENDED&NOT_VCN_MANAGED LinkUpBandwidth>=4358Kbps LinkDnBandwidth>=60000Kbps TransportInfo: <SSID: <unknown ssid>, BSSID: 02:00:00:**:**:00, MAC: 02:00:00:**:**:00, IP: /192.***.***.178, Security type: 2, Supplicant state: COMPLETED, Wi-Fi standard: 5, RSSI: -67, Link speed: 325Mbps, Tx Link speed: 325Mbps, Max Supported Tx Link speed: 433Mbps, Rx Link speed: 292Mbps, Max Supported Rx Link speed: 433Mbps, Frequency: 5240MHz, Net ID: -1, Metered hint: false, score: 60, isUsable: true, CarrierMerged: false, SubscriptionId: -1, IsPrimary: 1, Trusted: true, Restricted: false, Ephemeral: false, OEM paid: false, OEM private: false, OSU AP: false, FQDN: <none>, Provider friendly name: <none>, Requesting package name: <none><none>MLO Information: , Is TID-To-Link negotiation supported by the AP: false, AP MLD Address: <none>, AP MLO Link Id: <none>, AP MLO Affiliated links: <none>> SignalStrength: -67 AdminUids: [1000] SSID: "GANGULASHRESTA 9325" UnderlyingNetworks: Null]
02-18 10:52:08.890 D/WifiConnectivityMonitor( 1389): HANDLE_ON_CAPABILITIES_CHANGED
02-18 10:52:08.890 I/WifiConnectivityMonitor( 1389): determineMode : MODE_NON_SWITCHABLE_BY_POOR_NETWORK_DETECTION_DISABLED
02-18 10:52:08.890 D/OpenNetworkQos[4.00]( 1389): updateBssidNoInternet: mBssidNoInternet = false
02-18 10:52:08.890 D/OpenNetworkQos[4.00]( 1389): getOpenNetworkQosNoInternetStatus: false
02-18 10:52:08.890 D/OpenNetworkQos[4.00]( 1389): getOpenNetworkQosScores: 30 26 0 
02-18 10:52:08.890 D/KNOX_MDM_SettingsProvider( 1389): isChangeAllowed() : name = wifi_wcm_qos_sharing_score_summary
02-18 10:52:08.891 I/WifiProfileShare( 1389): network QoS data was changed (internet), updateQoSData networkType: true, qosData: false
02-18 10:52:08.891 V/WifiProfileShare.Caster( 1389): update wips network, size: 0
02-18 10:52:08.891 D/WifiProfileShare( 1389): nearby scanning settings run
02-18 10:52:08.892 D/WifiProfileShare( 1389): network score provider settings enabled
02-18 10:52:08.892 D/OpenNetworkQos[4.00]( 1389): getOpenNetworkQosScores: 30 26 0 
02-18 10:52:08.892 D/OpenNetworkQos[4.00]( 1389): getOpenNetworkQosNoInternetStatus: false
02-18 10:52:08.892 I/WifiProfileShare.Caster( 1389): current network type: 0, score: [30, 26, 0]
02-18 10:52:08.893 V/WifiProfileShare.Cache( 1389): update network score de:46:28:**:**:0c
02-18 10:52:08.893 D/WifiProfileShare.ScanMatcher( 1389): getMcfDataList size:1
02-18 10:52:08.899 I/WifiProfileShare.Caster( 1389): qos data was updated , before:type:QOS, pBssid:b8:45:d2, qosData:78 after:type:QOS, pBssid:b8:45:d2, qosData:78
02-18 10:52:08.899 D/BtGatt.GattService( 3611): onScanResult to scannerId: 3- eventType=0x1b, addressType=1, address=XX:XX:XX:XX:85:87, primaryPhy=1, secondaryPhy=0, advertisingSid=0xff, txPower=127, rssi=-81, periodicAdvInt=0x0
02-18 10:52:08.902 I/VSyncReactor( 1156): Current= 60, Period= 60, hwcPeriod= 60
02-18 10:52:08.902 I/BugleRcsEngine(14555): handleMessage processing message:[NOTIFY_UPTIME_IGNORE_STATE_CHANGED] with [non-null]:RcsEngineImpl reference [CONTEXT log_prefix="RcsEngineImpl[DUAL_REG]:[ab740ebc-7417]>Handler" thread_id=425 ]
02-18 10:52:08.903 I/BugleRcsEngine(14555): Cannot use CS.apk as it's battery optimized [CONTEXT thread_id=425 ]
02-18 10:52:08.904 D/WifiInteractor( 2953): get wifiIconGroup ePDGConnected : false
02-18 10:52:08.905 D/WifiInteractor( 2953): get wifiIconGroup ePDGConnected : false
02-18 10:52:08.906 D/StatusBarIconController( 2953): ignoring old pipeline callback because the new wifi icon is enabled
02-18 10:52:08.907 I/[MCFSDK_android_1.2.13040]_4_McfCasterImpl( 1389): isNetworkEnabled - type : 1 ret : true
02-18 10:52:08.907 D/WifiProfileShare.McfCast( 1389): -ME--- mIsNetworkEnabled :true
02-18 10:52:08.907 D/WifiProfileShare.McfCast( 1389): updateQoSData ignored, same contents
02-18 10:52:08.907 D/WifiProfileShare.MCF( 1389): success update QosData !
02-18 10:52:08.907 I/BugleRcsEngine(14555): Connected state: [1], networkType: [WIFI] [CONTEXT thread_id=418 ]
02-18 10:52:08.908 I/[MCFSDK_android_1.2.13040]_4_McfCasterImpl( 1389): isNetworkEnabled - type : 1 ret : true
02-18 10:52:08.908 D/WifiProfileShare.McfCast( 1389): -ME--- mIsNetworkEnabled :true
02-18 10:52:08.908 D/WifiProfileShare.McfCast( 1389): -ME--- updatePasswordDate pwdData size:1
02-18 10:52:08.913 I/NearbyDiscovery( 5054): (REDACTED) BloomFilterAdvManager: Detected bloom filter but too far away, ignoring. %sm, %s
02-18 10:52:08.915 D/StatusBarIconController( 2953): ignoring old pipeline callback because the new wifi icon is enabled
02-18 10:52:08.919 I/NullBinder( 5054): NullBinder for android.net.action.RECOMMEND_NETWORKS triggering remote TransactionTooLargeException due to Service without Chimera impl, calling uid: 1000, calling pid: 0
02-18 10:52:08.919 W/.gms.persistent( 5054): Large reply transaction of 1056768 bytes, interface descriptor , code 1
02-18 10:52:08.924 D/BtGatt.GattService( 3611): onScanResult to scannerId: 3- eventType=0x1b, addressType=1, address=XX:XX:XX:XX:3C:7C, primaryPhy=1, secondaryPhy=0, advertisingSid=0xff, txPower=127, rssi=-78, periodicAdvInt=0x0
02-18 10:52:08.927 I/NearbyDiscovery( 5054): (REDACTED) BloomFilterAdvManager: Detected bloom filter but too far away, ignoring. %sm, %s
02-18 10:52:08.959 I/vendor.qti.bluetooth@1.0-ibs_handler(  948): ProcessIbsCmd: Received IBS_SLEEP_IND: 0xFE
02-18 10:52:08.981 I/HBD     ( 6392): g onCapabilityChanged  setNetworkState currentNetworkState : wifi 
02-18 10:52:09.102 I/wpa_supplicant(23736): Heartbeat 31
02-18 10:52:09.285 D/io_stats(  634): !@   8,0 r 15533159 407344188 w 5832933 81705528 d 1473843 86170660 f 0 0 iot 6841768 0 th 0 0 0 pt 0 inp 0 0 80510.738
02-18 10:52:09.413 I/NearbySharing( 5054): Network state changed: NetworkState(isRestricted=false, isOnline=true, isCongested=false, isMetered=false, isWifiConnected=true)
02-18 10:52:09.737 I/vendor.qti.bluetooth@1.0-ibs_handler(  948): DeviceSleep: TX Awake, Sending SLEEP_IND
02-18 10:52:09.737 D/vendor.qti.bluetooth@1.0-ibs_handler(  948): SerialClockVote: vote for UART CLK OFF
02-18 10:52:09.888 D/vendor.qti.bluetooth@1.0-wake_lock(  948): Release wakelock is released 
02-18 10:52:10.403 D/SecPowerUI.Notification( 2953): showChargingNotice oldChargingType : 11 / currentChargingType : 11, oldChargingTime : 3736000 / mChargingTime : 3736000
02-18 10:52:10.403 D/SecPowerUI.Notification( 2953): showChargingNotice User swipe, so return!
02-18 10:52:10.817 I/vendor.qti.bluetooth@1.0-ibs_handler(  948): ProcessIbsCmd: Received IBS_WAKE_IND: 0xFD
02-18 10:52:10.818 D/vendor.qti.bluetooth@1.0-ibs_handler(  948): SerialClockVote: vote for UART CLK ON
02-18 10:52:10.825 D/vendor.qti.bluetooth@1.0-wake_lock(  948): Acquire wakelock is acquired 
02-18 10:52:10.825 I/vendor.qti.bluetooth@1.0-ibs_handler(  948): ProcessIbsCmd: Writing IBS_WAKE_ACK
02-18 10:52:10.835 D/BtGatt.GattService( 3611): onScanResult to scannerId: 8- eventType=0x1, addressType=1, address=XX:XX:XX:XX:30:14, primaryPhy=1, secondaryPhy=1, advertisingSid=0x4, txPower=127, rssi=-80, periodicAdvInt=0x0
02-18 10:52:10.839 D/BtGatt.GattService( 3611): onScanResult to scannerId: 3- eventType=0x1b, addressType=1, address=XX:XX:XX:XX:3C:7C, primaryPhy=1, secondaryPhy=0, advertisingSid=0xff, txPower=127, rssi=-77, periodicAdvInt=0x0
02-18 10:52:10.845 I/NearbyDiscovery( 5054): (REDACTED) BloomFilterAdvManager: Detected bloom filter but too far away, ignoring. %sm, %s
02-18 10:52:10.872 I/vendor.qti.bluetooth@1.0-ibs_handler(  948): ProcessIbsCmd: Received IBS_SLEEP_IND: 0xFE
02-18 10:52:10.872 D/vendor.qti.bluetooth@1.0-ibs_handler(  948): SerialClockVote: vote for UART CLK OFF
02-18 10:52:10.883 I/vendor.qti.bluetooth@1.0-ibs_handler(  948): ProcessIbsCmd: Received IBS_WAKE_IND: 0xFD
02-18 10:52:10.883 D/vendor.qti.bluetooth@1.0-ibs_handler(  948): SerialClockVote: vote for UART CLK ON
02-18 10:52:10.883 I/vendor.qti.bluetooth@1.0-ibs_handler(  948): ProcessIbsCmd: Writing IBS_WAKE_ACK
02-18 10:52:10.894 D/BtGatt.GattService( 3611): onScanResult to scannerId: 8- eventType=0x1b, addressType=1, address=XX:XX:XX:XX:B9:B3, primaryPhy=1, secondaryPhy=0, advertisingSid=0xff, txPower=127, rssi=-78, periodicAdvInt=0x0
02-18 10:52:10.929 I/vendor.qti.bluetooth@1.0-ibs_handler(  948): ProcessIbsCmd: Received IBS_SLEEP_IND: 0xFE
02-18 10:52:10.929 D/vendor.qti.bluetooth@1.0-ibs_handler(  948): SerialClockVote: vote for UART CLK OFF
02-18 10:52:10.944 I/vendor.qti.bluetooth@1.0-ibs_handler(  948): ProcessIbsCmd: Received IBS_WAKE_IND: 0xFD
02-18 10:52:10.944 D/vendor.qti.bluetooth@1.0-ibs_handler(  948): SerialClockVote: vote for UART CLK ON
02-18 10:52:10.944 I/vendor.qti.bluetooth@1.0-ibs_handler(  948): ProcessIbsCmd: Writing IBS_WAKE_ACK
02-18 10:52:10.950 D/BtGatt.GattService( 3611): onScanResult to scannerId: 8- eventType=0x10, addressType=1, address=XX:XX:XX:XX:CF:AB, primaryPhy=1, secondaryPhy=0, advertisingSid=0xff, txPower=127, rssi=-83, periodicAdvInt=0x0
02-18 10:52:10.957 I/NearbyConnections( 5054): Found BleAdvertisement [ 0x23 0x58 0x55 0x5a 0x4c 0x11 0x32 0x50 0xe4 0x3f 0x45 0xd4 0x33 0xee 0x69 0x50 0x7b 0xf8 0x5e 0x6f 0x55 0xbf 0x87 ] (with EndpointId XUZL and EndpointInfo [ 0x32 0x50 0xe4 0x3f 0x45 0xd4 0x33 0xee 0x69 0x50 0x7b 0xf8 0x5e 0x6f 0x55 0xbf 0x87 ])
02-18 10:52:10.958 I/NearbyConnections( 5054): Unable to record discovered endpoint due to null currentDiscoveryPhase
02-18 10:52:10.959 I/NearbyConnections( 5054): ClientProxy(237473778 0p:com.google.android.gms.nearby.sharing) reporting onEndpointFound(XUZL)
02-18 10:52:10.960 I/NearbyConnections( 5054): ClientProxy(237473778) reporting onEndpointDistanceChanged(XUZL, UNKNOWN)
02-18 10:52:10.961 I/NearbySharing( 5054): NearbySharing Internal event EndpointDiscovered(endpointId=XUZL)
02-18 10:52:10.988 I/vendor.qti.bluetooth@1.0-ibs_handler(  948): ProcessIbsCmd: Received IBS_SLEEP_IND: 0xFE
02-18 10:52:10.988 D/vendor.qti.bluetooth@1.0-ibs_handler(  948): SerialClockVote: vote for UART CLK OFF
02-18 10:52:11.098 I/SDHMS:C ( 5651): SIOP:: AP:356 BAT:334 USB:0 CHG:414 PA:350 WIFI:347 BLK:0 SUBBAT:0 SKIN:357 LRP:357 LRP2:357 LRF2:341 LRB2:357 AP2:357 CHG2:350 WIFI2:356 SPK2:334 VAP:373 
02-18 10:52:11.139 D/vendor.qti.bluetooth@1.0-wake_lock(  948): Release wakelock is released 
02-18 10:52:11.288 W/ProcessStats( 1389): Tracking association SourceState{6eb4b9f com.google.android.gms/10208 BFgs #415092} whose proc state 4 is better than process ProcessState{ce303d8 com.google.android.adservices.api/10314 pkg=com.google.android.adservices.api} proc state 14 (58 skipped)
02-18 10:52:11.326 D/BoundBrokerSvc( 5138): onUnbind: Intent { act=com.google.android.gms.notifications.capping.api.NotificationsCappingApiService.START dat=chimera-action:/... cmp=com.google.android.gms/.chimera.GmsApiService }
02-18 10:52:11.732 I/EPDG -- SIM0 [SMARTCELLULAR]( 3333): onSignalStrengthsChanged: SignalStrength:{mCdma=Invalid,mGsm=Invalid,mWcdma=Invalid,mTdscdma=Invalid,mLte=CellSignalStrengthLte: rssi=-71 rsrp=-102 rsrq=-13 rssnr=-1 cqiTableIndex=2147483647 cqi=2147483647 ta=2147483647 level=3 parametersUseForLevel=0,mNr=Invalid,SignalBarInfo{ lteLevel=3 },rat=14,primary=CellSignalStrengthLte}
02-18 10:52:11.732 I/EPDG -- SIM0 [SMARTCELLULAR]( 3333): lastLteRSRP is -102 currentLteRSRP is -102 lastLteRSRQ is -13 currentLteRSRQ is -13 lastLteSNR is 0 currentLteSNR is -1
02-18 10:52:11.734 D/StatusBarIconController( 2953): ignoring old pipeline callbacks, because the new mobile icons are enabled
02-18 10:52:11.902 D/SemWifiUsabilityStatsMonitor( 1389): onWifiUsabilityStats - seqNum 5186, isSameBssidAndFreq true
02-18 10:52:11.903 D/ConnectivityService( 1389): notifyType CALLBACK_CAP_CHANGED for [341 WIFI]
02-18 10:52:11.905 W/Settings( 3333): Setting wifi_on has moved from android.provider.Settings.System to android.provider.Settings.Secure, returning read-only value.
02-18 10:52:11.905 W/Settings( 3333): Setting wifi_on has moved from android.provider.Settings.Secure to android.provider.Settings.Global.
02-18 10:52:11.909 I/VSyncReactor( 1156): Current= 60, Period= 60, hwcPeriod= 60
02-18 10:52:11.913 I/HBD     ( 6392): g onCapabilitiesChanged network : 341 current network state : wifi 
02-18 10:52:11.916 I/EPDG -- SIM0 [SMARTWIFI]( 3333): Rssi : -59 highrange : -75 lowrange : -85 mIsRssiInHystersis : false
02-18 10:52:11.916 I/EPDG -- SIM0 [SMARTWIFI]( 3333): Rssi : -59 highrange : -75 lowrange : -85 mIsRssiInHystersis : false
02-18 10:52:11.916 I/EPDG -- SIM0 [SMARTWIFI]( 3333): getHandoverThresholdMet: value is: false
02-18 10:52:11.918 W/JobService( 3788): onNetworkChanged() not implemented in androidx.work.impl.background.systemjob.SystemJobService. Must override in a subclass.
02-18 10:52:11.926 D/StatusBarIconController( 2953): ignoring old pipeline callback because the new wifi icon is enabled
02-18 10:52:11.928 D/WifiInteractor( 2953): get wifiIconGroup ePDGConnected : false
02-18 10:52:11.928 D/SemWifiApNsd:Client( 1389): lpInterface:wlan0
02-18 10:52:11.928 D/SemWifiSwitchForIndividualAppsService( 1389): stopTCPMonitoring : already stopped
02-18 10:52:11.928 D/WifiInteractor( 2953): get wifiIconGroup ePDGConnected : false
02-18 10:52:11.928 I/WifiConnectivityMonitor.NCC( 1389): sNetworkCallback(oCC) FULL : 341(valid: true/captive: false)
02-18 10:52:11.929 I/WifiConnectivityMonitor.NCC( 1389): [ Transports: WIFI Capabilities: NOT_METERED&INTERNET&NOT_RESTRICTED&TRUSTED&NOT_VPN&VALIDATED&NOT_ROAMING&FOREGROUND&NOT_CONGESTED&NOT_SUSPENDED&NOT_VCN_MANAGED LinkUpBandwidth>=4358Kbps LinkDnBandwidth>=60000Kbps TransportInfo: <SSID: <unknown ssid>, BSSID: 02:00:00:**:**:00, MAC: 02:00:00:**:**:00, IP: /192.***.***.178, Security type: 2, Supplicant state: COMPLETED, Wi-Fi standard: 5, RSSI: -59, Link speed: 325Mbps, Tx Link speed: 325Mbps, Max Supported Tx Link speed: 433Mbps, Rx Link speed: 292Mbps, Max Supported Rx Link speed: 433Mbps, Frequency: 5240MHz, Net ID: -1, Metered hint: false, score: 60, isUsable: true, CarrierMerged: false, SubscriptionId: -1, IsPrimary: 1, Trusted: true, Restricted: false, Ephemeral: false, OEM paid: false, OEM private: false, OSU AP: false, FQDN: <none>, Provider friendly name: <none>, Requesting package name: <none><none>MLO Information: , Is TID-To-Link negotiation supported by the AP: false, AP MLD Address: <none>, AP MLO Link Id: <none>, AP MLO Affiliated links: <none>> SignalStrength: -59 AdminUids: [1000] SSID: "GANGULASHRESTA 9325" UnderlyingNetworks: Null]
02-18 10:52:11.930 I/BugleRcsEngine(14555): handleMessage processing message:[NOTIFY_UPTIME_IGNORE_STATE_CHANGED] with [non-null]:RcsEngineImpl reference [CONTEXT log_prefix="RcsEngineImpl[DUAL_REG]:[ab740ebc-7417]>Handler" thread_id=425 ]
02-18 10:52:11.931 I/BugleRcsEngine(14555): Cannot use CS.apk as it's battery optimized [CONTEXT thread_id=425 ]
02-18 10:52:11.936 D/WifiConnectivityMonitor( 1389): HANDLE_ON_CAPABILITIES_CHANGED
02-18 10:52:11.936 I/WifiConnectivityMonitor( 1389): determineMode : MODE_NON_SWITCHABLE_BY_POOR_NETWORK_DETECTION_DISABLED
02-18 10:52:11.936 D/OpenNetworkQos[4.00]( 1389): updateBssidNoInternet: mBssidNoInternet = false
02-18 10:52:11.936 D/OpenNetworkQos[4.00]( 1389): getOpenNetworkQosNoInternetStatus: false
02-18 10:52:11.936 D/OpenNetworkQos[4.00]( 1389): getOpenNetworkQosScores: 30 26 0 
02-18 10:52:11.937 D/KNOX_MDM_SettingsProvider( 1389): isChangeAllowed() : name = wifi_wcm_qos_sharing_score_summary
02-18 10:52:11.937 I/WifiProfileShare( 1389): network QoS data was changed (internet), updateQoSData networkType: true, qosData: false
02-18 10:52:11.937 V/WifiProfileShare.Caster( 1389): update wips network, size: 0
02-18 10:52:11.937 D/WifiProfileShare( 1389): nearby scanning settings run
02-18 10:52:11.937 D/WifiProfileShare( 1389): network score provider settings enabled
02-18 10:52:11.938 D/OpenNetworkQos[4.00]( 1389): getOpenNetworkQosScores: 30 26 0 
02-18 10:52:11.938 D/OpenNetworkQos[4.00]( 1389): getOpenNetworkQosNoInternetStatus: false
02-18 10:52:11.938 I/WifiProfileShare.Caster( 1389): current network type: 0, score: [30, 26, 0]
02-18 10:52:11.940 V/WifiProfileShare.Cache( 1389): update network score de:46:28:**:**:0c
02-18 10:52:11.940 D/WifiProfileShare.ScanMatcher( 1389): getMcfDataList size:1
02-18 10:52:11.940 I/WifiProfileShare.Caster( 1389): qos data was updated , before:type:QOS, pBssid:b8:45:d2, qosData:78 after:type:QOS, pBssid:b8:45:d2, qosData:78
02-18 10:52:11.940 I/[MCFSDK_android_1.2.13040]_4_McfCasterImpl( 1389): isNetworkEnabled - type : 1 ret : true
02-18 10:52:11.940 D/WifiProfileShare.McfCast( 1389): -ME--- mIsNetworkEnabled :true
02-18 10:52:11.940 D/WifiProfileShare.McfCast( 1389): updateQoSData ignored, same contents
02-18 10:52:11.940 D/WifiProfileShare.MCF( 1389): success update QosData !
02-18 10:52:11.941 I/[MCFSDK_android_1.2.13040]_4_McfCasterImpl( 1389): isNetworkEnabled - type : 1 ret : true
02-18 10:52:11.941 D/WifiProfileShare.McfCast( 1389): -ME--- mIsNetworkEnabled :true
02-18 10:52:11.941 D/WifiProfileShare.McfCast( 1389): -ME--- updatePasswordDate pwdData size:1
02-18 10:52:11.945 I/BugleRcsEngine(14555): Connected state: [1], networkType: [WIFI] [CONTEXT thread_id=418 ]
02-18 10:52:11.947 D/StatusBarIconController( 2953): ignoring old pipeline callback because the new wifi icon is enabled
02-18 10:52:11.950 I/NullBinder( 5054): NullBinder for android.net.action.RECOMMEND_NETWORKS triggering remote TransactionTooLargeException due to Service without Chimera impl, calling uid: 1000, calling pid: 0
02-18 10:52:11.950 W/.gms.persistent( 5054): Large reply transaction of 1056768 bytes, interface descriptor , code 1
02-18 10:52:11.960 D/BoundBrokerSvc( 5138): onUnbind: Intent { act=com.google.android.mobstore.service.START pkg=com.google.android.gms }
02-18 10:52:12.018 I/HBD     ( 6392): g onCapabilityChanged  setNetworkState currentNetworkState : wifi 
02-18 10:52:12.426 I/NearbySharing( 5054): Network state changed: NetworkState(isRestricted=false, isOnline=true, isCongested=false, isMetered=false, isWifiConnected=true)
02-18 10:52:12.618 I/vendor.qti.bluetooth@1.0-ibs_handler(  948): ProcessIbsCmd: Received IBS_WAKE_IND: 0xFD
02-18 10:52:12.618 D/vendor.qti.bluetooth@1.0-ibs_handler(  948): SerialClockVote: vote for UART CLK ON
02-18 10:52:12.625 D/vendor.qti.bluetooth@1.0-wake_lock(  948): Acquire wakelock is acquired 
02-18 10:52:12.625 I/vendor.qti.bluetooth@1.0-ibs_handler(  948): ProcessIbsCmd: Writing IBS_WAKE_ACK
02-18 10:52:12.636 D/BtGatt.GattService( 3611): onScanResult to scannerId: 8- eventType=0x10, addressType=1, address=XX:XX:XX:XX:CF:AB, primaryPhy=1, secondaryPhy=0, advertisingSid=0xff, txPower=127, rssi=-80, periodicAdvInt=0x0
02-18 10:52:12.639 D/BtGatt.GattService( 3611): onScanResult to scannerId: 8- eventType=0x0, addressType=1, address=XX:XX:XX:XX:FA:5C, primaryPhy=1, secondaryPhy=1, advertisingSid=0x1, txPower=127, rssi=-60, periodicAdvInt=0x0
02-18 10:52:12.641 D/BtGatt.GattService( 3611): onScanResult to scannerId: 8- eventType=0x10, addressType=1, address=XX:XX:XX:XX:0B:0C, primaryPhy=1, secondaryPhy=0, advertisingSid=0xff, txPower=127, rssi=-93, periodicAdvInt=0x0
02-18 10:52:12.664 D/BtGatt.GattService( 3611): onScanResult to scannerId: 8- eventType=0x1b, addressType=1, address=XX:XX:XX:XX:B9:B3, primaryPhy=1, secondaryPhy=0, advertisingSid=0xff, txPower=127, rssi=-73, periodicAdvInt=0x0
02-18 10:52:12.686 D/BtGatt.GattService( 3611): onScanResult to scannerId: 3- eventType=0x1b, addressType=1, address=XX:XX:XX:XX:85:87, primaryPhy=1, secondaryPhy=0, advertisingSid=0xff, txPower=127, rssi=-92, periodicAdvInt=0x0
02-18 10:52:12.694 I/NearbyDiscovery( 5054): (REDACTED) BloomFilterAdvManager: Detected bloom filter but too far away, ignoring. %sm, %s
02-18 10:52:12.723 I/vendor.qti.bluetooth@1.0-ibs_handler(  948): ProcessIbsCmd: Received IBS_SLEEP_IND: 0xFE
02-18 10:52:12.723 D/vendor.qti.bluetooth@1.0-ibs_handler(  948): SerialClockVote: vote for UART CLK OFF
02-18 10:52:12.874 D/vendor.qti.bluetooth@1.0-wake_lock(  948): Release wakelock is released 
02-18 10:52:13.167 I/NearbyMediums( 5054): Found Fast Ble Advertisements :
02-18 10:52:13.167 I/NearbyMediums( 5054): BleAdvertisement { version=2, socketVersion=2, isFast=true, serviceIdHash=null, data=[ 0x23 0x4b 0x36 0x55 0x39 0x11 0x32 0x23 0x5d 0x79 0xe0 0x9e 0x7d 0xb4 0xa8 0x9c 0xd2 0xe9 0x4a 0x22 0xf3 0x1c 0x65 ], deviceToken=[ 0xc4 0xb5 ], rxAdvertisement=null } : 6 times.
02-18 10:52:13.167 I/NearbyMediums( 5054): BleAdvertisement { version=2, socketVersion=2, isFast=true, serviceIdHash=null, data=[ 0x23 0x39 0x53 0x5a 0x5a 0x11 0x32 0x87 0x77 0xb8 0x73 0xa3 0xee 0x51 0x5c 0x67 0x0f 0xb6 0xe7 0xa9 0x67 0xf8 0x35 ], deviceToken=[ 0x6f 0xde ], rxAdvertisement=null } : 1 times.
02-18 10:52:13.167 I/NearbyMediums( 5054): BleAdvertisement { version=2, socketVersion=2, isFast=true, serviceIdHash=null, data=[ 0x23 0x58 0x55 0x5a 0x4c 0x11 0x32 0x50 0xe4 0x3f 0x45 0xd4 0x33 0xee 0x69 0x50 0x7b 0xf8 0x5e 0x6f 0x55 0xbf 0x87 ], deviceToken=[ 0x7a 0x80 ], rxAdvertisement=null } : 2 times.
02-18 10:52:13.167 I/NearbyMediums( 5054): Total 9 fast advertisements from 3 unique advertisers.
02-18 10:52:13.168 I/NearbyMediums( 5054): Found BLE GATT Advertisements :
02-18 10:52:13.168 I/NearbyMediums( 5054): BleAdvertisement { version=2, socketVersion=2, isFast=false, serviceIdHash=[ 0xfc 0x9f 0x5e ], data=[ 0x23 0xfc 0x9f 0x5e 0x53 0x52 0x33 0x51 0x17 0x06 0x5f 0x2c 0x59 0xd4 0x69 0xbf 0x0a 0xc9 0x86 0x6f 0x8c 0xe6 0xdc 0xa2 0x29 0x89 0x05 0x4e 0x65 0x74 0x68 0x61 0x50 0xeb 0x71 0x31 0xdc 0xd2 0x00 0x00 ], deviceToken=[ 0xf2 0x35 ], rxAdvertisement=null } : 1 times.
02-18 10:52:13.168 I/NearbyMediums( 5054): Total 1 GATT advertisements from 1 unique advertisers.
02-18 10:52:13.168 I/NearbyMediums( 5054): Current Tracked Scanning Clients are : {NearbyConnections.EnvironmentMonitor, NearbySharing, NearbyConnections.TxAdvertisement}
02-18 10:52:13.288 D/io_stats(  634): !@   8,0 r 15533160 407344196 w 5832933 81705528 d 1473843 86170660 f 0 0 iot 6841864 0 th 0 0 0 pt 0 inp 0 0 80514.742
02-18 10:52:14.601 I/vendor.qti.bluetooth@1.0-ibs_handler(  948): ProcessIbsCmd: Received IBS_WAKE_IND: 0xFD
02-18 10:52:14.601 D/vendor.qti.bluetooth@1.0-ibs_handler(  948): SerialClockVote: vote for UART CLK ON
02-18 10:52:14.606 D/vendor.qti.bluetooth@1.0-wake_lock(  948): Acquire wakelock is acquired 
02-18 10:52:14.606 I/vendor.qti.bluetooth@1.0-ibs_handler(  948): ProcessIbsCmd: Writing IBS_WAKE_ACK
02-18 10:52:14.620 D/BtGatt.GattService( 3611): onScanResult to scannerId: 8- eventType=0x0, addressType=1, address=XX:XX:XX:XX:FA:5C, primaryPhy=1, secondaryPhy=1, advertisingSid=0x1, txPower=127, rssi=-59, periodicAdvInt=0x0
02-18 10:52:14.655 I/vendor.qti.bluetooth@1.0-ibs_handler(  948): ProcessIbsCmd: Received IBS_SLEEP_IND: 0xFE
02-18 10:52:14.655 D/vendor.qti.bluetooth@1.0-ibs_handler(  948): SerialClockVote: vote for UART CLK OFF
