02-18 10:36:35.422 D/vendor.qti.bluetooth@1.0-wake_lock(  948): Release wakelock is released 
02-18 10:36:35.497 I/wpa_supplicant(18922): Heartbeat 16025
02-18 10:36:36.588 I/EPDG -- SIM0 [SMARTCELLULAR]( 3333): onSignalStrengthsChanged: SignalStrength:{mCdma=Invalid,mGsm=Invalid,mWcdma=Invalid,mTdscdma=Invalid,mLte=CellSignalStrengthLte: rssi=-81 rsrp=-106 rsrq=-12 rssnr=0 cqiTableIndex=2147483647 cqi=2147483647 ta=2147483647 level=3 parametersUseForLevel=0,mNr=Invalid,SignalBarInfo{ lteLevel=3 },rat=14,primary=CellSignalStrengthLte}
02-18 10:36:36.589 I/EPDG -- SIM0 [SMARTCELLULAR]( 3333): lastLteRSRP is -106 currentLteRSRP is -106 lastLteRSRQ is -12 currentLteRSRQ is -12 lastLteSNR is -1 currentLteSNR is 0
02-18 10:36:36.590 D/StatusBarIconController( 2953): ignoring old pipeline callbacks, because the new mobile icons are enabled
02-18 10:36:36.948 I/vendor.qti.bluetooth@1.0-ibs_handler(  948): ProcessIbsCmd: Received IBS_WAKE_IND: 0xFD
02-18 10:36:36.948 D/vendor.qti.bluetooth@1.0-ibs_handler(  948): SerialClockVote: vote for UART CLK ON
02-18 10:36:36.952 D/vendor.qti.bluetooth@1.0-wake_lock(  948): Acquire wakelock is acquired 
02-18 10:36:36.952 I/vendor.qti.bluetooth@1.0-ibs_handler(  948): ProcessIbsCmd: Writing IBS_WAKE_ACK
02-18 10:36:36.961 D/BtGatt.GattService( 3611): onScanResult to scannerId: 8- eventType=0x10, addressType=1, address=XX:XX:XX:XX:5C:6A, primaryPhy=1, secondaryPhy=0, advertisingSid=0xff, txPower=127, rssi=-73, periodicAdvInt=0x0
02-18 10:36:36.971 D/BtGatt.GattService( 3611): onScanResult to scannerId: 8- eventType=0x0, addressType=1, address=XX:XX:XX:XX:CB:B6, primaryPhy=1, secondaryPhy=1, advertisingSid=0x2, txPower=127, rssi=-79, periodicAdvInt=0x0
02-18 10:36:37.003 I/vendor.qti.bluetooth@1.0-ibs_handler(  948): ProcessIbsCmd: Received IBS_SLEEP_IND: 0xFE
02-18 10:36:37.003 D/vendor.qti.bluetooth@1.0-ibs_handler(  948): SerialClockVote: vote for UART CLK OFF
02-18 10:36:37.154 D/vendor.qti.bluetooth@1.0-wake_lock(  948): Release wakelock is released 
02-18 10:36:37.199 I/android.hardware.health@2.1-service-samsung(  956): updateLrpSysfs: write: 343
02-18 10:36:37.200 D/BatteryService( 1389): Sending ACTION_BATTERY_CHANGED: level:47, status:2, health:2, remain:4546, ac:false, usb:true, wireless:false, pogo:false, misc:0x10000, charge_type:1, charger_type:0, voltage:3946, temperature:319, online:4, charging_status:0, cycle_count:0, current_avg:1688, ps:false, hvc:false, capacity:280000, current_event:0x8000, current_now:1681, mcc:0, mcv:0, cc:2360000, present:true, scale:100, technology:Li-ion
02-18 10:36:37.203 I/DeviceBatteryInfoService( 1389): action: android.intent.action.BATTERY_CHANGED
02-18 10:36:37.203 I/DeviceBatteryInfoService( 1389): phone battery level: 47
02-18 10:36:37.203 I/DeviceBatteryInfoService( 1389): phone battery status: 2
02-18 10:36:37.208 D/MotionRecognitionService( 1389): [SAR]  onReceive : ACTION_BATTERY_CHANGED, Plugged: 2
02-18 10:36:37.213 D/SamsungBatteryMeterDrawable( 2953): onBatteryLevelChanged isSomethingChanged: false
02-18 10:36:37.213 D/SamsungBatteryMeterDrawable( 2953): onBatteryLevelChanged isSomethingChanged: false
02-18 10:36:37.213 D/SamsungBatteryMeterDrawable( 2953): onBatteryLevelChanged isSomethingChanged: false
02-18 10:36:37.214 I/PowerUI ( 2953): mBootCompleted = true |  mFullyConnected = true
02-18 10:36:37.214 I/PowerUI ( 2953): BATTERY_HEALTH_CHECK extraHealth=2 mBatteryMiscEvent=65536
02-18 10:36:37.214 W/PowerUI ( 2953): Plug reason
02-18 10:36:37.214 W/PowerUI ( 2953): Skip charging animation - by plug status
02-18 10:36:37.214 D/PowerUI ( 2953): priorPlugType = 2 mPlugType = 2 priorBatteryStatus = 2 mBatteryStatus = 2
02-18 10:36:37.214 W/PowerUI ( 2953): Plug reason
02-18 10:36:37.214 W/PowerUI ( 2953): Skip charging sound - by plug status
02-18 10:36:37.214 I/PowerUI ( 2953): oldMisalign : false, curMisalign : false
02-18 10:36:37.216 D/SemBigDataInfoController( 3241): Intent: android.intent.action.BATTERY_CHANGED
02-18 10:36:37.216 D/SemBigDataInfoController( 3241): Intent: android.intent.action.BATTERY_CHANGED
02-18 10:36:37.216 D/SecPowerUI.Notification( 2953): dismissing low battery warning: level=47
02-18 10:36:37.216 D/SecPowerUI.Notification( 2953): updateNotification mWarning=false mPlaySound=false
02-18 10:36:37.216 D/SecPowerUI.Notification( 2953): SecBatteryStatsSnapshot{batteryLevel=47, currentBatteryMode=0, chargingTime=4554000, chargingType=11, batteryHealth=2, automaticTestMode=false, isHiccupState=false, optChargingFinishTime=}
02-18 10:36:37.217 D/SecPowerUI.Notification( 2953): showChargingNotice oldChargingType : 11 / currentChargingType : 11, oldChargingTime : 4554000 / mChargingTime : 4546000
02-18 10:36:37.217 D/SecPowerUI.Notification( 2953): showChargingNotice User swipe, so return!
02-18 10:36:37.217 D/PowerUI ( 2953): Battery swelling mode - priorBatterySwellingMode = 0 mBatterySwellingMode = 0 mBatteryStatus = 2
02-18 10:36:37.217 I/PowerUI ( 2953): mBatteryMiscEvent = 65536
02-18 10:36:37.217 I/PowerUI ( 2953): checkRestoreProtectBattery pb value : 0, Scheduling start ? : false
02-18 10:36:37.217 I/PowerUI ( 2953): Clear time
02-18 10:36:37.217 D/SecPowerUI.Notification( 2953): 1. restoreScreenTimeOut - saved_value : :
02-18 10:36:37.217 E/SecPowerUI.Notification( 2953): no saved value, so we do nothing !!
02-18 10:36:37.218 D/KNOX_MDM_SettingsProvider( 1389): isChangeAllowed() : name = ltc_highsoc_exceed_time
02-18 10:36:37.218 D/KNOX_MDM_SettingsProvider( 1389): edmUri: content://com.sec.knox.provider/RestrictionPolicy3
02-18 10:36:37.218 D/KNOX_MDM_SettingsProvider( 1389): projectionArgs: isSettingsChangesAllowed
02-18 10:36:37.218 D/KNOX_MDM_SettingsProvider( 1389): selectionArgs: false
02-18 10:36:37.218 D/KNOX_MDM_SettingsProvider( 1389): selectionArgs: 10046
02-18 10:36:37.218 D/SecContentProvider( 1389): query(), uri = 17 selection = isSettingsChangesAllowed
02-18 10:36:37.219 D/SecContentProvider( 1389): called from android.uid.systemui:10046
02-18 10:36:37.219 D/RestrictionPolicy( 1389): isSettingsChangesAllowedAsUser, userId 0 : true
02-18 10:36:37.219 D/KNOX_MDM_SettingsProvider( 1389): ret = 1
02-18 10:36:37.220 I/[SCPMV2][SystemMonitorReceiver](16935): onReceive: android.intent.action.BATTERY_CHANGED
02-18 10:36:37.221 I/PowerUI ( 2953): checkBatteryProtectionNotification : 2, pb value : 0, plugType : 2, level : 47
02-18 10:36:37.221 D/SecPowerUI.Notification( 2953): SecBatteryStatsSnapshot{batteryLevel=47, currentBatteryMode=0, chargingTime=4546000, chargingType=11, batteryHealth=2, automaticTestMode=false, isHiccupState=false, optChargingFinishTime=}
02-18 10:36:37.222 D/KeyguardUpdateMonitor( 2953): handleBatteryUpdate
02-18 10:36:37.227 D/KeyguardSecIndicationController( 2953): addIndicationTimeout() returned - unlocking
02-18 10:36:37.227 D/KeyguardSecIndicationController( 2953): addIndication() returned - unlocking
02-18 10:36:37.227 D/KeyguardSecIndicationPolicy( 2953):  remove Item pos = DEFAULT, type =     TRUST_AGENT_HELP
02-18 10:36:37.228 D/KeyguardSecIndicationController( 2953): addUsbRestriction false/isSecure=true
02-18 10:36:37.228 D/KeyguardSecIndicationPolicy( 2953):  remove Item pos = DEFAULT, type =      USB_RESTRICTION
02-18 10:36:37.228 D/KeyguardSecIndicationController( 2953): addBatteryAndOwnerInfoIndication() battery status = BatteryStatus{status=2,level=47,plugged=2,chargingStatus=0,maxChargingWattage=-1,remaining=4546000ultraFastCharger=0}
02-18 10:36:37.228 I/AODBatteryManager( 2953): updateBatteryData: ACTION_BATTERY_CHANGED
02-18 10:36:37.230 I/AODBatteryManager( 2953): saveBatteryData : AOD BatteryData [mBatteryLevel=47, mBatteryStatus=CHARGING, mBatteryPlugType=USB, mBatteryPlugged=true, mRemainingChargeTime=4546000, mBatteryChargingType=1, mBatteryChargerType=NORMAL, mBatteryOnline=USB, mBatterySwellingMode=NONE, mBatteryProtectMode=false, mBatteryProtectModeType=1, mSleepChargingEvent=null, mSleepChargingEventFinishTime=null]
02-18 10:36:37.230 I/ChargingInfoManager( 2953): updateChargingInfo: newState = AOD ChargingInfo [mState=BATTERY_AND_REMAIN_TIME, mIsCharging=true, mIsFullyCharged=false, mIsBatteryProtectMode=false, mBetteryLevel=47, mBetteryProtectModeType0], oldState = AOD ChargingInfo [mState=BATTERY_AND_REMAIN_TIME, mIsCharging=true, mIsFullyCharged=false, mIsBatteryProtectMode=false, mBetteryLevel=47, mBetteryProtectModeType0]
02-18 10:36:37.312 D/BoundBrokerSvc( 5138): onUnbind: Intent { act=com.google.android.mobstore.service.START pkg=com.google.android.gms }
02-18 10:36:37.318 W/ProcessStats( 1389): Tracking association SourceState{6eb4b9f com.google.android.gms/10208 Service #411148} whose proc state 8 is better than process ProcessState{ce303d8 com.google.android.adservices.api/10314 pkg=com.google.android.adservices.api} proc state 14 (141 skipped)
02-18 10:36:37.875 W/System  ( 5138): A resource failed to call close. 
02-18 10:36:37.875 W/System  ( 5138): A resource failed to call SQLiteConnectionPool.close. 
02-18 10:36:37.876 W/SQLiteConnectionPool( 5138): A SQLiteConnection object for database '/data/user/0/com.google.android.gms/databases/mobstore_gc_db_v0' was leaked!  Please fix your application to end transactions in progress properly and to close the database when it is no longer needed.
02-18 10:36:37.876 W/System  ( 5138): A resource failed to call SQLiteConnection.close. 
02-18 10:36:37.877 W/System  ( 5138): A resource failed to call close. 
02-18 10:36:37.877 W/System  ( 5138): A resource failed to call close. 
02-18 10:36:37.877 W/System  ( 5138): A resource failed to call close. 
02-18 10:36:37.877 W/System  ( 5138): A resource failed to call close. 
02-18 10:36:37.877 W/System  ( 5138): A resource failed to call close. 
02-18 10:36:37.877 W/System  ( 5138): A resource failed to call close. 
02-18 10:36:37.877 W/System  ( 5138): A resource failed to call close. 
02-18 10:36:37.877 W/System  ( 5138): A resource failed to call close. 
02-18 10:36:37.880 W/System  ( 5138): A resource failed to call close. 
02-18 10:36:37.988 D/NetdEventListenerService( 1389): DNS Requested by 337, 10398, 4, true, 0
02-18 10:36:37.993 D/NetdEventListenerService( 1389): DNS Requested by 337, 10398, 4, true, 0
02-18 10:36:37.994 D/NetdEventListenerService( 1389): DNS Requested by 337, 10398, 4, true, 0
02-18 10:36:37.994 D/NetdEventListenerService( 1389): DNS Requested by 337, 10398, 4, true, 0
02-18 10:36:37.995 D/NetdEventListenerService( 1389): DNS Requested by 337, 10398, 4, true, 0
02-18 10:36:37.996 D/NetdEventListenerService( 1389): DNS Requested by 337, 10398, 4, true, 1
02-18 10:36:38.164 D/SemWifiUsabilityStatsMonitor( 1389): onWifiUsabilityStats - seqNum 4902, isSameBssidAndFreq true
02-18 10:36:38.170 D/StatusBarIconController( 2953): ignoring old pipeline callback because the new wifi icon is enabled
02-18 10:36:38.177 E/Watchdog( 1389): !@Sync: 2650 heap: 114 / 135 FD: 1044 [2026-02-18 10:36:38.177]
02-18 10:36:38.179 I/VSyncReactor( 1156): Current= 60, Period= 60, hwcPeriod= 60
02-18 10:36:38.212 I/SurfaceFlinger( 1156): SFWD update time=79579666206098
02-18 10:36:38.352 W/BtGatt.ScanManager( 3611): Moving filtered scan client to downgraded scan (scannerId 5)
02-18 10:36:38.440 D/io_stats(  634): !@   8,0 r 15331766 401996080 w 5792476 81244844 d 1462792 85470304 f 0 0 iot 6782560 0 th 0 0 0 pt 0 inp 0 0 79579.893
02-18 10:36:38.910 I/vendor.qti.bluetooth@1.0-ibs_handler(  948): ProcessIbsCmd: Received IBS_WAKE_IND: 0xFD
02-18 10:36:38.910 D/vendor.qti.bluetooth@1.0-ibs_handler(  948): SerialClockVote: vote for UART CLK ON
02-18 10:36:38.913 D/vendor.qti.bluetooth@1.0-wake_lock(  948): Acquire wakelock is acquired 
02-18 10:36:38.913 I/vendor.qti.bluetooth@1.0-ibs_handler(  948): ProcessIbsCmd: Writing IBS_WAKE_ACK
02-18 10:36:38.922 D/BtGatt.GattService( 3611): onScanResult to scannerId: 2- eventType=0x1b, addressType=1, address=XX:XX:XX:XX:7B:D6, primaryPhy=1, secondaryPhy=0, advertisingSid=0xff, txPower=127, rssi=-82, periodicAdvInt=0x0
02-18 10:36:38.930 I/NearbyDiscovery( 5054): (REDACTED) BloomFilterAdvManager: Detected bloom filter but too far away, ignoring. %sm, %s
02-18 10:36:38.931 I/NearbyDiscovery( 5054): (REDACTED) loadFastPairModule: checkFeaturesAreAvailable:%d
02-18 10:36:38.932 I/NearbyDiscovery( 5054): loadFastPairModule: FastPair module is downloaded. [CONTEXT service_id=265 ]
02-18 10:36:38.939 D/BtGatt.GattService( 3611): onScanResult to scannerId: 8- eventType=0x1b, addressType=1, address=XX:XX:XX:XX:75:AE, primaryPhy=1, secondaryPhy=0, advertisingSid=0xff, txPower=127, rssi=-83, periodicAdvInt=0x0
02-18 10:36:38.961 D/BtGatt.GattService( 3611): onScanResult to scannerId: 8- eventType=0x1, addressType=1, address=XX:XX:XX:XX:E0:D2, primaryPhy=1, secondaryPhy=1, advertisingSid=0x4, txPower=127, rssi=-78, periodicAdvInt=0x0
02-18 10:36:38.998 I/vendor.qti.bluetooth@1.0-ibs_handler(  948): ProcessIbsCmd: Received IBS_SLEEP_IND: 0xFE
02-18 10:36:38.999 D/vendor.qti.bluetooth@1.0-ibs_handler(  948): SerialClockVote: vote for UART CLK OFF
02-18 10:36:39.042 I/vendor.qti.bluetooth@1.0-ibs_handler(  948): ProcessIbsCmd: Received IBS_WAKE_IND: 0xFD
02-18 10:36:39.043 D/vendor.qti.bluetooth@1.0-ibs_handler(  948): SerialClockVote: vote for UART CLK ON
02-18 10:36:39.043 I/vendor.qti.bluetooth@1.0-ibs_handler(  948): ProcessIbsCmd: Writing IBS_WAKE_ACK
02-18 10:36:39.052 D/BtGatt.GattService( 3611): onScanResult to scannerId: 8- eventType=0x1b, addressType=1, address=XX:XX:XX:XX:75:AE, primaryPhy=1, secondaryPhy=0, advertisingSid=0xff, txPower=127, rssi=-87, periodicAdvInt=0x0
02-18 10:36:39.087 I/vendor.qti.bluetooth@1.0-ibs_handler(  948): ProcessIbsCmd: Received IBS_SLEEP_IND: 0xFE
02-18 10:36:39.087 D/vendor.qti.bluetooth@1.0-ibs_handler(  948): SerialClockVote: vote for UART CLK OFF
02-18 10:36:39.239 D/vendor.qti.bluetooth@1.0-wake_lock(  948): Release wakelock is released 
02-18 10:36:40.624 I/vendor.qti.bluetooth@1.0-ibs_handler(  948): ProcessIbsCmd: Received IBS_WAKE_IND: 0xFD
02-18 10:36:40.624 D/vendor.qti.bluetooth@1.0-ibs_handler(  948): SerialClockVote: vote for UART CLK ON
02-18 10:36:40.629 D/vendor.qti.bluetooth@1.0-wake_lock(  948): Acquire wakelock is acquired 
02-18 10:36:40.630 I/vendor.qti.bluetooth@1.0-ibs_handler(  948): ProcessIbsCmd: Writing IBS_WAKE_ACK
02-18 10:36:40.639 D/BtGatt.GattService( 3611): onScanResult to scannerId: 2- eventType=0x1b, addressType=1, address=XX:XX:XX:XX:7B:D6, primaryPhy=1, secondaryPhy=0, advertisingSid=0xff, txPower=127, rssi=-78, periodicAdvInt=0x0
02-18 10:36:40.647 I/NearbyDiscovery( 5054): (REDACTED) BloomFilterAdvManager: Detected bloom filter but too far away, ignoring. %sm, %s
02-18 10:36:40.677 I/vendor.qti.bluetooth@1.0-ibs_handler(  948): ProcessIbsCmd: Received IBS_SLEEP_IND: 0xFE
02-18 10:36:40.677 D/vendor.qti.bluetooth@1.0-ibs_handler(  948): SerialClockVote: vote for UART CLK OFF
02-18 10:36:40.694 I/vendor.qti.bluetooth@1.0-ibs_handler(  948): ProcessIbsCmd: Received IBS_WAKE_IND: 0xFD
02-18 10:36:40.694 D/vendor.qti.bluetooth@1.0-ibs_handler(  948): SerialClockVote: vote for UART CLK ON
02-18 10:36:40.694 I/vendor.qti.bluetooth@1.0-ibs_handler(  948): ProcessIbsCmd: Writing IBS_WAKE_ACK
02-18 10:36:40.698 D/BtGatt.GattService( 3611): onScanResult to scannerId: 8- eventType=0x0, addressType=1, address=XX:XX:XX:XX:CB:B6, primaryPhy=1, secondaryPhy=1, advertisingSid=0x2, txPower=127, rssi=-92, periodicAdvInt=0x0
02-18 10:36:40.715 D/BtGatt.GattService( 3611): onScanResult to scannerId: 8- eventType=0x1b, addressType=1, address=XX:XX:XX:XX:75:AE, primaryPhy=1, secondaryPhy=0, advertisingSid=0xff, txPower=127, rssi=-81, periodicAdvInt=0x0
02-18 10:36:40.749 D/BtGatt.GattService( 3611): onScanResult to scannerId: 2- eventType=0x1b, addressType=1, address=XX:XX:XX:XX:7B:D6, primaryPhy=1, secondaryPhy=0, advertisingSid=0xff, txPower=127, rssi=-77, periodicAdvInt=0x0
02-18 10:36:40.757 I/NearbyDiscovery( 5054): (REDACTED) BloomFilterAdvManager: Detected bloom filter but too far away, ignoring. %sm, %s
02-18 10:36:40.787 I/vendor.qti.bluetooth@1.0-ibs_handler(  948): ProcessIbsCmd: Received IBS_SLEEP_IND: 0xFE
02-18 10:36:40.787 D/vendor.qti.bluetooth@1.0-ibs_handler(  948): SerialClockVote: vote for UART CLK OFF
02-18 10:36:40.939 D/vendor.qti.bluetooth@1.0-wake_lock(  948): Release wakelock is released 
02-18 10:36:41.023 D/WM-DelayedWorkTracker(11026): Scheduling work 31867b11-b86e-4642-b3ff-b7d80484a9f0
02-18 10:36:41.024 D/WM-GreedyScheduler(11026): Starting tracking for 31867b11-b86e-4642-b3ff-b7d80484a9f0
02-18 10:36:41.030 I/SDHMS:C ( 5651): SIOP:: AP:345 BAT:319 USB:0 CHG:414 PA:331 WIFI:329 BLK:0 SUBBAT:0 SKIN:343 LRP:343 LRP2:343 LRF2:329 LRB2:343 AP2:343 CHG2:340 WIFI2:341 SPK2:310 VAP:354 
02-18 10:36:41.040 D/WM-GreedyScheduler(11026): Constraints met: Scheduling work ID WorkGenerationalId(workSpecId=31867b11-b86e-4642-b3ff-b7d80484a9f0, generation=0)
02-18 10:36:41.047 D/WM-Processor(11026): 1F6: processing WorkGenerationalId(workSpecId=31867b11-b86e-4642-b3ff-b7d80484a9f0, generation=0)
02-18 10:36:41.071 D/WM-WorkerWrapper(11026): Starting work for com.whatsapp.infra.qpl.quicklog.QplUploadScheduler$QPLUploadWorker
02-18 10:36:41.145 W/com.whatsapp(11026): Accessing hidden method Lcom/android/org/conscrypt/OpenSSLSocketImpl;->setUseSessionTickets(Z)V (max-target-q,core-platform-api, reflection, denied)
02-18 10:36:41.145 W/com.whatsapp(11026): Accessing hidden method Lcom/android/org/conscrypt/AbstractConscryptSocket;->setUseSessionTickets(Z)V (max-target-q, reflection, denied)
02-18 10:36:41.183 D/SemWifiUsabilityStatsMonitor( 1389): onWifiUsabilityStats - seqNum 4903, isSameBssidAndFreq true
02-18 10:36:41.188 D/StatusBarIconController( 2953): ignoring old pipeline callback because the new wifi icon is enabled
02-18 10:36:41.201 I/VSyncReactor( 1156): Current= 60, Period= 60, hwcPeriod= 60
02-18 10:36:41.340 D/NetdEventListenerService( 1389): DNS Requested by 337, 10355, 183
02-18 10:36:41.341 D/TrafficStats(11026): tagSocket(196) with statsTag=0x11, statsUid=-1
02-18 10:36:41.769 I/WM-WorkerWrapper(11026): Worker result SUCCESS for Work [ id=31867b11-b86e-4642-b3ff-b7d80484a9f0, tags={ com.whatsapp.infra.qpl.quicklog.QplUploadScheduler$QPLUploadWorker } ]
02-18 10:36:41.776 D/WM-Processor(11026): 1F6 31867b11-b86e-4642-b3ff-b7d80484a9f0 executed; reschedule = false
02-18 10:36:41.777 D/WM-GreedyScheduler(11026): Stopping tracking for WorkGenerationalId(workSpecId=31867b11-b86e-4642-b3ff-b7d80484a9f0, generation=0)
02-18 10:36:41.794 D/WM-GreedyScheduler(11026): Cancelling work ID 31867b11-b86e-4642-b3ff-b7d80484a9f0
02-18 10:36:41.799 D/WM-GreedyScheduler(11026): Starting tracking for a1266a7a-a587-4f28-b190-8ea59669a6ef
02-18 10:36:42.220 D/SecPowerUI.Notification( 2953): showChargingNotice oldChargingType : 11 / currentChargingType : 11, oldChargingTime : 4546000 / mChargingTime : 4546000
02-18 10:36:42.220 D/SecPowerUI.Notification( 2953): showChargingNotice User swipe, so return!
02-18 10:36:42.254 D/NetdEventListenerService( 1389): DNS Requested by 337, 10208, 86
02-18 10:36:42.444 D/io_stats(  634): !@   8,0 r 15332043 402003652 w 5792577 81245392 d 1462836 85470640 f 0 0 iot 6782704 0 th 0 0 0 pt 0 inp 0 0 79583.897
02-18 10:36:42.627 I/vendor.qti.bluetooth@1.0-ibs_handler(  948): ProcessIbsCmd: Received IBS_WAKE_IND: 0xFD
02-18 10:36:42.627 D/vendor.qti.bluetooth@1.0-ibs_handler(  948): SerialClockVote: vote for UART CLK ON
02-18 10:36:42.631 D/vendor.qti.bluetooth@1.0-wake_lock(  948): Acquire wakelock is acquired 
02-18 10:36:42.631 I/vendor.qti.bluetooth@1.0-ibs_handler(  948): ProcessIbsCmd: Writing IBS_WAKE_ACK
02-18 10:36:42.644 D/BtGatt.GattService( 3611): onScanResult to scannerId: 8- eventType=0x1b, addressType=1, address=XX:XX:XX:XX:75:AE, primaryPhy=1, secondaryPhy=0, advertisingSid=0xff, txPower=127, rssi=-85, periodicAdvInt=0x0
02-18 10:36:42.682 I/vendor.qti.bluetooth@1.0-ibs_handler(  948): ProcessIbsCmd: Received IBS_SLEEP_IND: 0xFE
02-18 10:36:42.682 D/vendor.qti.bluetooth@1.0-ibs_handler(  948): SerialClockVote: vote for UART CLK OFF
02-18 10:36:42.684 I/NearbyMediums( 5054): Found Fast Ble Advertisements :
02-18 10:36:42.684 I/NearbyMediums( 5054): BleAdvertisement { version=2, socketVersion=2, isFast=true, serviceIdHash=null, data=[ 0x23 0x44 0x43 0x59 0x39 0x11 0x32 0xac 0xa2 0xda 0x2a 0x53 0xcd 0x76 0xe4 0x20 0x7f 0xed 0x41 0xf5 0xbe 0x6b 0xe5 ], deviceToken=[ 0x34 0xe4 ], rxAdvertisement=null } : 1 times.
02-18 10:36:42.684 I/NearbyMediums( 5054): BleAdvertisement { version=2, socketVersion=2, isFast=true, serviceIdHash=null, data=[ 0x23 0x48 0x31 0x52 0x32 0x11 0x32 0x34 0x46 0x67 0x00 0xa2 0x5c 0xd5 0x69 0x74 0x71 0x60 0x28 0x0a 0x8b 0xf5 0x93 ], deviceToken=[ 0xf2 0x2e ], rxAdvertisement=null } : 1 times.
02-18 10:36:42.684 I/NearbyMediums( 5054): BleAdvertisement { version=2, socketVersion=2, isFast=true, serviceIdHash=null, data=[ 0x23 0x46 0x41 0x35 0x43 0x11 0x32 0x7a 0xe2 0x7a 0x66 0x04 0xa2 0x0b 0x98 0x5b 0xee 0x95 0x2e 0x56 0x35 0x52 0x16 ], deviceToken=[ 0x2e 0xad ], rxAdvertisement=null } : 1 times.
02-18 10:36:42.684 I/NearbyMediums( 5054): Total 3 fast advertisements from 3 unique advertisers.
02-18 10:36:42.685 I/NearbyMediums( 5054): Found BLE GATT Advertisements :
02-18 10:36:42.685 I/NearbyMediums( 5054): BleAdvertisement { version=2, socketVersion=2, isFast=false, serviceIdHash=[ 0xfc 0x9f 0x5e ], data=[ 0x23 0xfc 0x9f 0x5e 0x53 0x52 0x33 0x51 0x17 0x06 0x63 0x2a 0xcc 0x19 0xa8 0xe5 0xed 0x26 0x0d 0x44 0xa9 0xc2 0x0a 0x8b 0x2b 0x38 0x05 0x4e 0x65 0x74 0x68 0x61 0x50 0xeb 0x71 0x31 0xdc 0xd2 0x00 0x00 ], deviceToken=[ 0xde 0x8a ], rxAdvertisement=null } : 5 times.
02-18 10:36:42.685 I/NearbyMediums( 5054): Total 5 GATT advertisements from 1 unique advertisers.
02-18 10:36:42.685 I/NearbyMediums( 5054): Current Tracked Scanning Clients are : {NearbyConnections.EnvironmentMonitor, NearbySharing, NearbyConnections.TxAdvertisement}
02-18 10:36:42.833 D/vendor.qti.bluetooth@1.0-wake_lock(  948): Release wakelock is released 
02-18 10:36:43.887 I/sensors-hal(  964): handle_sns_client_event:229, auto_rotation_event_2: mode:255, type:1:0/0.177,0.636,9.892, ar:0
02-18 10:36:44.214 D/SemWifiUsabilityStatsMonitor( 1389): onWifiUsabilityStats - seqNum 4904, isSameBssidAndFreq true
02-18 10:36:44.216 I/SemWifiLinkQualityMonitor( 1389): Link stat: 765 / 3 / 1.06 (18) / 433 / -53.0 || 100.0 : 433.00 / 0.5 : 0.94 / 0.55 : 0.00 / G (G) || 0.09 ms / 88.15 Mbps / N || 0 / N / 0 N / 0 Y
02-18 10:36:44.221 D/StatusBarIconController( 2953): ignoring old pipeline callback because the new wifi icon is enabled
02-18 10:36:44.226 I/VSyncReactor( 1156): Current= 60, Period= 60, hwcPeriod= 60
02-18 10:36:44.438 I/vendor.qti.bluetooth@1.0-ibs_handler(  948): ProcessIbsCmd: Received IBS_WAKE_IND: 0xFD
02-18 10:36:44.439 D/vendor.qti.bluetooth@1.0-ibs_handler(  948): SerialClockVote: vote for UART CLK ON
02-18 10:36:44.443 D/vendor.qti.bluetooth@1.0-wake_lock(  948): Acquire wakelock is acquired 
02-18 10:36:44.443 I/vendor.qti.bluetooth@1.0-ibs_handler(  948): ProcessIbsCmd: Writing IBS_WAKE_ACK
02-18 10:36:44.445 D/io_stats(  634): !@   8,0 r 15332057 402003908 w 5792580 81245404 d 1462836 85470640 f 0 0 iot 6782724 0 th 0 0 0 pt 0 inp 0 0 79585.899
02-18 10:36:44.452 D/BtGatt.GattService( 3611): onScanResult to scannerId: 8- eventType=0x0, addressType=1, address=XX:XX:XX:XX:C3:D3, primaryPhy=1, secondaryPhy=1, advertisingSid=0x2, txPower=127, rssi=-84, periodicAdvInt=0x0
02-18 10:36:44.454 D/BtGatt.GattService( 3611): onScanResult to scannerId: 8- eventType=0x10, addressType=1, address=XX:XX:XX:XX:B1:94, primaryPhy=1, secondaryPhy=0, advertisingSid=0xff, txPower=127, rssi=-84, periodicAdvInt=0x0
02-18 10:36:44.457 I/NearbyMediums( 5054): Matched service ID NearbySharing to GATT advertisement BleAdvertisement { version=2, socketVersion=2, isFast=false, serviceIdHash=[ 0xfc 0x9f 0x5e ], data=[ 0x23 0xfc 0x9f 0x5e 0x53 0x52 0x33 0x51 0x17 0x06 0x27 0x16 0xa4 0x27 0xba 0xf4 0x7d 0x95 0x7f 0xa7 0x04 0x17 0x42 0x93 0x4c 0x23 0x05 0x4e 0x65 0x74 0x68 0x61 0x50 0xeb 0x71 0x31 0xdc 0xd2 0x00 0x00 ], deviceToken=[ 0x65 0xc0 ], rxAdvertisement=null }.
02-18 10:36:44.459 I/NearbyConnections( 5054): Found BleAdvertisement [ 0x23 0xfc 0x9f 0x5e 0x53 0x52 0x33 0x51 0x17 0x06 0x27 0x16 0xa4 0x27 0xba 0xf4 0x7d 0x95 0x7f 0xa7 0x04 0x17 0x42 0x93 0x4c 0x23 0x05 0x4e 0x65 0x74 0x68 0x61 0x50 0xeb 0x71 0x31 0xdc 0xd2 0x00 0x00 ] (with EndpointId SR3Q and EndpointInfo [ 0x06 0x27 0x16 0xa4 0x27 0xba 0xf4 0x7d 0x95 0x7f 0xa7 0x04 0x17 0x42 0x93 0x4c 0x23 0x05 0x4e 0x65 0x74 0x68 0x61 ])
02-18 10:36:44.460 I/NearbyConnections( 5054): onEndpointFound reported for endpoint SR3Q with a new endpoint name.
02-18 10:36:44.461 I/NearbyMediums( 5054): Triggered instant on lost for service id : NearbySharing with hash [ 0x93 0xaf 0x82 0x8c ]
02-18 10:36:44.462 I/NearbyConnections( 5054): ClientProxy(237473778) reporting onEndpointLost(SR3Q)
02-18 10:36:44.463 I/NearbyConnections( 5054): Remove replaced endpoints from BleAdvertisementProcessor.
02-18 10:36:44.465 I/NearbyConnections( 5054): ClientProxy(237473778 0p:com.google.android.gms.nearby.sharing) reporting onEndpointFound(SR3Q)
02-18 10:36:44.466 I/NearbyConnections( 5054): ClientProxy(237473778) reporting onEndpointDistanceChanged(SR3Q, UNKNOWN)
02-18 10:36:44.468 I/NearbySharing( 5054): NearbySharing Internal event EndpointLost(endpointId=SR3Q)
02-18 10:36:44.470 I/NearbyConnections( 5054): Processing instant lost on BlePeripheral BlePeripheral{advertisement=BleAdvertisement { version=2, socketVersion=2, isFast=false, serviceIdHash=[ 0xfc 0x9f 0x5e ], data=[ 0x23 0xfc 0x9f 0x5e 0x53 0x52 0x33 0x51 0x17 0x06 0x63 0x2a 0xcc 0x19 0xa8 0xe5 0xed 0x26 0x0d 0x44 0xa9 0xc2 0x0a 0x8b 0x2b 0x38 0x05 0x4e 0x65 0x74 0x68 0x61 0x50 0xeb 0x71 0x31 0xdc 0xd2 0x00 0x00 ], deviceToken=[ 0xde 0x8a ], rxAdvertisement=null }, dctAdvertisement=null, address=null, psm=0, deviceToken=<ByteString@b198419 size=2 contents="\336\212">, isSecondProfile=false, rxInstantConnectionAdv=null}.
02-18 10:36:44.470 I/NearbyConnections( 5054): No associated endpoint found to lost.
02-18 10:36:44.471 I/NearbySharing( 5054): [NS_DISCOVERY] DiscoveryController reported Lost(endpointId=SR3Q)
02-18 10:36:44.473 I/NearbySharing( 5054): NearbySharing Internal event EndpointDiscovered(endpointId=SR3Q)
02-18 10:36:44.489 I/vendor.qti.bluetooth@1.0-ibs_handler(  948): ProcessIbsCmd: Received IBS_SLEEP_IND: 0xFE
02-18 10:36:44.489 D/vendor.qti.bluetooth@1.0-ibs_handler(  948): SerialClockVote: vote for UART CLK OFF
02-18 10:36:44.493 I/NearbySharing( 5054): [NS_DISCOVERY] DiscoveryController reported Discovered(endpointId=SR3Q, metadata=DeviceMetadata(version=0, deviceType=3, deviceName=Netha, displayName=null, modelName=null, imageUri=null, isSelfShare=false, isKnown=false, bluetoothMacAddress=null, vendorId=0, matchesLocalQrCode=false))
02-18 10:36:44.494 I/NearbySharing( 5054): [NS_DEBUG] Dedupped: same endpoint ID SR3Q
02-18 10:36:44.494 I/NearbySharing( 5054): {NS_DEBUG] previous receiver info ReceiverInfo(endpointId=SR3Q, metadata=DeviceMetadata(version=0, deviceType=3, deviceName=Netha, displayName=null, modelName=null, imageUri=null, isSelfShare=false, isKnown=false, bluetoothMacAddress=null, vendorId=0, matchesLocalQrCode=false), state=Lost(delayedStateChangeJob=jchh{Active}@23548d5, sendContext=null))
02-18 10:36:44.495 I/NearbySharing( 5054): NearbySharing Internal event ReceiverEndpointMapping(endpointId=SR3Q, receiverId=1)
02-18 10:36:44.497 I/NearbySharing( 5054): SendManager event DistanceChanged(receiverId=1, distance=1, rangingData=null)
02-18 10:36:44.537 I/vendor.qti.bluetooth@1.0-ibs_handler(  948): ProcessIbsCmd: Received IBS_WAKE_IND: 0xFD
02-18 10:36:44.537 D/vendor.qti.bluetooth@1.0-ibs_handler(  948): SerialClockVote: vote for UART CLK ON
02-18 10:36:44.538 I/vendor.qti.bluetooth@1.0-ibs_handler(  948): ProcessIbsCmd: Writing IBS_WAKE_ACK
02-18 10:36:44.588 I/vendor.qti.bluetooth@1.0-ibs_handler(  948): ProcessIbsCmd: Received IBS_SLEEP_IND: 0xFE
02-18 10:36:44.588 D/vendor.qti.bluetooth@1.0-ibs_handler(  948): SerialClockVote: vote for UART CLK OFF
02-18 10:36:44.740 D/vendor.qti.bluetooth@1.0-wake_lock(  948): Release wakelock is released 
02-18 10:36:45.509 I/wpa_supplicant(18922): Heartbeat 16026
02-18 10:36:46.146 I/vendor.qti.bluetooth@1.0-ibs_handler(  948): ProcessIbsCmd: Received IBS_WAKE_IND: 0xFD
02-18 10:36:46.146 D/vendor.qti.bluetooth@1.0-ibs_handler(  948): SerialClockVote: vote for UART CLK ON
02-18 10:36:46.151 D/vendor.qti.bluetooth@1.0-wake_lock(  948): Acquire wakelock is acquired 
02-18 10:36:46.152 I/vendor.qti.bluetooth@1.0-ibs_handler(  948): ProcessIbsCmd: Writing IBS_WAKE_ACK
02-18 10:36:46.163 D/BtGatt.GattService( 3611): onScanResult to scannerId: 2- eventType=0x1b, addressType=1, address=XX:XX:XX:XX:3C:7C, primaryPhy=1, secondaryPhy=0, advertisingSid=0xff, txPower=127, rssi=-75, periodicAdvInt=0x0
02-18 10:36:46.168 D/BtGatt.GattService( 3611): onScanResult to scannerId: 8- eventType=0x10, addressType=1, address=XX:XX:XX:XX:93:89, primaryPhy=1, secondaryPhy=0, advertisingSid=0xff, txPower=127, rssi=-83, periodicAdvInt=0x0
02-18 10:36:46.172 I/NearbyDiscovery( 5054): (REDACTED) BloomFilterAdvManager: Detected bloom filter but too far away, ignoring. %sm, %s
02-18 10:36:46.187 I/bt_btif_dm( 3611): packages/modules/Bluetooth/system/btif/src/btif_dm.cc:939 btif_update_remote_properties: cod from storage is also unclassified
02-18 10:36:46.188 D/BtGatt.GattService( 3611): onScanResult to scannerId: 8- eventType=0x1b, addressType=1, address=XX:XX:XX:XX:BE:23, primaryPhy=1, secondaryPhy=0, advertisingSid=0xff, txPower=127, rssi=-86, periodicAdvInt=0x0
02-18 10:36:46.199 I/ContainerConfigurationPolicy( 3611): Bluetooth And NFC caller permission check
02-18 10:36:46.199 D/ContainerConfigurationPolicy( 3611): current version : KNOX_ENTERPRISE_SDK_VERSION_3_10, Required version : KNOX_ENTERPRISE_SDK_VERSION_2_4
02-18 10:36:46.203 D/BluetoothUtils( 3611): Utils::isKnoxBluetoothEnabled = true
02-18 10:36:46.203 D/BluetoothUtils( 3611): getBtEnabledContainers(): btContainers = [150]
02-18 10:36:46.220 E/BluetoothRemoteDevices( 3611): Remote class is UNCATEGORIZED
02-18 10:36:46.221 D/BtGatt.GattService( 3611): onScanResult to scannerId: 8- eventType=0x1, addressType=1, address=XX:XX:XX:XX:9E:38, primaryPhy=1, secondaryPhy=1, advertisingSid=0x4, txPower=127, rssi=-87, periodicAdvInt=0x0
02-18 10:36:46.231 I/vendor.qti.bluetooth@1.0-ibs_handler(  948): ProcessIbsCmd: Received IBS_SLEEP_IND: 0xFE
02-18 10:36:46.231 D/vendor.qti.bluetooth@1.0-ibs_handler(  948): SerialClockVote: vote for UART CLK OFF
02-18 10:36:46.231 I/vendor.qti.bluetooth@1.0-ibs_handler(  948): ProcessIbsCmd: Received IBS_WAKE_IND: 0xFD
02-18 10:36:46.231 D/vendor.qti.bluetooth@1.0-ibs_handler(  948): SerialClockVote: vote for UART CLK ON
02-18 10:36:46.231 I/vendor.qti.bluetooth@1.0-ibs_handler(  948): ProcessIbsCmd: Writing IBS_WAKE_ACK
02-18 10:36:46.234 D/BtGatt.GattService( 3611): onScanResult to scannerId: 8- eventType=0x10, addressType=1, address=XX:XX:XX:XX:5C:6A, primaryPhy=1, secondaryPhy=0, advertisingSid=0xff, txPower=127, rssi=-72, periodicAdvInt=0x0
02-18 10:36:46.271 D/BtGatt.GattService( 3611): onScanResult to scannerId: 2- eventType=0x1b, addressType=1, address=XX:XX:XX:XX:3C:7C, primaryPhy=1, secondaryPhy=0, advertisingSid=0xff, txPower=127, rssi=-75, periodicAdvInt=0x0
02-18 10:36:46.277 I/NearbyDiscovery( 5054): (REDACTED) BloomFilterAdvManager: Detected bloom filter but too far away, ignoring. %sm, %s
02-18 10:36:46.285 D/BtGatt.GattService( 3611): onScanResult to scannerId: 8- eventType=0x1b, addressType=1, address=XX:XX:XX:XX:BE:23, primaryPhy=1, secondaryPhy=0, advertisingSid=0xff, txPower=127, rssi=-84, periodicAdvInt=0x0
02-18 10:36:46.323 I/vendor.qti.bluetooth@1.0-ibs_handler(  948): ProcessIbsCmd: Received IBS_SLEEP_IND: 0xFE
02-18 10:36:46.323 D/vendor.qti.bluetooth@1.0-ibs_handler(  948): SerialClockVote: vote for UART CLK OFF
02-18 10:36:46.474 D/vendor.qti.bluetooth@1.0-wake_lock(  948): Release wakelock is released 
02-18 10:36:47.238 D/SemWifiUsabilityStatsMonitor( 1389): onWifiUsabilityStats - seqNum 4905, isSameBssidAndFreq true
02-18 10:36:47.267 I/android.hardware.health@2.1-service-samsung(  956): updateLrpSysfs: write: 343
02-18 10:36:47.268 D/BatteryService( 1389): Sending ACTION_BATTERY_CHANGED: level:47, status:2, health:2, remain:4536, ac:false, usb:true, wireless:false, pogo:false, misc:0x10000, charge_type:1, charger_type:0, voltage:3948, temperature:320, online:4, charging_status:0, cycle_count:0, current_avg:1684, ps:false, hvc:false, capacity:280000, current_event:0x8000, current_now:1700, mcc:0, mcv:0, cc:2365000, present:true, scale:100, technology:Li-ion
02-18 10:36:47.271 I/DeviceBatteryInfoService( 1389): action: android.intent.action.BATTERY_CHANGED
02-18 10:36:47.271 I/DeviceBatteryInfoService( 1389): phone battery level: 47
02-18 10:36:47.271 I/DeviceBatteryInfoService( 1389): phone battery status: 2
02-18 10:36:47.273 D/MotionRecognitionService( 1389): [SAR]  onReceive : ACTION_BATTERY_CHANGED, Plugged: 2
02-18 10:36:47.275 D/SamsungBatteryMeterDrawable( 2953): onBatteryLevelChanged isSomethingChanged: false
02-18 10:36:47.276 D/SamsungBatteryMeterDrawable( 2953): onBatteryLevelChanged isSomethingChanged: false
02-18 10:36:47.276 D/SamsungBatteryMeterDrawable( 2953): onBatteryLevelChanged isSomethingChanged: false
02-18 10:36:47.276 D/SemBigDataInfoController( 3241): Intent: android.intent.action.BATTERY_CHANGED
02-18 10:36:47.276 D/SemBigDataInfoController( 3241): Intent: android.intent.action.BATTERY_CHANGED
02-18 10:36:47.277 I/PowerUI ( 2953): mBootCompleted = true |  mFullyConnected = true
02-18 10:36:47.277 I/PowerUI ( 2953): BATTERY_HEALTH_CHECK extraHealth=2 mBatteryMiscEvent=65536
02-18 10:36:47.277 W/PowerUI ( 2953): Plug reason
02-18 10:36:47.277 W/PowerUI ( 2953): Skip charging animation - by plug status
02-18 10:36:47.277 D/PowerUI ( 2953): priorPlugType = 2 mPlugType = 2 priorBatteryStatus = 2 mBatteryStatus = 2
02-18 10:36:47.277 W/PowerUI ( 2953): Plug reason
02-18 10:36:47.277 W/PowerUI ( 2953): Skip charging sound - by plug status
02-18 10:36:47.277 I/PowerUI ( 2953): oldMisalign : false, curMisalign : false
02-18 10:36:47.277 D/SecPowerUI.Notification( 2953): dismissing low battery warning: level=47
02-18 10:36:47.277 D/SecPowerUI.Notification( 2953): updateNotification mWarning=false mPlaySound=false
02-18 10:36:47.277 D/SecPowerUI.Notification( 2953): SecBatteryStatsSnapshot{batteryLevel=47, currentBatteryMode=0, chargingTime=4546000, chargingType=11, batteryHealth=2, automaticTestMode=false, isHiccupState=false, optChargingFinishTime=}
02-18 10:36:47.278 D/SecPowerUI.Notification( 2953): 1. restoreScreenTimeOut - saved_value : :
02-18 10:36:47.278 E/SecPowerUI.Notification( 2953): no saved value, so we do nothing !!
02-18 10:36:47.279 D/SecPowerUI.Notification( 2953): showChargingNotice oldChargingType : 11 / currentChargingType : 11, oldChargingTime : 4546000 / mChargingTime : 4536000
02-18 10:36:47.280 D/SecPowerUI.Notification( 2953): showChargingNotice User swipe, so return!
02-18 10:36:47.280 D/PowerUI ( 2953): Battery swelling mode - priorBatterySwellingMode = 0 mBatterySwellingMode = 0 mBatteryStatus = 2
02-18 10:36:47.280 I/PowerUI ( 2953): mBatteryMiscEvent = 65536
02-18 10:36:47.280 I/PowerUI ( 2953): checkRestoreProtectBattery pb value : 0, Scheduling start ? : false
02-18 10:36:47.280 I/PowerUI ( 2953): Clear time
02-18 10:36:47.281 D/KNOX_MDM_SettingsProvider( 1389): isChangeAllowed() : name = ltc_highsoc_exceed_time
02-18 10:36:47.281 D/KNOX_MDM_SettingsProvider( 1389): edmUri: content://com.sec.knox.provider/RestrictionPolicy3
02-18 10:36:47.281 D/KNOX_MDM_SettingsProvider( 1389): projectionArgs: isSettingsChangesAllowed
02-18 10:36:47.281 D/KNOX_MDM_SettingsProvider( 1389): selectionArgs: false
02-18 10:36:47.281 D/KNOX_MDM_SettingsProvider( 1389): selectionArgs: 10046
02-18 10:36:47.281 D/SecContentProvider( 1389): query(), uri = 17 selection = isSettingsChangesAllowed
02-18 10:36:47.281 I/[SCPMV2][SystemMonitorReceiver](16935): onReceive: android.intent.action.BATTERY_CHANGED
02-18 10:36:47.281 D/SecContentProvider( 1389): called from android.uid.systemui:10046
02-18 10:36:47.281 D/RestrictionPolicy( 1389): isSettingsChangesAllowedAsUser, userId 0 : true
02-18 10:36:47.282 D/KNOX_MDM_SettingsProvider( 1389): ret = 1
02-18 10:36:47.283 I/PowerUI ( 2953): checkBatteryProtectionNotification : 2, pb value : 0, plugType : 2, level : 47
02-18 10:36:47.283 D/SecPowerUI.Notification( 2953): SecBatteryStatsSnapshot{batteryLevel=47, currentBatteryMode=0, chargingTime=4536000, chargingType=11, batteryHealth=2, automaticTestMode=false, isHiccupState=false, optChargingFinishTime=}
02-18 10:36:47.285 I/AODBatteryManager( 2953): updateBatteryData: ACTION_BATTERY_CHANGED
02-18 10:36:47.287 I/AODBatteryManager( 2953): saveBatteryData : AOD BatteryData [mBatteryLevel=47, mBatteryStatus=CHARGING, mBatteryPlugType=USB, mBatteryPlugged=true, mRemainingChargeTime=4536000, mBatteryChargingType=1, mBatteryChargerType=NORMAL, mBatteryOnline=USB, mBatterySwellingMode=NONE, mBatteryProtectMode=false, mBatteryProtectModeType=1, mSleepChargingEvent=null, mSleepChargingEventFinishTime=null]
02-18 10:36:47.287 I/ChargingInfoManager( 2953): updateChargingInfo: newState = AOD ChargingInfo [mState=BATTERY_AND_REMAIN_TIME, mIsCharging=true, mIsFullyCharged=false, mIsBatteryProtectMode=false, mBetteryLevel=47, mBetteryProtectModeType0], oldState = AOD ChargingInfo [mState=BATTERY_AND_REMAIN_TIME, mIsCharging=true, mIsFullyCharged=false, mIsBatteryProtectMode=false, mBetteryLevel=47, mBetteryProtectModeType0]
02-18 10:36:47.287 D/KeyguardUpdateMonitor( 2953): handleBatteryUpdate
02-18 10:36:47.291 D/KeyguardSecIndicationController( 2953): addIndicationTimeout() returned - unlocking
02-18 10:36:47.291 D/KeyguardSecIndicationController( 2953): addIndication() returned - unlocking
02-18 10:36:47.292 D/KeyguardSecIndicationPolicy( 2953):  remove Item pos = DEFAULT, type =     TRUST_AGENT_HELP
02-18 10:36:47.292 D/KeyguardSecIndicationController( 2953): addUsbRestriction false/isSecure=true
02-18 10:36:47.292 D/KeyguardSecIndicationPolicy( 2953):  remove Item pos = DEFAULT, type =      USB_RESTRICTION
02-18 10:36:47.293 D/KeyguardSecIndicationController( 2953): addBatteryAndOwnerInfoIndication() battery status = BatteryStatus{status=2,level=47,plugged=2,chargingStatus=0,maxChargingWattage=-1,remaining=4536000ultraFastCharger=0}
02-18 10:36:47.951 I/vendor.qti.bluetooth@1.0-ibs_handler(  948): ProcessIbsCmd: Received IBS_WAKE_IND: 0xFD
02-18 10:36:47.951 D/vendor.qti.bluetooth@1.0-ibs_handler(  948): SerialClockVote: vote for UART CLK ON
02-18 10:36:47.954 D/vendor.qti.bluetooth@1.0-wake_lock(  948): Acquire wakelock is acquired 
02-18 10:36:47.954 I/vendor.qti.bluetooth@1.0-ibs_handler(  948): ProcessIbsCmd: Writing IBS_WAKE_ACK
02-18 10:36:47.966 D/BtGatt.GattService( 3611): onScanResult to scannerId: 8- eventType=0x1, addressType=1, address=XX:XX:XX:XX:9E:38, primaryPhy=1, secondaryPhy=1, advertisingSid=0x4, txPower=127, rssi=-87, periodicAdvInt=0x0
02-18 10:36:47.970 D/BtGatt.GattService( 3611): onScanResult to scannerId: 2- eventType=0x1b, addressType=1, address=XX:XX:XX:XX:7B:D6, primaryPhy=1, secondaryPhy=0, advertisingSid=0xff, txPower=127, rssi=-78, periodicAdvInt=0x0
02-18 10:36:47.972 D/BtGatt.GattService( 3611): onScanResult to scannerId: 8- eventType=0x0, addressType=1, address=XX:XX:XX:XX:C3:D3, primaryPhy=1, secondaryPhy=1, advertisingSid=0x2, txPower=127, rssi=-76, periodicAdvInt=0x0
02-18 10:36:47.977 I/NearbyDiscovery( 5054): (REDACTED) BloomFilterAdvManager: Detected bloom filter but too far away, ignoring. %sm, %s
02-18 10:36:47.984 D/BtGatt.GattService( 3611): onScanResult to scannerId: 2- eventType=0x1b, addressType=1, address=XX:XX:XX:XX:3C:7C, primaryPhy=1, secondaryPhy=0, advertisingSid=0xff, txPower=127, rssi=-83, periodicAdvInt=0x0
02-18 10:36:47.992 I/NearbyDiscovery( 5054): (REDACTED) BloomFilterAdvManager: Detected bloom filter but too far away, ignoring. %sm, %s
02-18 10:36:48.005 D/BtGatt.GattService( 3611): onScanResult to scannerId: 8- eventType=0x10, addressType=1, address=XX:XX:XX:XX:93:89, primaryPhy=1, secondaryPhy=0, advertisingSid=0xff, txPower=127, rssi=-81, periodicAdvInt=0x0
02-18 10:36:48.043 I/vendor.qti.bluetooth@1.0-ibs_handler(  948): ProcessIbsCmd: Received IBS_SLEEP_IND: 0xFE
02-18 10:36:48.043 D/vendor.qti.bluetooth@1.0-ibs_handler(  948): SerialClockVote: vote for UART CLK OFF
02-18 10:36:48.072 I/vendor.qti.bluetooth@1.0-ibs_handler(  948): ProcessIbsCmd: Received IBS_WAKE_IND: 0xFD
02-18 10:36:48.072 D/vendor.qti.bluetooth@1.0-ibs_handler(  948): SerialClockVote: vote for UART CLK ON
02-18 10:36:48.072 I/vendor.qti.bluetooth@1.0-ibs_handler(  948): ProcessIbsCmd: Writing IBS_WAKE_ACK
02-18 10:36:48.108 D/BtGatt.GattService( 3611): onScanResult to scannerId: 8- eventType=0x0, addressType=1, address=XX:XX:XX:XX:C3:D3, primaryPhy=1, secondaryPhy=1, advertisingSid=0x2, txPower=127, rssi=-85, periodicAdvInt=0x0
02-18 10:36:48.145 I/vendor.qti.bluetooth@1.0-ibs_handler(  948): ProcessIbsCmd: Received IBS_SLEEP_IND: 0xFE
02-18 10:36:48.145 D/vendor.qti.bluetooth@1.0-ibs_handler(  948): SerialClockVote: vote for UART CLK OFF
02-18 10:36:48.296 D/vendor.qti.bluetooth@1.0-wake_lock(  948): Release wakelock is released 
02-18 10:36:48.448 D/io_stats(  634): !@   8,0 r 15332058 402003912 w 5792595 81247144 d 1462837 85470644 f 0 0 iot 6782784 0 th 0 0 0 pt 0 inp 0 0 79589.901
02-18 10:36:49.847 I/vendor.qti.bluetooth@1.0-ibs_handler(  948): ProcessIbsCmd: Received IBS_WAKE_IND: 0xFD
02-18 10:36:49.848 D/vendor.qti.bluetooth@1.0-ibs_handler(  948): SerialClockVote: vote for UART CLK ON
02-18 10:36:49.851 D/vendor.qti.bluetooth@1.0-wake_lock(  948): Acquire wakelock is acquired 
02-18 10:36:49.852 I/vendor.qti.bluetooth@1.0-ibs_handler(  948): ProcessIbsCmd: Writing IBS_WAKE_ACK
02-18 10:36:49.862 D/BtGatt.GattService( 3611): onScanResult to scannerId: 8- eventType=0x0, addressType=1, address=XX:XX:XX:XX:C3:D3, primaryPhy=1, secondaryPhy=1, advertisingSid=0x2, txPower=127, rssi=-84, periodicAdvInt=0x0
02-18 10:36:49.867 D/BtGatt.GattService( 3611): onScanResult to scannerId: 8- eventType=0x1b, addressType=1, address=XX:XX:XX:XX:BE:23, primaryPhy=1, secondaryPhy=0, advertisingSid=0xff, txPower=127, rssi=-85, periodicAdvInt=0x0
02-18 10:36:49.898 I/vendor.qti.bluetooth@1.0-ibs_handler(  948): ProcessIbsCmd: Received IBS_SLEEP_IND: 0xFE
02-18 10:36:49.898 D/vendor.qti.bluetooth@1.0-ibs_handler(  948): SerialClockVote: vote for UART CLK OFF
02-18 10:36:49.908 I/vendor.qti.bluetooth@1.0-ibs_handler(  948): ProcessIbsCmd: Received IBS_WAKE_IND: 0xFD
02-18 10:36:49.908 D/vendor.qti.bluetooth@1.0-ibs_handler(  948): SerialClockVote: vote for UART CLK ON
02-18 10:36:49.908 I/vendor.qti.bluetooth@1.0-ibs_handler(  948): ProcessIbsCmd: Writing IBS_WAKE_ACK
02-18 10:36:49.915 D/BtGatt.GattService( 3611): onScanResult to scannerId: 8- eventType=0x10, addressType=1, address=XX:XX:XX:XX:93:89, primaryPhy=1, secondaryPhy=0, advertisingSid=0xff, txPower=127, rssi=-96, periodicAdvInt=0x0
02-18 10:36:49.922 D/BtGatt.GattService( 3611): onScanResult to scannerId: 8- eventType=0x1, addressType=1, address=XX:XX:XX:XX:9E:38, primaryPhy=1, secondaryPhy=1, advertisingSid=0x4, txPower=127, rssi=-82, periodicAdvInt=0x0
02-18 10:36:49.952 D/BtGatt.GattService( 3611): onScanResult to scannerId: 8- eventType=0x1b, addressType=1, address=XX:XX:XX:XX:BE:23, primaryPhy=1, secondaryPhy=0, advertisingSid=0xff, txPower=127, rssi=-84, periodicAdvInt=0x0
02-18 10:36:49.963 D/BtGatt.GattService( 3611): onScanResult to scannerId: 8- eventType=0x0, addressType=1, address=XX:XX:XX:XX:C3:D3, primaryPhy=1, secondaryPhy=1, advertisingSid=0x2, txPower=127, rssi=-80, periodicAdvInt=0x0
02-18 10:36:50.026 I/vendor.qti.bluetooth@1.0-ibs_handler(  948): ProcessIbsCmd: Received IBS_SLEEP_IND: 0xFE
02-18 10:36:50.026 D/vendor.qti.bluetooth@1.0-ibs_handler(  948): SerialClockVote: vote for UART CLK OFF
02-18 10:36:50.177 D/vendor.qti.bluetooth@1.0-wake_lock(  948): Release wakelock is released 
02-18 10:36:50.277 D/SemWifiUsabilityStatsMonitor( 1389): onWifiUsabilityStats - seqNum 4906, isSameBssidAndFreq true
02-18 10:36:50.287 D/StatusBarIconController( 2953): ignoring old pipeline callback because the new wifi icon is enabled
02-18 10:36:50.290 I/VSyncReactor( 1156): Current= 60, Period= 60, hwcPeriod= 60
02-18 10:36:50.583 D/UsbStatsMonitor( 1389): 0 0 0 0 0 0 0 0 0 0 0 0 1 0 0 0 0 0 0 0 0 0 0 0 0 0 0 0 0 0 0 0 0 0 0 0 0 0 0 0 0 0 0 0 0 0 0 0 0 0 0 0 0 0
02-18 10:36:51.525 E/audit   (  851): type=1400 audit(1771391211.521:130367): avc:  denied  { kill } for  pid=0 comm="swapper/3" capability=5  scontext=u:r:kernel:s0 tcontext=u:r:kernel:s0 tclass=capability permissive=0 SEPF_SM-A235F_12_0001 audit_filtered
02-18 10:36:51.891 I/vendor.qti.bluetooth@1.0-ibs_handler(  948): ProcessIbsCmd: Received IBS_WAKE_IND: 0xFD
02-18 10:36:51.891 D/vendor.qti.bluetooth@1.0-ibs_handler(  948): SerialClockVote: vote for UART CLK ON
02-18 10:36:51.896 D/vendor.qti.bluetooth@1.0-wake_lock(  948): Acquire wakelock is acquired 
02-18 10:36:51.896 I/vendor.qti.bluetooth@1.0-ibs_handler(  948): ProcessIbsCmd: Writing IBS_WAKE_ACK
02-18 10:36:51.944 I/vendor.qti.bluetooth@1.0-ibs_handler(  948): ProcessIbsCmd: Received IBS_SLEEP_IND: 0xFE
02-18 10:36:51.944 D/vendor.qti.bluetooth@1.0-ibs_handler(  948): SerialClockVote: vote for UART CLK OFF
02-18 10:36:51.951 I/vendor.qti.bluetooth@1.0-ibs_handler(  948): ProcessIbsCmd: Received IBS_WAKE_IND: 0xFD
02-18 10:36:51.951 D/vendor.qti.bluetooth@1.0-ibs_handler(  948): SerialClockVote: vote for UART CLK ON
02-18 10:36:51.951 I/vendor.qti.bluetooth@1.0-ibs_handler(  948): ProcessIbsCmd: Writing IBS_WAKE_ACK
02-18 10:36:51.957 D/BtGatt.GattService( 3611): onScanResult to scannerId: 8- eventType=0x1b, addressType=1, address=XX:XX:XX:XX:BE:23, primaryPhy=1, secondaryPhy=0, advertisingSid=0xff, txPower=127, rssi=-93, periodicAdvInt=0x0
02-18 10:36:51.964 D/BtGatt.GattService( 3611): onScanResult to scannerId: 8- eventType=0x0, addressType=1, address=XX:XX:XX:XX:C3:D3, primaryPhy=1, secondaryPhy=1, advertisingSid=0x2, txPower=127, rssi=-87, periodicAdvInt=0x0
02-18 10:36:51.994 D/BtGatt.GattService( 3611): onScanResult to scannerId: 2- eventType=0x1b, addressType=1, address=XX:XX:XX:XX:7B:D6, primaryPhy=1, secondaryPhy=0, advertisingSid=0xff, txPower=127, rssi=-84, periodicAdvInt=0x0
02-18 10:36:52.002 I/NearbyDiscovery( 5054): (REDACTED) BloomFilterAdvManager: Detected bloom filter but too far away, ignoring. %sm, %s
02-18 10:36:52.029 I/vendor.qti.bluetooth@1.0-ibs_handler(  948): ProcessIbsCmd: Received IBS_SLEEP_IND: 0xFE
02-18 10:36:52.029 D/vendor.qti.bluetooth@1.0-ibs_handler(  948): SerialClockVote: vote for UART CLK OFF
02-18 10:36:52.073 D/SLocation( 1389): SessionAlarm - onAlarm
02-18 10:36:52.080 D/SLocation( 1389): LocationProviderStatus - try to update provider status (GPS/NLP)
02-18 10:36:52.081 D/SLocation( 1389): LocationProviderStatus - set isGpsOn : true, isNlpOn : true
02-18 10:36:52.081 D/SLocation( 1389): LocationProviderStatus - gps & nlp status not changed
02-18 10:36:52.081 D/SLocation( 1389): SContentManager - IsNetworkAvailable = true
02-18 10:36:52.081 D/SLocation( 1389): PositionManager - requestLocationUpdates(1) : NETWORK_PROVIDER
02-18 10:36:52.081 D/SLocation( 1389): NLPManager - requestUpdate - NLP
02-18 10:36:52.083 D/CompatibilityChangeReporter( 1389): Compat change id reported: 168936375; UID 1000; state: ENABLED
02-18 10:36:52.096 D/LocationManagerService( 1389): network provider added registration from 1000/android[SLocationService]/4933D8A7 -> Request[@0 BALANCED, WorkSource{1000 android}]
02-18 10:36:52.106 I/NSLocationProviderHelper( 1389): updateRequestInfo, uid=1000
02-18 10:36:52.108 D/CompatibilityChangeReporter( 1389): Compat change id reported: 73144566; UID 1000; state: ENABLED
02-18 10:36:52.113 D/LocationManagerService( 1389): network provider request changed to ProviderRequest[@0, WorkSource{1000 android}]
02-18 10:36:52.124 W/ProcessStats( 1389): Tracking association SourceState{5e88f91 com.google.android.gms.persistent/10208 BTop #411155} whose proc state 2 is better than process ProcessState{ce303d8 com.google.android.adservices.api/10314 pkg=com.google.android.adservices.api} proc state 14 (34 skipped)
02-18 10:36:52.137 D/SLocation( 1389): PositionManager - Active handleLocationChanged network 1771391212126
02-18 10:36:52.139 D/SLocation( 1389): ARDistanceBigData - BIGDATA ARD - receive location
02-18 10:36:52.139 D/SLocation( 1389): ARDistanceBigData - BIGDATA ARD disabled, onReceiveLocation
02-18 10:36:52.140 W/SLocation( 1389): GeopointGeofenceManager - refresh wifi to receive loc
02-18 10:36:52.140 D/SLocation( 1389): GeopointGeofenceManager - Location reported : fix method = 2 / 300.0
02-18 10:36:52.141 D/SLocation( 1389): NLPManager - removeUpdates - NLP
02-18 10:36:52.142 I/NSLocationProviderHelper( 1389): updateRemoveInfo, uid=1000
02-18 10:36:52.142 D/LocationManagerService( 1389): network provider removed registration from 1000/android[SLocationService]/4933D8A7
02-18 10:36:52.142 D/LocationManagerService( 1389): network provider request changed to ProviderRequest[@+6h0m0s0ms, LOW_POWER, WorkSource{10204 com.google.android.as}]
02-18 10:36:52.145 I/ActivityScheduler( 5054): nextTriggerTime: 787081237, in 29318ms, detectorType: 39, FULL_TYPE alarmWindowMillis: 7500
02-18 10:36:52.146 W/Settings( 1389): Setting airplane_mode_on has moved from android.provider.Settings.System to android.provider.Settings.Global, returning read-only value.
02-18 10:36:52.151 D/SLocation( 1389): LastLocations - update latest location [Nu, A : 300.00, T : 787051900, h : 22/31]
02-18 10:36:52.153 D/SLocation( 1389): SensorHubWrapper - SemContext.TYPE_SLOCATION_CORE_SEM is not available
