02-18 10:52:14.690 I/vendor.qti.bluetooth@1.0-ibs_handler(  948): ProcessIbsCmd: Received IBS_WAKE_IND: 0xFD
02-18 10:52:14.690 D/vendor.qti.bluetooth@1.0-ibs_handler(  948): SerialClockVote: vote for UART CLK ON
02-18 10:52:14.690 I/vendor.qti.bluetooth@1.0-ibs_handler(  948): ProcessIbsCmd: Writing IBS_WAKE_ACK
02-18 10:52:14.700 D/BtGatt.GattService( 3611): onScanResult to scannerId: 3- eventType=0x1b, addressType=1, address=XX:XX:XX:XX:3C:7C, primaryPhy=1, secondaryPhy=0, advertisingSid=0xff, txPower=127, rssi=-77, periodicAdvInt=0x0
02-18 10:52:14.709 I/NearbyDiscovery( 5054): (REDACTED) BloomFilterAdvManager: Detected bloom filter but too far away, ignoring. %sm, %s
02-18 10:52:14.739 D/BtGatt.GattService( 3611): onScanResult to scannerId: 8- eventType=0x10, addressType=1, address=XX:XX:XX:XX:CF:AB, primaryPhy=1, secondaryPhy=0, advertisingSid=0xff, txPower=127, rssi=-85, periodicAdvInt=0x0
02-18 10:52:14.773 I/vendor.qti.bluetooth@1.0-ibs_handler(  948): ProcessIbsCmd: Received IBS_SLEEP_IND: 0xFE
02-18 10:52:14.774 D/vendor.qti.bluetooth@1.0-ibs_handler(  948): SerialClockVote: vote for UART CLK OFF
02-18 10:52:14.924 D/vendor.qti.bluetooth@1.0-wake_lock(  948): Release wakelock is released 
02-18 10:52:14.936 D/SemWifiUsabilityStatsMonitor( 1389): onWifiUsabilityStats - seqNum 5187, isSameBssidAndFreq true
02-18 10:52:14.999 D/WifiConnectivityMonitor.NetworkStatsAnalyzer( 1389): Backhaul result - RSSI:-59, CE:10, PE:11, TI:14, PTI:15, TW:2, PTW:5, Tx:2, Rx:4, TxS:1, RxS:2, RESULT:true, IC:0, ICT:5, WC:0, WCT:5, R:0, RC:0, IE:0, EC:0
02-18 10:52:15.290 D/io_stats(  634): !@   8,0 r 15533167 407344252 w 5832935 81705760 d 1473843 86170660 f 0 0 iot 6841888 0 th 0 0 0 pt 0 inp 0 0 80516.743
02-18 10:52:15.452 I/android.hardware.health@2.1-service-samsung(  956): updateLrpSysfs: write: 357
02-18 10:52:15.456 D/BatteryService( 1389): Sending ACTION_BATTERY_CHANGED: level:56, status:2, health:2, remain:3729, ac:false, usb:true, wireless:false, pogo:false, misc:0x10000, charge_type:1, charger_type:0, voltage:3965, temperature:334, online:4, charging_status:0, cycle_count:0, current_avg:1186, ps:false, hvc:false, capacity:280000, current_event:0x8000, current_now:1269, mcc:0, mcv:0, cc:2815000, present:true, scale:100, technology:Li-ion
02-18 10:52:15.463 I/DeviceBatteryInfoService( 1389): action: android.intent.action.BATTERY_CHANGED
02-18 10:52:15.463 I/DeviceBatteryInfoService( 1389): phone battery level: 56
02-18 10:52:15.463 I/DeviceBatteryInfoService( 1389): phone battery status: 2
02-18 10:52:15.466 D/MotionRecognitionService( 1389): [SAR]  onReceive : ACTION_BATTERY_CHANGED, Plugged: 2
02-18 10:52:15.469 I/AODBatteryManager( 2953): updateBatteryData: ACTION_BATTERY_CHANGED
02-18 10:52:15.469 D/SemBigDataInfoController( 3241): Intent: android.intent.action.BATTERY_CHANGED
02-18 10:52:15.469 D/SemBigDataInfoController( 3241): Intent: android.intent.action.BATTERY_CHANGED
02-18 10:52:15.471 I/[SCPMV2][SystemMonitorReceiver](16935): onReceive: android.intent.action.BATTERY_CHANGED
02-18 10:52:15.476 I/AODBatteryManager( 2953): saveBatteryData : AOD BatteryData [mBatteryLevel=56, mBatteryStatus=CHARGING, mBatteryPlugType=USB, mBatteryPlugged=true, mRemainingChargeTime=3729000, mBatteryChargingType=1, mBatteryChargerType=NORMAL, mBatteryOnline=USB, mBatterySwellingMode=NONE, mBatteryProtectMode=false, mBatteryProtectModeType=1, mSleepChargingEvent=null, mSleepChargingEventFinishTime=null]
02-18 10:52:15.476 I/ChargingInfoManager( 2953): updateChargingInfo: newState = AOD ChargingInfo [mState=BATTERY_AND_REMAIN_TIME, mIsCharging=true, mIsFullyCharged=false, mIsBatteryProtectMode=false, mBetteryLevel=56, mBetteryProtectModeType0], oldState = AOD ChargingInfo [mState=BATTERY_AND_REMAIN_TIME, mIsCharging=true, mIsFullyCharged=false, mIsBatteryProtectMode=false, mBetteryLevel=56, mBetteryProtectModeType0]
02-18 10:52:15.477 D/SamsungBatteryMeterDrawable( 2953): onBatteryLevelChanged isSomethingChanged: false
02-18 10:52:15.478 D/SamsungBatteryMeterDrawable( 2953): onBatteryLevelChanged isSomethingChanged: false
02-18 10:52:15.478 D/SamsungBatteryMeterDrawable( 2953): onBatteryLevelChanged isSomethingChanged: false
02-18 10:52:15.479 I/PowerUI ( 2953): mBootCompleted = true |  mFullyConnected = true
02-18 10:52:15.480 I/PowerUI ( 2953): BATTERY_HEALTH_CHECK extraHealth=2 mBatteryMiscEvent=65536
02-18 10:52:15.480 W/PowerUI ( 2953): Plug reason
02-18 10:52:15.480 W/PowerUI ( 2953): Skip charging animation - by plug status
02-18 10:52:15.480 D/PowerUI ( 2953): priorPlugType = 2 mPlugType = 2 priorBatteryStatus = 2 mBatteryStatus = 2
02-18 10:52:15.480 W/PowerUI ( 2953): Plug reason
02-18 10:52:15.480 W/PowerUI ( 2953): Skip charging sound - by plug status
02-18 10:52:15.480 I/PowerUI ( 2953): oldMisalign : false, curMisalign : false
02-18 10:52:15.481 D/SecPowerUI.Notification( 2953): dismissing low battery warning: level=56
02-18 10:52:15.481 D/SecPowerUI.Notification( 2953): updateNotification mWarning=false mPlaySound=false
02-18 10:52:15.481 D/SecPowerUI.Notification( 2953): SecBatteryStatsSnapshot{batteryLevel=56, currentBatteryMode=0, chargingTime=3736000, chargingType=11, batteryHealth=2, automaticTestMode=false, isHiccupState=false, optChargingFinishTime=}
02-18 10:52:15.484 D/SecPowerUI.Notification( 2953): 1. restoreScreenTimeOut - saved_value : :
02-18 10:52:15.484 E/SecPowerUI.Notification( 2953): no saved value, so we do nothing !!
02-18 10:52:15.484 D/SecPowerUI.Notification( 2953): showChargingNotice oldChargingType : 11 / currentChargingType : 11, oldChargingTime : 3736000 / mChargingTime : 3729000
02-18 10:52:15.485 D/SecPowerUI.Notification( 2953): showChargingNotice User swipe, so return!
02-18 10:52:15.485 D/PowerUI ( 2953): Battery swelling mode - priorBatterySwellingMode = 0 mBatterySwellingMode = 0 mBatteryStatus = 2
02-18 10:52:15.485 I/PowerUI ( 2953): mBatteryMiscEvent = 65536
02-18 10:52:15.485 I/PowerUI ( 2953): checkRestoreProtectBattery pb value : 0, Scheduling start ? : false
02-18 10:52:15.485 I/PowerUI ( 2953): Clear time
02-18 10:52:15.486 D/KNOX_MDM_SettingsProvider( 1389): isChangeAllowed() : name = ltc_highsoc_exceed_time
02-18 10:52:15.487 D/KNOX_MDM_SettingsProvider( 1389): edmUri: content://com.sec.knox.provider/RestrictionPolicy3
02-18 10:52:15.487 D/KNOX_MDM_SettingsProvider( 1389): projectionArgs: isSettingsChangesAllowed
02-18 10:52:15.487 D/KNOX_MDM_SettingsProvider( 1389): selectionArgs: false
02-18 10:52:15.487 D/KNOX_MDM_SettingsProvider( 1389): selectionArgs: 10046
02-18 10:52:15.487 D/SecContentProvider( 1389): query(), uri = 17 selection = isSettingsChangesAllowed
02-18 10:52:15.487 D/SecContentProvider( 1389): called from android.uid.systemui:10046
02-18 10:52:15.488 D/RestrictionPolicy( 1389): isSettingsChangesAllowedAsUser, userId 0 : true
02-18 10:52:15.488 D/KNOX_MDM_SettingsProvider( 1389): ret = 1
02-18 10:52:15.489 I/PowerUI ( 2953): checkBatteryProtectionNotification : 2, pb value : 0, plugType : 2, level : 56
02-18 10:52:15.489 D/SecPowerUI.Notification( 2953): SecBatteryStatsSnapshot{batteryLevel=56, currentBatteryMode=0, chargingTime=3729000, chargingType=11, batteryHealth=2, automaticTestMode=false, isHiccupState=false, optChargingFinishTime=}
02-18 10:52:15.491 D/KeyguardUpdateMonitor( 2953): handleBatteryUpdate
02-18 10:52:15.497 D/KeyguardSecIndicationController( 2953): addIndicationTimeout() returned - unlocking
02-18 10:52:15.497 D/KeyguardSecIndicationController( 2953): addIndication() returned - unlocking
02-18 10:52:15.498 D/KeyguardSecIndicationPolicy( 2953):  remove Item pos = DEFAULT, type =     TRUST_AGENT_HELP
02-18 10:52:15.499 D/KeyguardSecIndicationController( 2953): addUsbRestriction false/isSecure=true
02-18 10:52:15.499 D/KeyguardSecIndicationPolicy( 2953):  remove Item pos = DEFAULT, type =      USB_RESTRICTION
02-18 10:52:15.500 D/KeyguardSecIndicationController( 2953): addBatteryAndOwnerInfoIndication() battery status = BatteryStatus{status=2,level=56,plugged=2,chargingStatus=0,maxChargingWattage=-1,remaining=3729000ultraFastCharger=0}
02-18 10:52:16.265 I/sensors-hal(  964): handle_sns_client_event:229, auto_rotation_event_2: mode:255, type:1:0/-0.086,-1.579,9.622, ar:0
02-18 10:52:16.452 I/vendor.qti.bluetooth@1.0-ibs_handler(  948): ProcessIbsCmd: Received IBS_WAKE_IND: 0xFD
02-18 10:52:16.452 D/vendor.qti.bluetooth@1.0-ibs_handler(  948): SerialClockVote: vote for UART CLK ON
02-18 10:52:16.455 D/vendor.qti.bluetooth@1.0-wake_lock(  948): Acquire wakelock is acquired 
02-18 10:52:16.455 I/vendor.qti.bluetooth@1.0-ibs_handler(  948): ProcessIbsCmd: Writing IBS_WAKE_ACK
02-18 10:52:16.467 D/BtGatt.GattService( 3611): onScanResult to scannerId: 3- eventType=0x1b, addressType=1, address=XX:XX:XX:XX:85:87, primaryPhy=1, secondaryPhy=0, advertisingSid=0xff, txPower=127, rssi=-76, periodicAdvInt=0x0
02-18 10:52:16.470 D/BtGatt.GattService( 3611): onScanResult to scannerId: 8- eventType=0x1b, addressType=1, address=XX:XX:XX:XX:B9:B3, primaryPhy=1, secondaryPhy=0, advertisingSid=0xff, txPower=127, rssi=-90, periodicAdvInt=0x0
02-18 10:52:16.476 I/NearbyDiscovery( 5054): (REDACTED) BloomFilterAdvManager: Detected bloom filter but too far away, ignoring. %sm, %s
02-18 10:52:16.502 I/vendor.qti.bluetooth@1.0-ibs_handler(  948): ProcessIbsCmd: Received IBS_SLEEP_IND: 0xFE
02-18 10:52:16.502 D/vendor.qti.bluetooth@1.0-ibs_handler(  948): SerialClockVote: vote for UART CLK OFF
02-18 10:52:16.516 I/vendor.qti.bluetooth@1.0-ibs_handler(  948): ProcessIbsCmd: Received IBS_WAKE_IND: 0xFD
02-18 10:52:16.516 D/vendor.qti.bluetooth@1.0-ibs_handler(  948): SerialClockVote: vote for UART CLK ON
02-18 10:52:16.516 I/vendor.qti.bluetooth@1.0-ibs_handler(  948): ProcessIbsCmd: Writing IBS_WAKE_ACK
02-18 10:52:16.522 D/BtGatt.GattService( 3611): onScanResult to scannerId: 8- eventType=0x10, addressType=1, address=XX:XX:XX:XX:13:32, primaryPhy=1, secondaryPhy=0, advertisingSid=0xff, txPower=127, rssi=-70, periodicAdvInt=0x0
02-18 10:52:16.529 D/BtGatt.GattService( 3611): onScanResult to scannerId: 8- eventType=0x1b, addressType=1, address=XX:XX:XX:XX:B9:B3, primaryPhy=1, secondaryPhy=0, advertisingSid=0xff, txPower=127, rssi=-85, periodicAdvInt=0x0
02-18 10:52:16.567 I/vendor.qti.bluetooth@1.0-ibs_handler(  948): ProcessIbsCmd: Received IBS_SLEEP_IND: 0xFE
02-18 10:52:16.567 D/vendor.qti.bluetooth@1.0-ibs_handler(  948): SerialClockVote: vote for UART CLK OFF
02-18 10:52:16.577 I/vendor.qti.bluetooth@1.0-ibs_handler(  948): ProcessIbsCmd: Received IBS_WAKE_IND: 0xFD
02-18 10:52:16.577 D/vendor.qti.bluetooth@1.0-ibs_handler(  948): SerialClockVote: vote for UART CLK ON
02-18 10:52:16.577 I/vendor.qti.bluetooth@1.0-ibs_handler(  948): ProcessIbsCmd: Writing IBS_WAKE_ACK
02-18 10:52:16.584 D/BtGatt.GattService( 3611): onScanResult to scannerId: 8- eventType=0x0, addressType=1, address=XX:XX:XX:XX:3C:B5, primaryPhy=1, secondaryPhy=1, advertisingSid=0x2, txPower=127, rssi=-74, periodicAdvInt=0x0
02-18 10:52:16.621 I/vendor.qti.bluetooth@1.0-ibs_handler(  948): ProcessIbsCmd: Received IBS_SLEEP_IND: 0xFE
02-18 10:52:16.621 D/vendor.qti.bluetooth@1.0-ibs_handler(  948): SerialClockVote: vote for UART CLK OFF
02-18 10:52:16.772 D/vendor.qti.bluetooth@1.0-wake_lock(  948): Release wakelock is released 
02-18 10:52:17.852 I/sensors-hal(  964): handle_sns_client_event:217, auto_rotation_event_2: 0/-0.849,3.427,9.327, ar:0
02-18 10:52:17.854 D/WindowOrientationListener( 1389): onSensorChanged device orientation: 0
02-18 10:52:17.855 D/AppController( 2953): AppControlSensorListener.onSensorChanged, Rotation: 0
02-18 10:52:17.857 I/NavigationBar( 2953): onRotationProposal proposedRotation=ROTATION_0, isValid=true, mNavBarWindowState=WINDOW_STATE_SHOWING, rotateSuggestionsDisabled=false, isRotateButtonVisible=false
02-18 10:52:17.974 D/SemWifiUsabilityStatsMonitor( 1389): onWifiUsabilityStats - seqNum 5188, isSameBssidAndFreq true
02-18 10:52:18.022 I/vendor.qti.bluetooth@1.0-ibs_handler(  948): ProcessIbsCmd: Received IBS_WAKE_IND: 0xFD
02-18 10:52:18.022 D/vendor.qti.bluetooth@1.0-ibs_handler(  948): SerialClockVote: vote for UART CLK ON
02-18 10:52:18.027 D/vendor.qti.bluetooth@1.0-wake_lock(  948): Acquire wakelock is acquired 
02-18 10:52:18.027 I/vendor.qti.bluetooth@1.0-ibs_handler(  948): ProcessIbsCmd: Writing IBS_WAKE_ACK
02-18 10:52:18.054 D/BtGatt.GattService( 3611): onScanResult to scannerId: 8- eventType=0x0, addressType=1, address=XX:XX:XX:XX:FA:5C, primaryPhy=1, secondaryPhy=1, advertisingSid=0x1, txPower=127, rssi=-66, periodicAdvInt=0x0
02-18 10:52:18.098 I/vendor.qti.bluetooth@1.0-ibs_handler(  948): ProcessIbsCmd: Received IBS_SLEEP_IND: 0xFE
02-18 10:52:18.099 D/vendor.qti.bluetooth@1.0-ibs_handler(  948): SerialClockVote: vote for UART CLK OFF
02-18 10:52:18.105 I/vendor.qti.bluetooth@1.0-ibs_handler(  948): ProcessIbsCmd: Received IBS_WAKE_IND: 0xFD
02-18 10:52:18.105 D/vendor.qti.bluetooth@1.0-ibs_handler(  948): SerialClockVote: vote for UART CLK ON
02-18 10:52:18.105 I/vendor.qti.bluetooth@1.0-ibs_handler(  948): ProcessIbsCmd: Writing IBS_WAKE_ACK
02-18 10:52:18.158 I/vendor.qti.bluetooth@1.0-ibs_handler(  948): ProcessIbsCmd: Received IBS_SLEEP_IND: 0xFE
02-18 10:52:18.158 D/vendor.qti.bluetooth@1.0-ibs_handler(  948): SerialClockVote: vote for UART CLK OFF
02-18 10:52:18.314 D/vendor.qti.bluetooth@1.0-wake_lock(  948): Release wakelock is released 
02-18 10:52:18.713 I/sensors-hal(  964): handle_sns_client_event:217, auto_rotation_event_2: 255/-0.864,2.871,9.930, ar:0
02-18 10:52:18.715 D/AppController( 2953): AppControlSensorListener.onSensorChanged, Rotation: -1
02-18 10:52:18.715 D/WindowOrientationListener( 1389): onSensorChanged device orientation: -1
02-18 10:52:18.718 I/NavigationBar( 2953): onRotationProposal proposedRotation=-1, isValid=false, mNavBarWindowState=WINDOW_STATE_SHOWING, rotateSuggestionsDisabled=false, isRotateButtonVisible=false
02-18 10:52:19.113 I/wpa_supplicant(23736): Heartbeat 32
02-18 10:52:19.543 D/SLocation( 1389): SessionAlarm - onAlarm
02-18 10:52:19.551 D/SLocation( 1389): LocationProviderStatus - try to update provider status (GPS/NLP)
02-18 10:52:19.554 D/SLocation( 1389): LocationProviderStatus - set isGpsOn : true, isNlpOn : true
02-18 10:52:19.555 D/SLocation( 1389): LocationProviderStatus - gps & nlp status not changed
02-18 10:52:19.555 D/SLocation( 1389): SContentManager - IsNetworkAvailable = true
02-18 10:52:19.555 D/SLocation( 1389): PositionManager - requestLocationUpdates(1) : NETWORK_PROVIDER
02-18 10:52:19.555 D/SLocation( 1389): NLPManager - requestUpdate - NLP
02-18 10:52:19.558 D/CompatibilityChangeReporter( 1389): Compat change id reported: 168936375; UID 1000; state: ENABLED
02-18 10:52:19.573 D/LocationManagerService( 1389): network provider added registration from 1000/android[SLocationService]/4933D8A7 -> Request[@0 BALANCED, WorkSource{1000 android}]
02-18 10:52:19.580 I/NSLocationProviderHelper( 1389): updateRequestInfo, uid=1000
02-18 10:52:19.583 D/CompatibilityChangeReporter( 1389): Compat change id reported: 73144566; UID 1000; state: ENABLED
02-18 10:52:19.589 D/LocationManagerService( 1389): network provider request changed to ProviderRequest[@0, WorkSource{1000 android}]
02-18 10:52:19.676 W/Settings( 5054): Setting airplane_mode_on has moved from android.provider.Settings.System to android.provider.Settings.Global, returning read-only value.
02-18 10:52:19.680 W/SystemServiceRegistry( 5054): No service published for: wifirtt
02-18 10:52:19.714 I/TelephonyCallbackForPdnController<1>( 3416): onCellInfoChanged: xxxxx
02-18 10:52:19.715 I/ImsCallSessionManager( 3416): onCellInfoChanged, phoneId: 1
02-18 10:52:19.715 I/TelephonyCallbackForPdnController<0>( 3416): onCellInfoChanged: xxxxx
02-18 10:52:19.715 I/ImsCallSessionManager( 3416): onCellInfoChanged, phoneId: 0
02-18 10:52:19.716 I/RegiMgr-Handler( 3416): handleMessage: EVENT_CELL_INFO_CHANGED
02-18 10:52:19.716 I/RegiMgr<1>( 3416): tryRegister:
02-18 10:52:19.716 I/RegiMgr<0>( 3416): RegisterTask(s): Vodafone INDIA VoLTE (REGISTERED, rat = 18, service = [mmtel-video, mmtel]), Vodafone INDIA RCS (IDLE)
02-18 10:52:19.717 I/RegiMgr-Handler( 3416): handleMessage: EVENT_CELL_INFO_CHANGED
02-18 10:52:19.719 I/RegiMgr<0>( 3416): updatePani RegisterTask[0][mProfile=Vodafone INDIA VoLTE, mRegistrationRat=18, mPdnType=11, mState=REGISTERED, mObject=UserAgent - :
02-18 10:52:19.719 I/RegiMgr<0>( 3416):  total records=29
02-18 10:52:19.719 I/RegiMgr<0>( 3416):  rec[0]: time=02-18 10:46:54.082 processed=ReadyState org=RegisteredState dest=<null> what=34(0x22)
02-18 10:52:19.719 I/RegiMgr<0>( 3416):  rec[1]: time=02-18 10:46:54.082 processed=ReadyState org=RegisteredState dest=<null> what=50(0x32)
02-18 10:52:19.719 I/RegiMgr<0>( 3416):  rec[2]: time=02-18 10:46:54.084 processed=RegisteredState org=RegisteredState dest=<null> what=2000(0x7d0)
02-18 10:52:19.719 I/RegiMgr<0>( 3416):  rec[3]: time=02-18 10:47:04.298 processed=ReadyState org=RegisteredState dest=<null> what=34(0x22)
02-18 10:52:19.719 I/RegiMgr<0>( 3416):  rec[4]: time=02-18 10:47:04.299 processed=RegisteredState org=RegisteredState dest=<null> what=2000(0x7d0)
02-18 10:52:19.719 I/RegiMgr<0>( 3416):  rec[5]: time=02-18 10:47:04.302 processed=ReadyState org=RegisteredState dest=<null> what=50(0x32)
02-18 10:52:19.719 I/RegiMgr<0>( 3416):  rec[6]: time=02-18 10:47:04.571 processed=ReadyState org=RegisteredState dest=<null> what=44(0x2c)
02-18 10:52:19.719 I/RegiMgr<0>( 3416):  rec[7]: time=02-18 10:47:04.573 processed=ReadyState org=RegisteredState dest=<null> what=34(0x22)
02-18 10:52:19.719 I/RegiMgr<0>( 3416):  rec[8]: time=02-18 10:47:04.575 processed=RegisteredState org=RegisteredState dest=<null> what=2000(0x7d0)
02-18 10:52:19.719 I/RegiMgr<0>( 3416):  rec[9]: time=02-18 10:47:06.139 processed=ReadyState org=RegisteredState dest=<null> what=34(0x22)
02-18 10:52:19.719 I/RegiMgr<0>( 3416):  rec[10]: time=02-18 10:47:06.139 processed=ReadyState org=RegisteredState dest=<null> what=50(0x32)
02-18 10:52:19.719 I/RegiMgr<0>( 3416):  rec[11]: time=02-18 10:47:06.140 processed=RegisteredState org=RegisteredState dest=<null> what=2000(0x7d0)
02-18 10:52:19.719 I/RegiMgr<0>( 3416):  rec[12]: time=02-18 10:47:06.148 processed=ReadyState org=RegisteredState dest=<null> what=34(0x22)
02-18 10:52:19.719 I/RegiMgr<0>( 3416):  rec[13]: time=02-18 10:47:06.148 processed=RegisteredState org=RegisteredState dest=<null> what=2000(0x7d0)
02-18 10:52:19.719 I/RegiMgr<0>( 3416):  rec[14]: time=02-18 10:47:06.186 processed=RegisteredState org=RegisteredState dest=ReRegisteringState what=6(0x6)
02-18 10:52:19.719 I/RegiMgr<0>( 3416):  rec[15]: time=02-18 10:47:07.017 processed=ReRegisteringState org=ReRegisteringState dest=RegisteredState what=8(0x8)
02-18 10:52:19.719 I/RegiMgr<0>( 3416):  rec[16]: time=02-18 10:48:55.369 processed=ReadyState org=RegisteredState dest=<null> what=34(0x22)
02-18 10:52:19.719 I/RegiMgr<0>( 3416):  rec[17]: time=02-18 10:48:55.370 processed=RegisteredState org=RegisteredState dest=<null> what=2000(0x7d0)
02-18 10:52:19.719 I/RegiMgr<0>( 3416):  rec[18]: time=02-18 10:51:04.682 processed=ReadyState org=RegisteredState dest=<null> what=34(0x22)
02-18 10:52:19.719 I/RegiMgr<0>( 3416):  rec[19]: time=02-18 10:51:04.708 processed=RegisteredState org=RegisteredState dest=<null> what=2000(0x7d0)
02-18 10:52:19.719 I/RegiMgr<0>( 3416): curState=RegisteredState
02-18 10:52:19.719 I/RegiMgr<0>( 3416): , mReason=, mPcscfHostname=null, mDeregiReason=41]
02-18 10:52:19.721 I/PaniGenerator<0>( 3416): generate: subId=5, network=18, pdn=11
02-18 10:52:19.722 I/PaniGenerator<0>( 3416): generate: network=18, fallbackPlmn=40486
02-18 10:52:19.722 I/PaniGenerator<0>( 3416): generateWiFiPani: Format for generating PANI - <PREFIX>;<NODE_ID>
02-18 10:52:19.723 I/PaniGenerator( 3416): WifiManager.getBSSID(): [de:46:28:fe:6d:0c]
02-18 10:52:19.724 I/PaniGenerator<0>( 3416): generateWiFiPani: normalized PANI: IEEE-802.11;i-wlan-node-id=de4628fe6d0c
02-18 10:52:19.727 I/PaniGenerator<0>( 3416): generate: network=13, fallbackPlmn=null
02-18 10:52:19.727 I/PdnController<0>( 3416): getAllCellInfo mNeedCellLocationUpdate : false
02-18 10:52:19.727 I/PaniGenerator( 3416): generate: change to NW PLMN(40407)
02-18 10:52:19.731 I/UserAgent<0>( 3416): updatePani
02-18 10:52:19.731 I/RegiMgr<0>( 3416): tryRegister:
02-18 10:52:19.732 I/SECIMSJ ( 3416): [3856]> 232
02-18 10:52:19.732 I/RegiMgr<0>( 3416): RegisterTask(s): Vodafone INDIA VoLTE (REGISTERED, rat = 18, service = [mmtel-video, mmtel]), Vodafone INDIA RCS (IDLE)
02-18 10:52:19.732 I/RcsPolicyMgr<0>( 3416): pendingRcsRegister: mActiveDataPhoneId = 0
02-18 10:52:19.732 I/RcsPolicyMgr<0>( 3416): pendingRcsRegister: mActiveDataPhoneId = 0
02-18 10:52:19.732 I/RcsUtils( 3416): isDualRcsReg: false
02-18 10:52:19.732 I/RegisterTask( 3416): isSuspended: mSuspended(false) mSuspendByIrat(false)
02-18 10:52:19.733 I/[IMS6.0]( 3416): IMS_onResponse()
02-18 10:52:19.733 I/StackIF ( 3416): processMessage 2
02-18 10:52:19.733 I/StackIF ( 3416): Processing Response
02-18 10:52:19.733 I/SECIMSJ ( 3416): [3856]< 600
02-18 10:52:19.733 I/StackIF ( 3416): processResponse: reqId 600
02-18 10:52:19.733 I/StackIF ( 3416): processResponse: handle 20542 result 0 reason 0
02-18 10:52:19.737 I/RegiMgr<0>( 3416): [Vodafone INDIA RCS|IDLE] checkForTryRegister id: 882
02-18 10:52:19.737 I/RegiMgr ( 3416): isPdnConnected: false, PdnType: 0
02-18 10:52:19.738 I/PdnController( 3416): getDefaultNetworkBearer:  WIFI
02-18 10:52:19.739 I/RegiMgr-Utils<0>( 3416): findBestNetwork: WIFI needWifiNetwork = true
02-18 10:52:19.739 I/RegiGvnBase<0>( 3416): isReadyToDualRegister: slot 1's call state: 0
02-18 10:52:19.739 I/RegiGvnBase<0>( 3416): isReadyToDualRegister : true
02-18 10:52:19.742 I/RegiMgr<0>( 3416): [Vodafone INDIA RCS|IDLE] checkInitialRegistrationIsReady: APM ON [false], Roamimg [false]
02-18 10:52:19.742 I/RcsPolicyMgr<0>( 3416): pendingRcsRegister: mActiveDataPhoneId = 0
02-18 10:52:19.742 I/RcsUtils( 3416): isDualRcsReg: false
02-18 10:52:19.742 I/ImsProfile( 3416): isRttSupportByCallApp : false ttyType : 1
02-18 10:52:19.742 I/RegiMgr-Utils<0>( 3416): getPriorityRegiedTask : isPriority  High? true
02-18 10:52:19.743 I/RegiGvnBase( 3416): checkRegiStatus: getState()=IDLE mIsUpdateRegistering=false
02-18 10:52:19.743 I/RegiMgr<0>( 3416): getTelephonyCallStatus:
02-18 10:52:19.744 I/ConfigProvider( 3416): query uri:xxxxx
02-18 10:52:19.750 I/ConfigProvider( 3416): queryStorage path content://com.samsung.rcs.autoconfigurationprovider/parameter/version#simslot0
02-18 10:52:19.752 I/RegiGvnRcs( 3416): isReadyToRegister: User don't try RCS service yet
02-18 10:52:19.752 I/RegiMgr<0>( 3416): [Vodafone INDIA RCS|IDLE] checkForTryRegister: isReadyToRegister = false
02-18 10:52:19.901 I/vendor.qti.bluetooth@1.0-ibs_handler(  948): ProcessIbsCmd: Received IBS_WAKE_IND: 0xFD
02-18 10:52:19.901 D/vendor.qti.bluetooth@1.0-ibs_handler(  948): SerialClockVote: vote for UART CLK ON
02-18 10:52:19.904 D/vendor.qti.bluetooth@1.0-wake_lock(  948): Acquire wakelock is acquired 
02-18 10:52:19.904 I/vendor.qti.bluetooth@1.0-ibs_handler(  948): ProcessIbsCmd: Writing IBS_WAKE_ACK
02-18 10:52:19.916 D/BtGatt.GattService( 3611): onScanResult to scannerId: 8- eventType=0x10, addressType=1, address=XX:XX:XX:XX:CF:AB, primaryPhy=1, secondaryPhy=0, advertisingSid=0xff, txPower=127, rssi=-85, periodicAdvInt=0x0
02-18 10:52:19.919 D/BtGatt.GattService( 3611): onScanResult to scannerId: 8- eventType=0x1b, addressType=1, address=XX:XX:XX:XX:B9:B3, primaryPhy=1, secondaryPhy=0, advertisingSid=0xff, txPower=127, rssi=-77, periodicAdvInt=0x0
02-18 10:52:19.921 D/BtGatt.GattService( 3611): onScanResult to scannerId: 8- eventType=0x10, addressType=1, address=XX:XX:XX:XX:0B:0C, primaryPhy=1, secondaryPhy=0, advertisingSid=0xff, txPower=127, rssi=-100, periodicAdvInt=0x0
02-18 10:52:19.924 D/BtGatt.GattService( 3611): onScanResult to scannerId: 8- eventType=0x10, addressType=1, address=XX:XX:XX:XX:71:8C, primaryPhy=1, secondaryPhy=0, advertisingSid=0xff, txPower=127, rssi=-64, periodicAdvInt=0x0
02-18 10:52:19.928 I/NearbyConnections( 5054): Found BleAdvertisement [ 0x23 0x44 0x43 0x59 0x39 0x11 0x32 0xac 0xa2 0xda 0x2a 0x53 0xcd 0x76 0xe4 0x20 0x7f 0xed 0x41 0xf5 0xbe 0x6b 0xe5 ] (with EndpointId DCY9 and EndpointInfo [ 0x32 0xac 0xa2 0xda 0x2a 0x53 0xcd 0x76 0xe4 0x20 0x7f 0xed 0x41 0xf5 0xbe 0x6b 0xe5 ])
02-18 10:52:19.929 I/NearbyConnections( 5054): Unable to record discovered endpoint due to null currentDiscoveryPhase
02-18 10:52:19.929 I/NearbyConnections( 5054): ClientProxy(237473778 0p:com.google.android.gms.nearby.sharing) reporting onEndpointFound(DCY9)
02-18 10:52:19.931 I/NearbyConnections( 5054): ClientProxy(237473778) reporting onEndpointDistanceChanged(DCY9, UNKNOWN)
02-18 10:52:19.932 I/NearbySharing( 5054): NearbySharing Internal event EndpointDiscovered(endpointId=DCY9)
02-18 10:52:19.957 I/vendor.qti.bluetooth@1.0-ibs_handler(  948): ProcessIbsCmd: Received IBS_SLEEP_IND: 0xFE
02-18 10:52:19.957 D/vendor.qti.bluetooth@1.0-ibs_handler(  948): SerialClockVote: vote for UART CLK OFF
02-18 10:52:19.980 I/vendor.qti.bluetooth@1.0-ibs_handler(  948): ProcessIbsCmd: Received IBS_WAKE_IND: 0xFD
02-18 10:52:19.980 D/vendor.qti.bluetooth@1.0-ibs_handler(  948): SerialClockVote: vote for UART CLK ON
02-18 10:52:19.980 I/vendor.qti.bluetooth@1.0-ibs_handler(  948): ProcessIbsCmd: Writing IBS_WAKE_ACK
02-18 10:52:19.987 D/BtGatt.GattService( 3611): onScanResult to scannerId: 8- eventType=0x10, addressType=1, address=XX:XX:XX:XX:13:32, primaryPhy=1, secondaryPhy=0, advertisingSid=0xff, txPower=127, rssi=-68, periodicAdvInt=0x0
02-18 10:52:20.027 I/vendor.qti.bluetooth@1.0-ibs_handler(  948): ProcessIbsCmd: Received IBS_SLEEP_IND: 0xFE
02-18 10:52:20.027 D/vendor.qti.bluetooth@1.0-ibs_handler(  948): SerialClockVote: vote for UART CLK OFF
02-18 10:52:20.178 D/vendor.qti.bluetooth@1.0-wake_lock(  948): Release wakelock is released 
02-18 10:52:20.434 I/sensors-hal(  964): handle_sns_client_event:217, auto_rotation_event_2: 0/0.060,3.862,8.808, ar:0
02-18 10:52:20.436 D/AppController( 2953): AppControlSensorListener.onSensorChanged, Rotation: 0
02-18 10:52:20.436 D/WindowOrientationListener( 1389): onSensorChanged device orientation: 0
02-18 10:52:20.437 I/NavigationBar( 2953): onRotationProposal proposedRotation=ROTATION_0, isValid=true, mNavBarWindowState=WINDOW_STATE_SHOWING, rotateSuggestionsDisabled=false, isRotateButtonVisible=false
02-18 10:52:20.488 D/SecPowerUI.Notification( 2953): showChargingNotice oldChargingType : 11 / currentChargingType : 11, oldChargingTime : 3729000 / mChargingTime : 3729000
02-18 10:52:20.488 D/SecPowerUI.Notification( 2953): showChargingNotice User swipe, so return!
02-18 10:52:20.508 D/InputReader( 1389): Btn_touch(6): value=1 when=80521.961642
02-18 10:52:20.509 I/InputReader( 1389): Touch event's action is 0x0 (id=3, t=0) [pCnt=1, s=0.3413 ] when=80521.961642
02-18 10:52:20.510 I/InputDispatcher( 1389): Delivering touch to (2953): action: 0x0, f=0x0, d=0, '6b6deb8', t=1 +(0,-2282)
02-18 10:52:20.511 I/ViewRootImpl@4f7ff23[NavigationBar0]( 2953): ViewPostIme pointer 0
02-18 10:52:20.511 D/PowerManagerService( 1389): [api] userActivityFromNative : touch displayId=0 eventTime=80521961
02-18 10:52:20.512 D/PowerManagerService( 1389): UserActivityStateListenerState: 1
02-18 10:52:20.512 D/PowerManagerService( 1389): UserActivityState : 4 -> 1 groupId=0
02-18 10:52:20.512 D/PowerManagerService( 1389): displayReady: false groupId=0
02-18 10:52:20.513 I/GestureDetector( 1389): obtain mCurrentDownEvent. id: 402636404 caller: com.android.server.wm.SystemGesturesPointerEventListener.onPointerEvent:204 com.android.server.wm.PointerEventDispatcher.onInputEvent:53 android.view.InputEventReceiver.dispatchInputEvent:337 
02-18 10:52:20.513 I/GestureDetector( 1389): obtain mCurrentDownEvent. id: 402636404 caller: com.android.server.wm.SystemPerformancePointerEventListener.onPointerEvent:89 com.android.server.wm.PointerEventDispatcher.onInputEvent:53 android.view.InputEventReceiver.dispatchInputEvent:337 
02-18 10:52:20.513 D/DisplayPowerController2[0]( 1389): animateScreenStateChange: target=ON, mIsEnabled=true
02-18 10:52:20.514 D/DisplayPowerController2[0]( 1389): Animating brightness: target=27(0.11), rate=1.200, reason=manual[27]
02-18 10:52:20.514 D/DisplayManagerService( 1389): handleBrightnessAnimation: started=true
02-18 10:52:20.514 V/Vibrator( 2953): semGetSupportedVibrationType: ret=1
02-18 10:52:20.514 I/RefreshRateTokenController( 1389): Adding refreshRateToken={ RefreshRateToken[->RefreshRateMinLimitToken:BrightnessAnim, acquire at 80521967 (1 ms ago)}, caller=com.android.server.display.mode.RefreshRateController.createRefreshRateMinLimitToken:542 com.android.server.display.DisplayManagerService.handleBrightnessAnimation:4410 com.android.server.display.DisplayManagerService.$r8$lambda$2RyRH5E_uYHZSVYe8ZPcVOWl3Ig:0 com.android.server.display.DisplayManagerService$$ExternalSyntheticLambda23.accept:0 com.android.server.display.DisplayPowerController2.animateScreenBrightness:3081 
02-18 10:52:20.515 I/KeyButtonView( 2953): injectInputEvent - 187
02-18 10:52:20.516 D/VibratorManagerService( 1389): vibrate - uid: 10046, opPkg: com.android.systemui, effect: Mono{mEffect=Composed{segments=[SemHaptic{mType=50124, mMagnitude=-1}], repeat=-1, mMagnitudeType=TYPE_TOUCH}}, attrs: VibrationAttributes: Usage=UNKNOWN Audio Usage= USAGE_UNKNOWN tags= Flags=0, reason: null, token: android.os.BinderProxy@56032b
02-18 10:52:20.516 D/VibratorManagerService( 1389): converted usage = TOUCH(18)
02-18 10:52:20.516 D/VibratorManagerService( 1389): magnitude value is under 0
02-18 10:52:20.516 D/VibratorManagerService( 1389): Canceling vibration
02-18 10:52:20.516 D/VibratorManagerService( 1389): The vibration was not generated normally.
02-18 10:52:20.517 D/DisplayPowerController2[0]( 1389): saveBrightnessInfo: brt:0.10588236 adjBrt:0.10588236 min:0.003921569 max:1.0 hbm:0 tp:1.0 throttler:0 isAnimating:true
02-18 10:52:20.517 V/DisplayPowerController2[0]( 1389): Brightness [0.10588236] reason changing to: 'manual', previous reason: 'manual [ dim ]'.
02-18 10:52:20.517 I/DisplayPowerController2[0]( 1389): BrightnessEvent: disp=0, physDisp=local:4630947232161729153, brt=0.10588236, initBrt=0.02745098, rcmdBrt=NaN, preBrt=NaN, lux=0.0, preLux=0.0, hbmMax=1.0, hbmMode=off, rbcStrength=-1, thrmMax=1.0, powerFactor=1.0, wasShortTermModelActive=false, flags=, reason=manual, autoBrightness=false, strategy=InvalidBrightnessStrategy
02-18 10:52:20.517 D/InputDispatcher( 1389): Inject key (2953/10046): action=0, f=0x48, d=0, time=80521965000000
02-18 10:52:20.517 D/WindowManager( 1389): interceptKeyTq keycode=187 interactive=true keyguardActive=false policyFlags=2b000002
02-18 10:52:20.517 D/PowerManagerService( 1389): displayReady: true groupId=0
02-18 10:52:20.517 D/PhoneWindowManagerExt( 1389): setScreenshotEnabled, screenOnFully=true
02-18 10:52:20.517 D/SingleKeyGesture( 1389): interceptKeyDown, info : KeyCode=KEYCODE_UNKNOWN, size=0
02-18 10:52:20.518 D/PhoneWindowManagerExt( 1389): interceptKeyTq code=187 down=true repeatCount=0 displayId=0 interactive=true
02-18 10:52:20.518 D/WindowManager( 1389): interceptKeyTq interceptKeyResult=1
02-18 10:52:20.518 D/PhoneWindowManagerExt( 1389): f.b. a=false id=1 he=true ksno=false uid=1000 callingPackage=android reason=Virtual Key - Press Caller=com.android.server.policy.PhoneWindowManager.performHapticFeedback:7290 com.android.server.policy.PhoneWindowManager.performHapticFeedback:7276 com.android.server.policy.PhoneWindowManager.interceptKeyBeforeQueueing:5593 com.android.server.wm.InputManagerCallback.interceptKeyBeforeQueueing:163 com.android.server.input.InputManagerService.interceptKeyBeforeQueueing:3523 
02-18 10:52:20.518 V/Vibrator( 1389): semGetSupportedVibrationType: ret=1
02-18 10:52:20.518 D/PhoneWindowManagerExt( 1389): haptic generated by application
02-18 10:52:20.519 D/WindowManager( 1389): interceptKeyTi keyCode=187 down=true repeatCount=0 keyguardOn=false canceled=false
02-18 10:52:20.519 D/PhoneWindowManagerExt( 1389): interceptKeyTi code=187 down=true repeatCount=0 displayId=0 interactive=true
02-18 10:52:20.519 D/DisplayManagerService( 1389): Ignore redundant display event 0/4 to 10210/19296
02-18 10:52:20.519 I/MdnieScenarioControlService( 1389): action  :  com.samsung.server.PowerManagerService.action.USER_ACTIVITY
02-18 10:52:20.520 D/PowerManagerService( 1389): [api] setScreenDimDurationOverrideFromSqdInternal: mScreenDimDurationOverrideFromSQD: -1
02-18 10:52:20.520 D/BrightnessSynchronizer( 1389): onDisplayChanged() : displayId=0
02-18 10:52:20.520 D/BrightnessSynchronizer( 1389): updateScreenBrightness: displayId=0 type=2 mPreferredSettingValue=0.10588236(27) currentBrightnessInt=27 currentBrightnessIntFromFloat=27(0.10588236)
02-18 10:52:20.528 I/SehLight(  986): lcd : 11+
02-18 10:52:20.529 D/CentralSurfaces.BrightnessController( 2953): info.brightness:0.10588236
02-18 10:52:20.529 D/CentralSurfaces.BrightnessController( 2953): info.brightness:0.10588236
02-18 10:52:20.530 I/VSyncReactor( 1156): Current= 60, Period= 60, hwcPeriod= 60
02-18 10:52:20.540 I/SehLight(  986): lcd : 11-
02-18 10:52:20.545 I/SehLight(  986): lcd : 16+
02-18 10:52:20.552 D/InputReader( 1389): Btn_touch(6): value=0 when=80522.005149
02-18 10:52:20.552 I/InputReader( 1389): Touch event's action is 0x1 (id=3, t=0) [pCnt=1, s=] when=80522.005149
02-18 10:52:20.553 I/InputDispatcher( 1389): Delivering touch to (2953): action: 0x1, f=0x0, d=0, '6b6deb8', t=1 +(0,-2282)
02-18 10:52:20.553 I/ViewRootImpl@4f7ff23[NavigationBar0]( 2953): ViewPostIme pointer 1
02-18 10:52:20.553 I/GestureDetector( 1389): obtain mCurrentMotionEventRaw. action: 1 id: 759828588
02-18 10:52:20.553 I/GestureDetector( 1389): obtain mCurrentMotionEventRaw. action: 1 id: 759828588
02-18 10:52:20.554 I/KeyButtonView( 2953): injectInputEvent - 187
02-18 10:52:20.554 D/InputDispatcher( 1389): Inject key (2953/10046): action=1, f=0x48, d=0, time=80522007000000
02-18 10:52:20.554 D/WindowManager( 1389): interceptKeyTq keycode=187 interactive=true keyguardActive=false policyFlags=2b000002
02-18 10:52:20.554 D/SingleKeyGesture( 1389): interceptKeyUp, longPress=false info : KeyCode=KEYCODE_UNKNOWN, size=0
02-18 10:52:20.554 D/SingleKeyGesture( 1389): interceptKeyUp, mActiveRule is null
02-18 10:52:20.555 D/PhoneWindowManagerExt( 1389): interceptKeyTq code=187 down=false repeatCount=0 displayId=0 interactive=true
02-18 10:52:20.555 D/WindowManager( 1389): interceptKeyTq interceptKeyResult=1
02-18 10:52:20.555 D/WindowManager( 1389): interceptKeyTi keyCode=187 down=false repeatCount=0 keyguardOn=false canceled=false
02-18 10:52:20.555 D/PhoneWindowManagerExt( 1389): interceptKeyTi code=187 down=false repeatCount=0 displayId=0 interactive=true
02-18 10:52:20.555 D/WindowManager( 1389): toggleRecentApps displayId=0
02-18 10:52:20.556 I/HoneySpace.TISBinder( 3474): onOverviewToggle
02-18 10:52:20.557 I/HoneySpace.TISBinder( 3474): onOverviewToggle - invoke event
02-18 10:52:20.557 I/HoneySpace.OverviewEventHandler( 3474): OverviewToggleEvent: false / true
02-18 10:52:20.558 I/SehLight(  986): lcd : 16-
02-18 10:52:20.559 I/HoneySpace.OverviewEventHandler( 3474): closeSystemWindow
02-18 10:52:20.559 I/HoneySpace.OverviewEventHandler( 3474): send RecentsToggleEvent : true false
02-18 10:52:20.559 I/HoneySpace.TaskListViewModel( 3474): updateHomeIsOnTop: false
02-18 10:52:20.559 I/HoneySpace.GestureRecentViewControllerImpl( 3474): loadTaskList() childCount: 0
02-18 10:52:20.560 I/HoneySpace.TaskListViewModel( 3474): registerSensorListener: sensor = {Sensor name="Screen Orientation Sensor", vendor="Samsung", version=1040, type=27, maxRange=255.0, resolution=1.0, power=0.001, minDelay=0}
02-18 10:52:20.560 W/ContextImpl( 5628): Calling a method in the system process without a qualified user: android.app.ContextImpl.startService:1960 android.content.ContextWrapper.startService:842 android.content.ContextWrapper.startService:842 com.sec.android.diagmonagent.sa.receiver.CFLogReceiver.a:17 com.sec.android.diagmonagent.sa.receiver.CFLogReceiver.onReceive:40 
02-18 10:52:20.563 I/HoneySpace.GestureInputHandler( 3474): RecentsToggleEvent
02-18 10:52:20.563 I/HoneySpace.GestureInputHandler( 3474): toggleRecents() called
02-18 10:52:20.566 I/SehLight(  986): lcd : 22+
02-18 10:52:20.569 V/WindowManagerShell( 2953): Receive android.intent.action.CLOSE_SYSTEM_DIALOGS
02-18 10:52:20.571 V/WindowManagerShell( 2953): Do not update drop target window visibility: window is already set to 4.
02-18 10:52:20.571 D/PopupUI.PopupUI( 2953): PopupUIReceiver.onReceive() action : android.intent.action.CLOSE_SYSTEM_DIALOGS
02-18 10:52:20.572 D/SimTrayProtectionViewModel( 2953): dismiss : isFoldedState()falseisRemoveSimtray() : true
02-18 10:52:20.572 D/LocationControllerImpl( 2953): onReceive() = android.intent.action.CLOSE_SYSTEM_DIALOGS
02-18 10:52:20.573 D/QSButtonsContainer( 2953): action:android.intent.action.CLOSE_SYSTEM_DIALOGS
02-18 10:52:20.573 D/SecVolume.VolumePanelStore( 2953): dispatch [ACTION_DISMISS_REQUESTED with [STATE_NO_DISPATCH], currentAction={isFromOutside : true}, currentState={activeStream=3, stream=-1, isCaptionComponentEnabled : true, isVoiceCapable : true, isHasVibrator : true, isSetupWizardComplete : true, isMediaDefaultEnabled : true, timeOutControlsText : 0, cutoutHeight : 66, earProtectLevel : 909, timeOutControls : 0, pinDevice : 0, activeStream : 3, timeOut : 3000, ringerModeInternal : 0, systemTimeNow : 32960564}
02-18 10:52:20.573 D/SecVolume.VolumePanelStore( 2953):   > New State : [STATE_NO_DISPATCH]
02-18 10:52:20.574 I/SehLight(  986): lcd : 22-
02-18 10:52:20.577 I/HoneySpace.PhoneIconStyleFactory( 3474): init densityDpi=420, adjustedDpi=420
02-18 10:52:20.577 I/HoneySpace.PhoneIconStyleFactory( 3474): getNearGridOption, Point(4, 5) -> Point(4, 5)
02-18 10:52:20.578 I/HoneySpace.RecentStyler( 3474): context = android.window.WindowContext@6d4aba3, styleData = RecentStyleData(windowBounds=WindowBounds width=1080 height=2408, bounds=Rect(0, 0 - 1080, 2408) insets=Insets{left=0, top=66, right=0, bottom=126}, systemInsets=Insets{left=0, top=66, right=0, bottom=126}cutout=Rect(0, 66 - 0, 0), gestureInsets=Insets{left=0, top=98, right=0, bottom=126}, gestureActionInsets=Insets{left=0, top=98, right=0, bottom=126}, insetsIgnoreCutout=Insets{left=0, top=66, right=0, bottom=126}, baseScreenSize=Point(1080, 2282)screenSizeInGesture=Point(1080, 2282), screenSizeIncludeCutout: Point(1080, 2282), iconSize=169, iconGravity=1, iconStarMargin=0, sceneScale=PointF(0.6, 0.6), sceneCoordinate=RectF(216.0, 387.688, 864.0, 1717.2881), sceneTopMargin=84, taskViewCoordinate=RectF(216.0, 303.688, 864.0, 1717.2881), sceneFullyScale=PointF(1.6666666, 1.8110709), gridExtraGap=0.0, sceneRadius=39.375, deviceRadius=-32.0, mwRadius=(26.25, 44.625), curveEffectScale=0.135, pageSpacing=16, pageSideMargin=0, sceneStartMargin=0, circularListGap=0, topTaskCount=0, bottomTaskCount=0, taskLockIconSize=147, listSceneScale=PointF(0.6, 0.6), listSceneSize=RectF(0.0, 0.0, 648.0, 1329.6001), listSceneRadius=39.375)
02-18 10:52:20.578 I/HoneySpace.AnimationSession( 3474): open
02-18 10:52:20.578 I/HoneySpace.AnimationSession( 3474): doAction(132837024) called with: event = StartRecentsToggle(taskId=723, displaySize=Point(1080, 2408))
02-18 10:52:20.578 I/HoneySpace.AnimationSession( 3474): toggleRecentView() called with: displaySize = Point(1080, 2408), taskId = 723
02-18 10:52:20.578 I/HoneySpace.AnimationSession( 3474): taskListView appeared : true
02-18 10:52:20.578 I/HoneySpace.AnimationSession( 3474): controlByView with taskListView true
02-18 10:52:20.579 I/HoneySpace.TaskListRepository( 3474): fetchTaskList duration : 614.792us
02-18 10:52:20.579 I/HoneySpace.AnimationSession( 3474): toggleRecentsView taskList updated
02-18 10:52:20.579 I/HoneySpace.RecentsAnimationManager( 3474): start
02-18 10:52:20.579 I/HoneySpace.DvfsManager( 3474): HOME_GESTURE_BOOSTER acquire
02-18 10:52:20.579 I/HoneySpace.RecentsAnimationManager( 3474): init
02-18 10:52:20.579 I/HoneySpace.RecentsAnimationManager( 3474): initStateCallbacks
02-18 10:52:20.579 I/HoneySpace.MultiStateCallback( 3474): [58493529] Adding [STATE_GESTURE_START_BYKEY (16384)] to [ (0)]
02-18 10:52:20.579 I/HoneySpace.RecentsAnimationManager( 3474): startGestureTransition, byKey: true
02-18 10:52:20.579 I/HoneySpace.ShellTransitionManager( 3474): startGestureTransition homeIsOnTop: false
02-18 10:52:20.579 I/HoneySpace.ShellTransitionManager( 3474): set restRunnableList: null
02-18 10:52:20.580 I/SemDvfsHyPerManager( 3474): acquire hyper - RECENTS_GESTURE_BOOSTER/3474@0, type = -999
02-18 10:52:20.580 I/HoneySpace.CustomFrequencyManager( 3474): enableGpisHint: true
02-18 10:52:20.580 I/HYPER-HAL(  984): [RequestManager.cpp]acquire(): Acquired ID : 6036075  [3474 / 0]    HINT : RECENTS_GESTURE_BOOSTER    list : 
02-18 10:52:20.580 V/ShellRecents( 2953): RecentsTransitionHandler.startRecentsTransition
02-18 10:52:20.580 I/HoneySpace.MultiStateCallback( 3474): [58493529] Adding [STATE_START_RECENTS_TRANSITION (4)] to [STATE_GESTURE_START_BYKEY (16384)]
02-18 10:52:20.580 I/HoneySpace.RecentsAnimationManager( 3474): startRecentsScreen
02-18 10:52:20.580 I/HoneySpace.MultiStateCallback( 3474): [58493529] Adding [STATE_GESTURE_START_RECENTS_SCREEN (256)] to [STATE_START_RECENTS_TRANSITION, STATE_GESTURE_START_BYKEY (16388)]
02-18 10:52:20.580 I/HoneySpace.RecentInteraction( 3474): sendRecentsAnimationEvent. isStarted: true
02-18 10:52:20.581 I/SehLight(  986): lcd : 27+
02-18 10:52:20.581 V/WindowManagerShell( 2953): Directly starting a new transition type=3 wct=WindowContainerTransaction { changes = {} hops = [{PendingIntent: options=Bundle[mParcelledData.dataSize=1404]}] errorCallbackToken=null taskFragmentOrganizer=null } handler=com.android.wm.shell.recents.RecentsTransitionHandler@bdb8c0
02-18 10:52:20.581 I/WindowOrganizer( 2953): startNewTransition, type=3, t=WindowContainerTransaction { changes = {} hops = [{PendingIntent: options=Bundle[mParcelledData.dataSize=1404]}] errorCallbackToken=null taskFragmentOrganizer=null }, caller=com.android.wm.shell.transition.Transitions.startTransition:43 com.android.wm.shell.recents.RecentsTransitionHandler.startRecentsTransition:81 com.android.wm.shell.recents.RecentTasksController$IRecentTasksImpl$$ExternalSyntheticLambda4.accept:15 com.android.wm.shell.common.ExecutorUtils$$ExternalSyntheticLambda0.run:11 android.os.Handler.handleCallback:958 
02-18 10:52:20.581 I/HoneySpace.GestureTaskListView( 3474): addViewList 1
02-18 10:52:20.582 D/WindowManager( 1389): Transition is created, t=TransitionRecord{ce591cc id=-1 type=TO_FRONT flags=0x0}, caller=com.android.server.wm.WindowOrganizerController.startTransition:345 com.android.server.wm.WindowOrganizerController.startNewTransition:309 android.window.IWindowOrganizerController$Stub.onTransact:245 com.android.server.wm.WindowOrganizerController.onTransact:219 android.os.Binder.execTransactInternal:1380 
02-18 10:52:20.582 V/WindowManager( 1389): Starting a Recents transition which can be parallel.
02-18 10:52:20.582 D/WindowManager( 1389): SyncGroup is created, id=543, name=Transition, caller=com.android.server.wm.BLASTSyncEngine$SyncGroup.<init>:0 com.android.server.wm.BLASTSyncEngine.prepareSyncSet:513 com.android.server.wm.BLASTSyncEngine.startSyncSet:518 com.android.server.wm.Transition.startCollecting:712 com.android.server.wm.TransitionController.moveToCollecting:360 com.android.server.wm.TransitionController.startCollectOrQueue:1727 com.android.server.wm.WindowOrganizerController.startTransition:356 
02-18 10:52:20.582 W/WindowManager( 1389): setSyncMethod, id=543, method=0, caller=com.android.server.wm.Transition.startCollecting:714 com.android.server.wm.TransitionController.moveToCollecting:360 com.android.server.wm.TransitionController.startCollectOrQueue:1727 
02-18 10:52:20.582 V/WindowManager( 1389): Start collecting in Transition: TransitionRecord{ce591cc id=543 type=TO_FRONT flags=0x0}, caller=com.android.server.wm.TransitionController.startCollectOrQueue:1727 com.android.server.wm.WindowOrganizerController.startTransition:356 com.android.server.wm.WindowOrganizerController.startNewTransition:309 android.window.IWindowOrganizerController$Stub.onTransact:245 com.android.server.wm.WindowOrganizerController.onTransact:219 
02-18 10:52:20.583 V/WindowManager( 1389): Starting Transition 543, caller=com.android.server.wm.WindowOrganizerController.lambda$startTransition$4:358 com.android.server.wm.WindowOrganizerController.$r8$lambda$Bc2VOa5xBetACk_GAvygz0fAMB4:0 com.android.server.wm.WindowOrganizerController$$ExternalSyntheticLambda3.onCollectStarted:0 
02-18 10:52:20.583 V/Transition( 1389):  allReady query: used=false, override=false, defer=0, states=
02-18 10:52:20.584 I/HYPER-HAL(  984): [ResourceManager.cpp]updateResource(): [CPUMinFreq] UpdateResource Request ID : 6036075    Value : 1766400
02-18 10:52:20.585 V/WindowManager( 1389): Transition 543: Set Task{37f72fc #723 type=standard A=1000:com.android.settings} as transient-hidden-task, caller=com.android.server.wm.Transition.$r8$lambda$CjoHzkGzNeU_fFxE5qPacUPUYJY:0 com.android.server.wm.Transition$$ExternalSyntheticLambda1.test:0 com.android.server.wm.Task.forAllTasks:4047 
02-18 10:52:20.586 V/WindowManager( 1389): Collecting in transition 543: Task{37f72fc #723 type=standard A=1000:com.android.settings}, caller=com.android.server.wm.Transition.collect:761 com.android.server.wm.Transition.lambda$setTransientLaunch$0:464 com.android.server.wm.Transition.$r8$lambda$CjoHzkGzNeU_fFxE5qPacUPUYJY:0 com.android.server.wm.Transition$$ExternalSyntheticLambda1.test:0 com.android.server.wm.Task.forAllTasks:4047 
02-18 10:52:20.586 V/WindowManager( 1389): Collecting in transition 543: TransientLaunchOverlayToken{3d45627 token=android.os.BinderProxy@e8270e6}, caller=com.android.server.wm.Transition.collect:761 com.android.server.wm.TransientLaunchOverlayToken.setVisibility:79 com.android.server.wm.Transition.setTransientLaunch:482 com.android.server.wm.TransitionController.setTransientLaunch:1592 com.android.server.wm.ActivityStartController.startExistingRecents:789 
02-18 10:52:20.586 I/TransientLaunchOverlayToken( 1389): setVisibility, visible=true, t=TransientLaunchOverlayToken{3d45627 token=android.os.BinderProxy@e8270e6}, caller=com.android.server.wm.Transition.setTransientLaunch:482 com.android.server.wm.TransitionController.setTransientLaunch:1592 com.android.server.wm.ActivityStartController.startExistingRecents:789 
02-18 10:52:20.586 V/WindowManager( 1389): Transition 543: Set ActivityRecord{a9de63c u0 com.sec.android.app.launcher/com.android.quickstep.RecentsActivity t624} as transient-launch, caller=com.android.server.wm.TransitionController.setTransientLaunch:1592 com.android.server.wm.ActivityStartController.startExistingRecents:789 com.android.server.wm.ActivityStartController.startExistingRecentsIfPossible:735 
02-18 10:52:20.586 D/ActivityTaskManager( 1389): setCanAffectSystemUiFlags: false for Task{5179d1a #624 type=recents I=com.sec.android.app.launcher/com.android.quickstep.RecentsActivity} from com.android.server.wm.TransitionController.setTransientLaunch:1602 com.android.server.wm.ActivityStartController.startExistingRecents:789 com.android.server.wm.ActivityStartController.startExistingRecentsIfPossible:735 com.android.server.wm.WindowOrganizerController.applyHierarchyOp:1315 com.android.server.wm.WindowOrganizerController.applyTransaction:789 com.android.server.wm.WindowOrganizerController.applyTransaction:537 com.android.server.wm.WindowOrganizerController.applyTransaction:554 com.android.server.wm.WindowOrganizerController.lambda$startTransition$4:360 com.android.server.wm.WindowOrganizerController.$r8$lambda$Bc2VOa5xBetACk_GAvygz0fAMB4:0 com.android.server.wm.WindowOrganizerController$$ExternalSyntheticLambda3.onCollectStarted:0 
02-18 10:52:20.587 D/ActivityTaskManager( 1389): scheduleTopResumedActivityChanged, onTop=false, r=ActivityRecord{9963bf9 u0 com.google.android.permissioncontroller/com.android.permissioncontroller.permission.ui.ManagePermissionsActivity t723}, caller=com.android.server.wm.ActivityTaskSupervisor.updateTopResumedActivityIfNeeded:2826 com.android.server.wm.TaskDisplayArea.positionChildTaskAt:567 com.android.server.wm.TaskDisplayArea.positionChildAt:483 com.android.server.wm.Task.moveToFront:6077 com.android.server.wm.Task.moveToFront:5951 com.android.server.wm.ActivityStartController.startExistingRecents:791 
02-18 10:52:20.588 I/SemDvfsHyPerManager( 1389): acquire hyper - AMS_ACT_RESUME/1389@26, type = -999
02-18 10:52:20.588 D/ActivityManagerPerformance( 1389): AMP_acquire() ACT_RESUME
02-18 10:52:20.588 I/HYPER-HAL(  984): [RequestManager.cpp]acquire(): Acquired ID : 1001846  [1389 / 26]    HINT : AMS_ACT_RESUME    list : 
02-18 10:52:20.589 V/WindowManager( 1389): Collecting in transition 543: ActivityRecord{a9de63c u0 com.sec.android.app.launcher/com.android.quickstep.RecentsActivity t624}, caller=com.android.server.wm.Transition.collect:761 com.android.server.wm.TransitionController.collect:935 com.android.server.wm.ActivityRecord.setVisibility:6387 com.android.server.wm.ActivityRecord.setVisibility:6339 com.android.server.wm.TaskFragment.resumeTopActivity:1731 
02-18 10:52:20.589 D/WindowManager( 1389): prepareSync <SYNC_STATE_WAITING_FOR_DRAW>, mPrepareSyncSeqId=0, win=Window{b9a70cc u0 com.sec.android.app.launcher/com.android.quickstep.RecentsActivity}
