02-18 10:34:46.341 D/io_stats(  634): !@   8,0 r 15330033 401961984 w 5791796 81228952 d 1462573 85465436 f 0 0 iot 6780908 0 th 0 0 0 pt 0 inp 0 0 79467.794
02-18 10:34:46.370 D/BoundBrokerSvc( 5054): onUnbind: Intent { act=com.google.android.gms.libs.gmscorelogger.service.START dat=chimera-action:/... cmp=com.google.android.gms/.chimera.PersistentDirectBootAwareApiService }
02-18 10:34:47.351 I/sensors-hal(  964): handle_sns_client_event:229, auto_rotation_event_2: mode:255, type:1:0/0.182,0.610,9.899, ar:0
02-18 10:34:47.942 I/vendor.qti.bluetooth@1.0-ibs_handler(  948): ProcessIbsCmd: Received IBS_WAKE_IND: 0xFD
02-18 10:34:47.942 D/vendor.qti.bluetooth@1.0-ibs_handler(  948): SerialClockVote: vote for UART CLK ON
02-18 10:34:47.948 D/vendor.qti.bluetooth@1.0-wake_lock(  948): Acquire wakelock is acquired 
02-18 10:34:47.948 I/vendor.qti.bluetooth@1.0-ibs_handler(  948): ProcessIbsCmd: Writing IBS_WAKE_ACK
02-18 10:34:47.960 D/BtGatt.GattService( 3611): onScanResult to scannerId: 2- eventType=0x1b, addressType=1, address=XX:XX:XX:XX:3C:7C, primaryPhy=1, secondaryPhy=0, advertisingSid=0xff, txPower=127, rssi=-81, periodicAdvInt=0x0
02-18 10:34:47.963 D/BtGatt.GattService( 3611): onScanResult to scannerId: 8- eventType=0x10, addressType=1, address=XX:XX:XX:XX:BB:84, primaryPhy=1, secondaryPhy=0, advertisingSid=0xff, txPower=127, rssi=-62, periodicAdvInt=0x0
02-18 10:34:47.973 I/NearbyDiscovery( 5054): (REDACTED) BloomFilterAdvManager: Detected bloom filter but too far away, ignoring. %sm, %s
02-18 10:34:47.995 I/vendor.qti.bluetooth@1.0-ibs_handler(  948): ProcessIbsCmd: Received IBS_SLEEP_IND: 0xFE
02-18 10:34:47.995 D/vendor.qti.bluetooth@1.0-ibs_handler(  948): SerialClockVote: vote for UART CLK OFF
02-18 10:34:48.085 D/ProfileInstaller(20998): Skipping profile installation for com.osp.app.signin
02-18 10:34:48.147 D/vendor.qti.bluetooth@1.0-wake_lock(  948): Release wakelock is released 
02-18 10:34:48.895 D/SemWifiUsabilityStatsMonitor( 1389): onWifiUsabilityStats - seqNum 4866, isSameBssidAndFreq true
02-18 10:34:49.896 I/vendor.qti.bluetooth@1.0-ibs_handler(  948): ProcessIbsCmd: Received IBS_WAKE_IND: 0xFD
02-18 10:34:49.896 D/vendor.qti.bluetooth@1.0-ibs_handler(  948): SerialClockVote: vote for UART CLK ON
02-18 10:34:49.898 D/vendor.qti.bluetooth@1.0-wake_lock(  948): Acquire wakelock is acquired 
02-18 10:34:49.898 I/vendor.qti.bluetooth@1.0-ibs_handler(  948): ProcessIbsCmd: Writing IBS_WAKE_ACK
02-18 10:34:49.907 D/BtGatt.GattService( 3611): onScanResult to scannerId: 8- eventType=0x0, addressType=1, address=XX:XX:XX:XX:6D:94, primaryPhy=1, secondaryPhy=1, advertisingSid=0x1, txPower=127, rssi=-63, periodicAdvInt=0x0
02-18 10:34:49.909 D/BtGatt.GattService( 3611): onScanResult to scannerId: 8- eventType=0x10, addressType=1, address=XX:XX:XX:XX:93:89, primaryPhy=1, secondaryPhy=0, advertisingSid=0xff, txPower=127, rssi=-78, periodicAdvInt=0x0
02-18 10:34:49.946 I/vendor.qti.bluetooth@1.0-ibs_handler(  948): ProcessIbsCmd: Received IBS_SLEEP_IND: 0xFE
02-18 10:34:49.946 D/vendor.qti.bluetooth@1.0-ibs_handler(  948): SerialClockVote: vote for UART CLK OFF
02-18 10:34:50.097 D/vendor.qti.bluetooth@1.0-wake_lock(  948): Release wakelock is released 
02-18 10:34:50.343 D/io_stats(  634): !@   8,0 r 15330034 401961988 w 5791811 81230348 d 1462573 85465436 f 0 0 iot 6780952 0 th 0 0 0 pt 0 inp 0 0 79471.797
02-18 10:34:50.484 D/UsbStatsMonitor( 1389): 0 0 0 0 0 0 0 0 0 0 0 0 1 0 0 0 0 0 0 0 0 0 0 0 0 0 0 0 0 0 0 0 0 0 0 0 0 0 0 0 0 0 0 0 0 0 0 0 0 0 0 0 0 0
02-18 10:34:50.870 W/ProcessStats( 1389): Tracking association SourceState{12be9e3 com.google.android.googlequicksearchbox:googleapp/10211 BTop #411075} whose proc state 2 is better than process ProcessState{9f98c76 com.google.android.gms/10208 pkg=com.google.android.gms (sub)} proc state 14 (327 skipped)
02-18 10:34:51.135 D/SecPowerUI.Notification( 2953): showChargingNotice oldChargingType : 11 / currentChargingType : 11, oldChargingTime : 4654000 / mChargingTime : 4654000
02-18 10:34:51.136 D/SecPowerUI.Notification( 2953): showChargingNotice User swipe, so return!
02-18 10:34:51.515 E/audit   (  851): type=1400 audit(1771391091.509:130363): avc:  denied  { kill } for  pid=0 comm="swapper/3" capability=5  scontext=u:r:kernel:s0 tcontext=u:r:kernel:s0 tclass=capability permissive=0 SEPF_SM-A235F_12_0001 audit_filtered
02-18 10:34:51.586 I/vendor.qti.bluetooth@1.0-ibs_handler(  948): ProcessIbsCmd: Received IBS_WAKE_IND: 0xFD
02-18 10:34:51.586 D/vendor.qti.bluetooth@1.0-ibs_handler(  948): SerialClockVote: vote for UART CLK ON
02-18 10:34:51.590 D/vendor.qti.bluetooth@1.0-wake_lock(  948): Acquire wakelock is acquired 
02-18 10:34:51.590 I/vendor.qti.bluetooth@1.0-ibs_handler(  948): ProcessIbsCmd: Writing IBS_WAKE_ACK
02-18 10:34:51.600 D/BtGatt.GattService( 3611): onScanResult to scannerId: 8- eventType=0x1b, addressType=1, address=XX:XX:XX:XX:75:AE, primaryPhy=1, secondaryPhy=0, advertisingSid=0xff, txPower=127, rssi=-84, periodicAdvInt=0x0
02-18 10:34:51.602 D/BtGatt.GattService( 3611): onScanResult to scannerId: 8- eventType=0x0, addressType=1, address=XX:XX:XX:XX:6D:94, primaryPhy=1, secondaryPhy=1, advertisingSid=0x1, txPower=127, rssi=-62, periodicAdvInt=0x0
02-18 10:34:51.637 I/vendor.qti.bluetooth@1.0-ibs_handler(  948): ProcessIbsCmd: Received IBS_SLEEP_IND: 0xFE
02-18 10:34:51.637 D/vendor.qti.bluetooth@1.0-ibs_handler(  948): SerialClockVote: vote for UART CLK OFF
02-18 10:34:51.637 I/vendor.qti.bluetooth@1.0-ibs_handler(  948): ProcessIbsCmd: Received IBS_WAKE_IND: 0xFD
02-18 10:34:51.637 D/vendor.qti.bluetooth@1.0-ibs_handler(  948): SerialClockVote: vote for UART CLK ON
02-18 10:34:51.637 I/vendor.qti.bluetooth@1.0-ibs_handler(  948): ProcessIbsCmd: Writing IBS_WAKE_ACK
02-18 10:34:51.645 D/BtGatt.GattService( 3611): onScanResult to scannerId: 2- eventType=0x1b, addressType=1, address=XX:XX:XX:XX:3C:7C, primaryPhy=1, secondaryPhy=0, advertisingSid=0xff, txPower=127, rssi=-82, periodicAdvInt=0x0
02-18 10:34:51.652 I/NearbyDiscovery( 5054): (REDACTED) BloomFilterAdvManager: Detected bloom filter but too far away, ignoring. %sm, %s
02-18 10:34:51.681 I/vendor.qti.bluetooth@1.0-ibs_handler(  948): ProcessIbsCmd: Received IBS_SLEEP_IND: 0xFE
02-18 10:34:51.681 D/vendor.qti.bluetooth@1.0-ibs_handler(  948): SerialClockVote: vote for UART CLK OFF
02-18 10:34:51.831 D/vendor.qti.bluetooth@1.0-wake_lock(  948): Release wakelock is released 
02-18 10:34:51.930 D/SemWifiUsabilityStatsMonitor( 1389): onWifiUsabilityStats - seqNum 4867, isSameBssidAndFreq true
02-18 10:34:51.938 D/StatusBarIconController( 2953): ignoring old pipeline callback because the new wifi icon is enabled
02-18 10:34:51.947 I/VSyncReactor( 1156): Current= 60, Period= 60, hwcPeriod= 60
02-18 10:34:52.127 W/DeviceStorageMonitorService( 1389): updateBroadcasts(/data) oldLevel:0, newLevel:0, seq:1
02-18 10:34:52.129 D/DeviceStorageMonitorService( 1389): Available File Node Number is [13284663]
02-18 10:34:52.129 W/DeviceStorageMonitorService( 1389): updateBroadcasts_filenode(/data) fn_oldLevel:0, fn_newLevel:0, seq:1
02-18 10:34:52.345 D/io_stats(  634): !@   8,0 r 15330056 401962084 w 5791919 81230776 d 1462625 85466300 f 0 0 iot 6781036 0 th 0 0 0 pt 0 inp 0 0 79473.799
02-18 10:34:52.612 I/NearbyMediums( 5054): Found Fast Ble Advertisements :
02-18 10:34:52.612 I/NearbyMediums( 5054): BleAdvertisement { version=2, socketVersion=2, isFast=true, serviceIdHash=null, data=[ 0x23 0x44 0x43 0x59 0x39 0x11 0x32 0xac 0xa2 0xda 0x2a 0x53 0xcd 0x76 0xe4 0x20 0x7f 0xed 0x41 0xf5 0xbe 0x6b 0xe5 ], deviceToken=[ 0x34 0xe4 ], rxAdvertisement=null } : 1 times.
02-18 10:34:52.612 I/NearbyMediums( 5054): BleAdvertisement { version=2, socketVersion=2, isFast=true, serviceIdHash=null, data=[ 0x23 0x46 0x41 0x35 0x43 0x11 0x32 0x7a 0xe2 0x7a 0x66 0x04 0xa2 0x0b 0x98 0x5b 0xee 0x95 0x2e 0x56 0x35 0x52 0x16 ], deviceToken=[ 0x2e 0xad ], rxAdvertisement=null } : 2 times.
02-18 10:34:52.612 I/NearbyMediums( 5054): BleAdvertisement { version=2, socketVersion=2, isFast=true, serviceIdHash=null, data=[ 0x23 0x45 0x4f 0x32 0x30 0x11 0x32 0xe8 0x12 0xed 0xaa 0x83 0xde 0xa4 0x46 0x6f 0x07 0x6d 0xc0 0xda 0xa3 0x1b 0x0e ], deviceToken=[ 0xb8 0x79 ], rxAdvertisement=null } : 6 times.
02-18 10:34:52.612 I/NearbyMediums( 5054): Total 9 fast advertisements from 3 unique advertisers.
02-18 10:34:52.613 I/NearbyMediums( 5054): Found BLE GATT Advertisements :
02-18 10:34:52.613 I/NearbyMediums( 5054): BleAdvertisement { version=2, socketVersion=2, isFast=false, serviceIdHash=[ 0xfc 0x9f 0x5e ], data=[ 0x23 0xfc 0x9f 0x5e 0x53 0x52 0x33 0x51 0x17 0x06 0x63 0x2a 0xcc 0x19 0xa8 0xe5 0xed 0x26 0x0d 0x44 0xa9 0xc2 0x0a 0x8b 0x2b 0x38 0x05 0x4e 0x65 0x74 0x68 0x61 0x50 0xeb 0x71 0x31 0xdc 0xd2 0x00 0x00 ], deviceToken=[ 0xde 0x8a ], rxAdvertisement=null } : 1 times.
02-18 10:34:52.613 I/NearbyMediums( 5054): Total 1 GATT advertisements from 1 unique advertisers.
02-18 10:34:52.613 I/NearbyMediums( 5054): Current Tracked Scanning Clients are : {NearbyConnections.EnvironmentMonitor, NearbySharing, NearbyConnections.TxAdvertisement}
02-18 10:34:52.947 I/keystore2(  640): system/security/keystore2/src/watchdog.rs:319 - Watchdog thread idle -> terminating. Have a great day.
02-18 10:34:53.015 D/BoundBrokerSvc( 5138): onUnbind: Intent { act=com.google.android.gms.measurement.START pkg=com.google.android.gms }
02-18 10:34:53.423 I/vendor.qti.bluetooth@1.0-ibs_handler(  948): ProcessIbsCmd: Received IBS_WAKE_IND: 0xFD
02-18 10:34:53.423 D/vendor.qti.bluetooth@1.0-ibs_handler(  948): SerialClockVote: vote for UART CLK ON
02-18 10:34:53.429 D/vendor.qti.bluetooth@1.0-wake_lock(  948): Acquire wakelock is acquired 
02-18 10:34:53.429 I/vendor.qti.bluetooth@1.0-ibs_handler(  948): ProcessIbsCmd: Writing IBS_WAKE_ACK
02-18 10:34:53.439 D/BtGatt.GattService( 3611): onScanResult to scannerId: 8- eventType=0x10, addressType=1, address=XX:XX:XX:XX:BB:84, primaryPhy=1, secondaryPhy=0, advertisingSid=0xff, txPower=127, rssi=-62, periodicAdvInt=0x0
02-18 10:34:53.441 D/BtGatt.GattService( 3611): onScanResult to scannerId: 8- eventType=0x10, addressType=1, address=XX:XX:XX:XX:93:89, primaryPhy=1, secondaryPhy=0, advertisingSid=0xff, txPower=127, rssi=-93, periodicAdvInt=0x0
02-18 10:34:53.444 D/BtGatt.GattService( 3611): onScanResult to scannerId: 2- eventType=0x1b, addressType=1, address=XX:XX:XX:XX:7B:D6, primaryPhy=1, secondaryPhy=0, advertisingSid=0xff, txPower=127, rssi=-80, periodicAdvInt=0x0
02-18 10:34:53.452 I/NearbyDiscovery( 5054): (REDACTED) BloomFilterAdvManager: Detected bloom filter but too far away, ignoring. %sm, %s
02-18 10:34:53.475 I/vendor.qti.bluetooth@1.0-ibs_handler(  948): ProcessIbsCmd: Received IBS_SLEEP_IND: 0xFE
02-18 10:34:53.475 D/vendor.qti.bluetooth@1.0-ibs_handler(  948): SerialClockVote: vote for UART CLK OFF
02-18 10:34:53.627 D/vendor.qti.bluetooth@1.0-wake_lock(  948): Release wakelock is released 
02-18 10:34:54.348 D/io_stats(  634): !@   8,0 r 15330056 401962084 w 5791958 81230912 d 1462633 85466340 f 0 0 iot 6781052 0 th 0 0 0 pt 0 inp 0 0 79475.801
02-18 10:34:54.969 D/SemWifiUsabilityStatsMonitor( 1389): onWifiUsabilityStats - seqNum 4868, isSameBssidAndFreq true
02-18 10:34:55.395 I/wpa_supplicant(18922): Heartbeat 16015
02-18 10:34:55.414 I/vendor.qti.bluetooth@1.0-ibs_handler(  948): ProcessIbsCmd: Received IBS_WAKE_IND: 0xFD
02-18 10:34:55.415 D/vendor.qti.bluetooth@1.0-ibs_handler(  948): SerialClockVote: vote for UART CLK ON
02-18 10:34:55.418 D/vendor.qti.bluetooth@1.0-wake_lock(  948): Acquire wakelock is acquired 
02-18 10:34:55.418 I/vendor.qti.bluetooth@1.0-ibs_handler(  948): ProcessIbsCmd: Writing IBS_WAKE_ACK
02-18 10:34:55.435 D/BtGatt.GattService( 3611): onScanResult to scannerId: 2- eventType=0x1b, addressType=1, address=XX:XX:XX:XX:3C:7C, primaryPhy=1, secondaryPhy=0, advertisingSid=0xff, txPower=127, rssi=-89, periodicAdvInt=0x0
02-18 10:34:55.437 D/BtGatt.GattService( 3611): onScanResult to scannerId: 8- eventType=0x0, addressType=1, address=XX:XX:XX:XX:CB:B6, primaryPhy=1, secondaryPhy=1, advertisingSid=0x2, txPower=127, rssi=-83, periodicAdvInt=0x0
02-18 10:34:55.446 I/NearbyDiscovery( 5054): (REDACTED) BloomFilterAdvManager: Detected bloom filter but too far away, ignoring. %sm, %s
02-18 10:34:55.447 D/BtGatt.GattService( 3611): onScanResult to scannerId: 8- eventType=0x1, addressType=1, address=XX:XX:XX:XX:E0:D2, primaryPhy=1, secondaryPhy=1, advertisingSid=0x4, txPower=127, rssi=-79, periodicAdvInt=0x0
02-18 10:34:55.468 I/vendor.qti.bluetooth@1.0-ibs_handler(  948): ProcessIbsCmd: Received IBS_SLEEP_IND: 0xFE
02-18 10:34:55.468 D/vendor.qti.bluetooth@1.0-ibs_handler(  948): SerialClockVote: vote for UART CLK OFF
02-18 10:34:55.471 I/vendor.qti.bluetooth@1.0-ibs_handler(  948): ProcessIbsCmd: Received IBS_WAKE_IND: 0xFD
02-18 10:34:55.471 D/vendor.qti.bluetooth@1.0-ibs_handler(  948): SerialClockVote: vote for UART CLK ON
02-18 10:34:55.471 I/vendor.qti.bluetooth@1.0-ibs_handler(  948): ProcessIbsCmd: Writing IBS_WAKE_ACK
02-18 10:34:55.513 I/vendor.qti.bluetooth@1.0-ibs_handler(  948): ProcessIbsCmd: Received IBS_SLEEP_IND: 0xFE
02-18 10:34:55.514 D/vendor.qti.bluetooth@1.0-ibs_handler(  948): SerialClockVote: vote for UART CLK OFF
02-18 10:34:55.664 D/vendor.qti.bluetooth@1.0-wake_lock(  948): Release wakelock is released 
02-18 10:34:56.239 I/android.hardware.health@2.1-service-samsung(  956): updateLrpSysfs: write: 349
02-18 10:34:56.242 D/BatteryService( 1389): Sending ACTION_BATTERY_CHANGED: level:46, status:2, health:2, remain:4644, ac:false, usb:true, wireless:false, pogo:false, misc:0x10000, charge_type:1, charger_type:0, voltage:3939, temperature:313, online:4, charging_status:0, cycle_count:0, current_avg:1674, ps:false, hvc:false, capacity:280000, current_event:0x8000, current_now:1716, mcc:0, mcv:0, cc:2305000, present:true, scale:100, technology:Li-ion
02-18 10:34:56.248 I/DeviceBatteryInfoService( 1389): action: android.intent.action.BATTERY_CHANGED
02-18 10:34:56.248 I/DeviceBatteryInfoService( 1389): phone battery level: 46
02-18 10:34:56.249 I/DeviceBatteryInfoService( 1389): phone battery status: 2
02-18 10:34:56.256 D/MotionRecognitionService( 1389): [SAR]  onReceive : ACTION_BATTERY_CHANGED, Plugged: 2
02-18 10:34:56.263 I/AODBatteryManager( 2953): updateBatteryData: ACTION_BATTERY_CHANGED
02-18 10:34:56.264 D/SemBigDataInfoController( 3241): Intent: android.intent.action.BATTERY_CHANGED
02-18 10:34:56.266 D/SemBigDataInfoController( 3241): Intent: android.intent.action.BATTERY_CHANGED
02-18 10:34:56.267 I/AODBatteryManager( 2953): saveBatteryData : AOD BatteryData [mBatteryLevel=46, mBatteryStatus=CHARGING, mBatteryPlugType=USB, mBatteryPlugged=true, mRemainingChargeTime=4644000, mBatteryChargingType=1, mBatteryChargerType=NORMAL, mBatteryOnline=USB, mBatterySwellingMode=NONE, mBatteryProtectMode=false, mBatteryProtectModeType=1, mSleepChargingEvent=null, mSleepChargingEventFinishTime=null]
02-18 10:34:56.267 I/ChargingInfoManager( 2953): updateChargingInfo: newState = AOD ChargingInfo [mState=BATTERY_AND_REMAIN_TIME, mIsCharging=true, mIsFullyCharged=false, mIsBatteryProtectMode=false, mBetteryLevel=46, mBetteryProtectModeType0], oldState = AOD ChargingInfo [mState=BATTERY_AND_REMAIN_TIME, mIsCharging=true, mIsFullyCharged=false, mIsBatteryProtectMode=false, mBetteryLevel=46, mBetteryProtectModeType0]
02-18 10:34:56.268 D/SamsungBatteryMeterDrawable( 2953): onBatteryLevelChanged isSomethingChanged: false
02-18 10:34:56.268 D/SamsungBatteryMeterDrawable( 2953): onBatteryLevelChanged isSomethingChanged: false
02-18 10:34:56.269 D/SamsungBatteryMeterDrawable( 2953): onBatteryLevelChanged isSomethingChanged: false
02-18 10:34:56.270 I/PowerUI ( 2953): mBootCompleted = true |  mFullyConnected = true
02-18 10:34:56.270 I/PowerUI ( 2953): BATTERY_HEALTH_CHECK extraHealth=2 mBatteryMiscEvent=65536
02-18 10:34:56.270 W/PowerUI ( 2953): Plug reason
02-18 10:34:56.270 W/PowerUI ( 2953): Skip charging animation - by plug status
02-18 10:34:56.271 D/SecPowerUI.Notification( 2953): dismissing low battery warning: level=46
02-18 10:34:56.271 D/SecPowerUI.Notification( 2953): updateNotification mWarning=false mPlaySound=false
02-18 10:34:56.271 D/PowerUI ( 2953): priorPlugType = 2 mPlugType = 2 priorBatteryStatus = 2 mBatteryStatus = 2
02-18 10:34:56.271 W/PowerUI ( 2953): Plug reason
02-18 10:34:56.271 W/PowerUI ( 2953): Skip charging sound - by plug status
02-18 10:34:56.272 D/SecPowerUI.Notification( 2953): SecBatteryStatsSnapshot{batteryLevel=46, currentBatteryMode=0, chargingTime=4654000, chargingType=11, batteryHealth=2, automaticTestMode=false, isHiccupState=false, optChargingFinishTime=}
02-18 10:34:56.272 I/[SCPMV2][SystemMonitorReceiver](16935): onReceive: android.intent.action.BATTERY_CHANGED
02-18 10:34:56.273 D/SecPowerUI.Notification( 2953): 1. restoreScreenTimeOut - saved_value : :
02-18 10:34:56.273 E/SecPowerUI.Notification( 2953): no saved value, so we do nothing !!
02-18 10:34:56.273 I/PowerUI ( 2953): oldMisalign : false, curMisalign : false
02-18 10:34:56.275 D/SecPowerUI.Notification( 2953): showChargingNotice oldChargingType : 11 / currentChargingType : 11, oldChargingTime : 4654000 / mChargingTime : 4644000
02-18 10:34:56.275 D/SecPowerUI.Notification( 2953): showChargingNotice User swipe, so return!
02-18 10:34:56.275 D/PowerUI ( 2953): Battery swelling mode - priorBatterySwellingMode = 0 mBatterySwellingMode = 0 mBatteryStatus = 2
02-18 10:34:56.275 I/PowerUI ( 2953): mBatteryMiscEvent = 65536
02-18 10:34:56.276 I/PowerUI ( 2953): checkRestoreProtectBattery pb value : 0, Scheduling start ? : false
02-18 10:34:56.276 I/PowerUI ( 2953): Clear time
02-18 10:34:56.277 D/KNOX_MDM_SettingsProvider( 1389): isChangeAllowed() : name = ltc_highsoc_exceed_time
02-18 10:34:56.277 D/KNOX_MDM_SettingsProvider( 1389): edmUri: content://com.sec.knox.provider/RestrictionPolicy3
02-18 10:34:56.277 D/KNOX_MDM_SettingsProvider( 1389): projectionArgs: isSettingsChangesAllowed
02-18 10:34:56.277 D/KNOX_MDM_SettingsProvider( 1389): selectionArgs: false
02-18 10:34:56.277 D/KNOX_MDM_SettingsProvider( 1389): selectionArgs: 10046
02-18 10:34:56.277 D/SecContentProvider( 1389): query(), uri = 17 selection = isSettingsChangesAllowed
02-18 10:34:56.277 D/SecContentProvider( 1389): called from android.uid.systemui:10046
02-18 10:34:56.277 D/RestrictionPolicy( 1389): isSettingsChangesAllowedAsUser, userId 0 : true
02-18 10:34:56.278 D/KNOX_MDM_SettingsProvider( 1389): ret = 1
02-18 10:34:56.279 I/PowerUI ( 2953): checkBatteryProtectionNotification : 2, pb value : 0, plugType : 2, level : 46
02-18 10:34:56.279 D/SecPowerUI.Notification( 2953): SecBatteryStatsSnapshot{batteryLevel=46, currentBatteryMode=0, chargingTime=4644000, chargingType=11, batteryHealth=2, automaticTestMode=false, isHiccupState=false, optChargingFinishTime=}
02-18 10:34:56.281 D/KeyguardUpdateMonitor( 2953): handleBatteryUpdate
02-18 10:34:56.285 D/KeyguardSecIndicationController( 2953): addIndicationTimeout() returned - unlocking
02-18 10:34:56.285 D/KeyguardSecIndicationController( 2953): addIndication() returned - unlocking
02-18 10:34:56.286 D/KeyguardSecIndicationPolicy( 2953):  remove Item pos = DEFAULT, type =     TRUST_AGENT_HELP
02-18 10:34:56.287 D/KeyguardSecIndicationController( 2953): addUsbRestriction false/isSecure=true
02-18 10:34:56.287 D/KeyguardSecIndicationPolicy( 2953):  remove Item pos = DEFAULT, type =      USB_RESTRICTION
02-18 10:34:56.287 D/KeyguardSecIndicationController( 2953): addBatteryAndOwnerInfoIndication() battery status = BatteryStatus{status=2,level=46,plugged=2,chargingStatus=0,maxChargingWattage=-1,remaining=4644000ultraFastCharger=0}
02-18 10:34:56.350 D/io_stats(  634): !@   8,0 r 15330056 401962084 w 5791967 81231364 d 1462633 85466340 f 0 0 iot 6781068 0 th 0 0 0 pt 0 inp 0 0 79477.803
02-18 10:34:57.136 I/vendor.qti.bluetooth@1.0-ibs_handler(  948): ProcessIbsCmd: Received IBS_WAKE_IND: 0xFD
02-18 10:34:57.136 D/vendor.qti.bluetooth@1.0-ibs_handler(  948): SerialClockVote: vote for UART CLK ON
02-18 10:34:57.142 D/vendor.qti.bluetooth@1.0-wake_lock(  948): Acquire wakelock is acquired 
02-18 10:34:57.142 I/vendor.qti.bluetooth@1.0-ibs_handler(  948): ProcessIbsCmd: Writing IBS_WAKE_ACK
02-18 10:34:57.152 D/BtGatt.GattService( 3611): onScanResult to scannerId: 2- eventType=0x1b, addressType=1, address=XX:XX:XX:XX:3C:7C, primaryPhy=1, secondaryPhy=0, advertisingSid=0xff, txPower=127, rssi=-75, periodicAdvInt=0x0
02-18 10:34:57.155 D/BtGatt.GattService( 3611): onScanResult to scannerId: 8- eventType=0x10, addressType=1, address=XX:XX:XX:XX:BB:84, primaryPhy=1, secondaryPhy=0, advertisingSid=0xff, txPower=127, rssi=-62, periodicAdvInt=0x0
02-18 10:34:57.160 I/NearbyDiscovery( 5054): (REDACTED) BloomFilterAdvManager: Detected bloom filter but too far away, ignoring. %sm, %s
02-18 10:34:57.187 I/vendor.qti.bluetooth@1.0-ibs_handler(  948): ProcessIbsCmd: Received IBS_SLEEP_IND: 0xFE
02-18 10:34:57.187 D/vendor.qti.bluetooth@1.0-ibs_handler(  948): SerialClockVote: vote for UART CLK OFF
02-18 10:34:57.213 I/vendor.qti.bluetooth@1.0-ibs_handler(  948): ProcessIbsCmd: Received IBS_WAKE_IND: 0xFD
02-18 10:34:57.213 D/vendor.qti.bluetooth@1.0-ibs_handler(  948): SerialClockVote: vote for UART CLK ON
02-18 10:34:57.214 I/vendor.qti.bluetooth@1.0-ibs_handler(  948): ProcessIbsCmd: Writing IBS_WAKE_ACK
02-18 10:34:57.223 D/BtGatt.GattService( 3611): onScanResult to scannerId: 8- eventType=0x1b, addressType=1, address=XX:XX:XX:XX:75:AE, primaryPhy=1, secondaryPhy=0, advertisingSid=0xff, txPower=127, rssi=-91, periodicAdvInt=0x0
02-18 10:34:57.258 I/vendor.qti.bluetooth@1.0-ibs_handler(  948): ProcessIbsCmd: Received IBS_SLEEP_IND: 0xFE
02-18 10:34:57.258 D/vendor.qti.bluetooth@1.0-ibs_handler(  948): SerialClockVote: vote for UART CLK OFF
02-18 10:34:57.409 D/vendor.qti.bluetooth@1.0-wake_lock(  948): Release wakelock is released 
02-18 10:34:57.943 I/sensors-hal(  964): handle_sns_client_event:229, auto_rotation_event_2: mode:255, type:1:0/0.179,0.589,9.918, ar:0
02-18 10:34:58.009 D/SemWifiUsabilityStatsMonitor( 1389): onWifiUsabilityStats - seqNum 4869, isSameBssidAndFreq true
02-18 10:34:58.919 I/vendor.qti.bluetooth@1.0-ibs_handler(  948): ProcessIbsCmd: Received IBS_WAKE_IND: 0xFD
02-18 10:34:58.919 D/vendor.qti.bluetooth@1.0-ibs_handler(  948): SerialClockVote: vote for UART CLK ON
02-18 10:34:58.924 D/vendor.qti.bluetooth@1.0-wake_lock(  948): Acquire wakelock is acquired 
02-18 10:34:58.924 I/vendor.qti.bluetooth@1.0-ibs_handler(  948): ProcessIbsCmd: Writing IBS_WAKE_ACK
02-18 10:34:58.935 D/BtGatt.GattService( 3611): onScanResult to scannerId: 2- eventType=0x1b, addressType=1, address=XX:XX:XX:XX:7B:D6, primaryPhy=1, secondaryPhy=0, advertisingSid=0xff, txPower=127, rssi=-78, periodicAdvInt=0x0
02-18 10:34:58.940 I/NearbyDiscovery( 5054): (REDACTED) [trigger-id=Scan246E8314] FastPairCache: Bloom filter changed, %s, newData=%s, oldData=%s, scanMode=%s
02-18 10:34:58.944 I/NearbyDiscovery( 5054): (REDACTED) BloomFilterAdvManager: Detected bloom filter but too far away, ignoring. %sm, %s
02-18 10:34:58.969 D/BtGatt.GattService( 3611): onScanResult to scannerId: 8- eventType=0x0, addressType=1, address=XX:XX:XX:XX:CB:B6, primaryPhy=1, secondaryPhy=1, advertisingSid=0x2, txPower=127, rssi=-88, periodicAdvInt=0x0
02-18 10:34:59.007 I/vendor.qti.bluetooth@1.0-ibs_handler(  948): ProcessIbsCmd: Received IBS_SLEEP_IND: 0xFE
02-18 10:34:59.007 D/vendor.qti.bluetooth@1.0-ibs_handler(  948): SerialClockVote: vote for UART CLK OFF
02-18 10:34:59.159 D/vendor.qti.bluetooth@1.0-wake_lock(  948): Release wakelock is released 
02-18 10:34:59.214 I/AiAiStatsd( 5531): No op: the most recent atoms from the date 2026-02-16 have been uploaded.
02-18 10:35:00.010 D/FaceWidgetPagesController( 2953): onTimeChanged()
02-18 10:35:00.012 D/QSClockBellTower( 2953): onReceive(android.intent.action.TIME_TICK) mTimeZoneString:Asia/Kolkata
02-18 10:35:00.015 D/QSClockBellTower( 2953): He is ready to ring the bell. (((QSClockBellSound - TimeText:10:35, TimeContentDescription:10:35 am, DateText:Wed, 18 February, ShortDateText:Wed, 18 Feb, Demo:false, QuickStar-Second(false|12:34:56), QuickStar-DateText:Wed, 18 Feb)))
02-18 10:35:00.017 D/QSClock ( 2953): StatusBar clock=10:35 notifyTimeChanged(QSClockBellSound - TimeText:10:35, TimeContentDescription:10:35 am, DateText:Wed, 18 February, ShortDateText:Wed, 18 Feb, Demo:false, QuickStar-Second(false|12:34:56), QuickStar-DateText:Wed, 18 Feb) clockVisibleByPolicy=true, clockVisibleByUser=true, visible=true, parent=android.widget.LinearLayout{21924da V.E...... ......ID 0,0-100,58 #7f0a0591 app:id/left_clock_container}
02-18 10:35:00.017 D/QSClockBellTower( 2953): Everyone heard the bell. run(currentTime:1771391100013, getTime():Wed Feb 18 10:35:00 GMT+05:30 2026, getTimeZone():libcore.util.ZoneInfo[mDstSavings=0,mUseDst=false,mDelegate=[id="Asia/Kolkata",mRawOffset=19800000,mEarliestRawOffset=21208000,transitions=7]])
02-18 10:35:00.032 I/VSyncReactor( 1156): Current= 60, Period= 60, hwcPeriod= 60
02-18 10:35:00.049 I/SurfaceFlinger( 1156): SFWD update time=79481503012750
02-18 10:35:00.057 D/QsExpandAnimator( 2953): mIsDateButtonOverlapped = false >> false, (380.0 + 375) = 755.0 : 984
02-18 10:35:00.062 W/View    ( 2953): requestLayout() improperly called by android.widget.FrameLayout{e219a5 V.E...... ......ID 0,124-1080,2282 #7f0a0846 app:id/qs_frame} during layout: running second layout pass
02-18 10:35:00.352 D/io_stats(  634): !@   8,0 r 15330065 401962516 w 5792036 81231624 d 1462653 85466544 f 0 0 iot 6781132 0 th 0 0 0 pt 0 inp 0 0 79481.806
02-18 10:35:00.727 I/vendor.qti.bluetooth@1.0-ibs_handler(  948): ProcessIbsCmd: Received IBS_WAKE_IND: 0xFD
02-18 10:35:00.727 D/vendor.qti.bluetooth@1.0-ibs_handler(  948): SerialClockVote: vote for UART CLK ON
02-18 10:35:00.731 D/vendor.qti.bluetooth@1.0-wake_lock(  948): Acquire wakelock is acquired 
02-18 10:35:00.731 I/vendor.qti.bluetooth@1.0-ibs_handler(  948): ProcessIbsCmd: Writing IBS_WAKE_ACK
02-18 10:35:00.744 D/BtGatt.GattService( 3611): onScanResult to scannerId: 8- eventType=0x10, addressType=1, address=XX:XX:XX:XX:93:89, primaryPhy=1, secondaryPhy=0, advertisingSid=0xff, txPower=127, rssi=-80, periodicAdvInt=0x0
02-18 10:35:00.754 D/BtGatt.GattService( 3611): onScanResult to scannerId: 8- eventType=0x0, addressType=1, address=XX:XX:XX:XX:6D:94, primaryPhy=1, secondaryPhy=1, advertisingSid=0x1, txPower=127, rssi=-64, periodicAdvInt=0x0
02-18 10:35:00.793 I/vendor.qti.bluetooth@1.0-ibs_handler(  948): ProcessIbsCmd: Received IBS_SLEEP_IND: 0xFE
02-18 10:35:00.793 D/vendor.qti.bluetooth@1.0-ibs_handler(  948): SerialClockVote: vote for UART CLK OFF
02-18 10:35:00.823 I/vendor.qti.bluetooth@1.0-ibs_handler(  948): ProcessIbsCmd: Received IBS_WAKE_IND: 0xFD
02-18 10:35:00.823 D/vendor.qti.bluetooth@1.0-ibs_handler(  948): SerialClockVote: vote for UART CLK ON
02-18 10:35:00.823 I/vendor.qti.bluetooth@1.0-ibs_handler(  948): ProcessIbsCmd: Writing IBS_WAKE_ACK
02-18 10:35:00.832 D/BtGatt.GattService( 3611): onScanResult to scannerId: 8- eventType=0x10, addressType=1, address=XX:XX:XX:XX:BB:84, primaryPhy=1, secondaryPhy=0, advertisingSid=0xff, txPower=127, rssi=-66, periodicAdvInt=0x0
02-18 10:35:00.838 D/BtGatt.GattService( 3611): onScanResult to scannerId: 8- eventType=0x0, addressType=1, address=XX:XX:XX:XX:CB:B6, primaryPhy=1, secondaryPhy=1, advertisingSid=0x2, txPower=127, rssi=-78, periodicAdvInt=0x0
02-18 10:35:00.873 I/vendor.qti.bluetooth@1.0-ibs_handler(  948): ProcessIbsCmd: Received IBS_SLEEP_IND: 0xFE
02-18 10:35:00.873 D/vendor.qti.bluetooth@1.0-ibs_handler(  948): SerialClockVote: vote for UART CLK OFF
02-18 10:35:01.003 I/HoneySpace.LiveIconSupplier( 3474): time tick - 138, CLOCK, 10:35 - 10:34, 95834431
02-18 10:35:01.007 I/LauncherActivityInfo( 3474): Trying to load live icon for com.sec.android.app.clockpackage
02-18 10:35:01.012 I/LiveIconUtil( 3474): getLiveIcon was called in ClockPackage
02-18 10:35:01.013 I/LiveIconUtil( 3474): getLiveIcon res = com.sec.android.app.clockpackage
02-18 10:35:01.022 I/LiveIconUtil( 3474): stdIconSize : 126 , targetIconSize : 152
02-18 10:35:01.022 I/LiveIconUtil( 3474): iconDpi : 640 , mTargetIconDpi : 420
02-18 10:35:01.023 D/vendor.qti.bluetooth@1.0-wake_lock(  948): Release wakelock is released 
02-18 10:35:01.037 D/SemWifiUsabilityStatsMonitor( 1389): onWifiUsabilityStats - seqNum 4870, isSameBssidAndFreq true
02-18 10:35:01.110 I/AppIconSolution( 3474): load= live icon for com.sec.android.app.clockpackage, from overlay = false
02-18 10:35:01.110 I/LauncherActivityInfo( 3474): packageName: com.sec.android.app.clockpackage, useThemeIcon: false, height: 288, width: 288, density: 640
02-18 10:35:01.115 I/HoneySpace.LiveIconSupplier( 3474): updateIcon - 138, CLOCK, true - 10:35, 14342718
02-18 10:35:01.118 I/VSyncReactor( 1156): Current= 60, Period= 60, hwcPeriod= 60
02-18 10:35:01.279 D/SecPowerUI.Notification( 2953): showChargingNotice oldChargingType : 11 / currentChargingType : 11, oldChargingTime : 4644000 / mChargingTime : 4644000
02-18 10:35:01.279 D/SecPowerUI.Notification( 2953): showChargingNotice User swipe, so return!
02-18 10:35:02.354 D/io_stats(  634): !@   8,0 r 15330072 401962592 w 5792038 81231632 d 1462653 85466544 f 0 0 iot 6781152 0 th 0 0 0 pt 0 inp 0 0 79483.808
02-18 10:35:02.620 I/NearbyMediums( 5054): Found Fast Ble Advertisements :
02-18 10:35:02.620 I/NearbyMediums( 5054): BleAdvertisement { version=2, socketVersion=2, isFast=true, serviceIdHash=null, data=[ 0x23 0x46 0x41 0x35 0x43 0x11 0x32 0x7a 0xe2 0x7a 0x66 0x04 0xa2 0x0b 0x98 0x5b 0xee 0x95 0x2e 0x56 0x35 0x52 0x16 ], deviceToken=[ 0x2e 0xad ], rxAdvertisement=null } : 2 times.
02-18 10:35:02.620 I/NearbyMediums( 5054): BleAdvertisement { version=2, socketVersion=2, isFast=true, serviceIdHash=null, data=[ 0x23 0x45 0x4f 0x32 0x30 0x11 0x32 0xe8 0x12 0xed 0xaa 0x83 0xde 0xa4 0x46 0x6f 0x07 0x6d 0xc0 0xda 0xa3 0x1b 0x0e ], deviceToken=[ 0xb8 0x79 ], rxAdvertisement=null } : 4 times.
02-18 10:35:02.620 I/NearbyMediums( 5054): Total 6 fast advertisements from 2 unique advertisers.
02-18 10:35:02.620 I/NearbyMediums( 5054): Found BLE GATT Advertisements :
02-18 10:35:02.620 I/NearbyMediums( 5054): BleAdvertisement { version=2, socketVersion=2, isFast=false, serviceIdHash=[ 0xfc 0x9f 0x5e ], data=[ 0x23 0xfc 0x9f 0x5e 0x53 0x52 0x33 0x51 0x17 0x06 0x63 0x2a 0xcc 0x19 0xa8 0xe5 0xed 0x26 0x0d 0x44 0xa9 0xc2 0x0a 0x8b 0x2b 0x38 0x05 0x4e 0x65 0x74 0x68 0x61 0x50 0xeb 0x71 0x31 0xdc 0xd2 0x00 0x00 ], deviceToken=[ 0xde 0x8a ], rxAdvertisement=null } : 3 times.
02-18 10:35:02.620 I/NearbyMediums( 5054): Total 3 GATT advertisements from 1 unique advertisers.
02-18 10:35:02.621 I/NearbyMediums( 5054): Current Tracked Scanning Clients are : {NearbyConnections.EnvironmentMonitor, NearbySharing, NearbyConnections.TxAdvertisement}
02-18 10:35:02.624 I/NearbyConnections( 5054): Processing lost BlePeripheral BlePeripheral{advertisement=BleAdvertisement { version=2, socketVersion=2, isFast=true, serviceIdHash=null, data=[ 0x23 0x44 0x43 0x59 0x39 0x11 0x32 0xac 0xa2 0xda 0x2a 0x53 0xcd 0x76 0xe4 0x20 0x7f 0xed 0x41 0xf5 0xbe 0x6b 0xe5 ], deviceToken=[ 0x34 0xe4 ], rxAdvertisement=null }, dctAdvertisement=null, address=null, psm=0, deviceToken=<ByteString@7b94b98 size=2 contents="4\344">, isSecondProfile=false, rxInstantConnectionAdv=null}.
02-18 10:35:02.625 I/NearbyConnections( 5054): Lost BleEndpoint for BlePeripheral BlePeripheral{advertisement=BleAdvertisement { version=2, socketVersion=2, isFast=true, serviceIdHash=null, data=[ 0x23 0x44 0x43 0x59 0x39 0x11 0x32 0xac 0xa2 0xda 0x2a 0x53 0xcd 0x76 0xe4 0x20 0x7f 0xed 0x41 0xf5 0xbe 0x6b 0xe5 ], deviceToken=[ 0x34 0xe4 ], rxAdvertisement=null }, dctAdvertisement=null, address=null, psm=0, deviceToken=<ByteString@7b94b98 size=2 contents="4\344">, isSecondProfile=false, rxInstantConnectionAdv=null} (with EndpointId DCY9 and EndpointInfo [ 0x32 0xac 0xa2 0xda 0x2a 0x53 0xcd 0x76 0xe4 0x20 0x7f 0xed 0x41 0xf5 0xbe 0x6b 0xe5 ]).
02-18 10:35:02.627 I/NearbyConnections( 5054): ClientProxy(237473778) reporting onEndpointLost(DCY9)
02-18 10:35:02.632 I/NearbySharing( 5054): NearbySharing Internal event EndpointLost(endpointId=DCY9)
02-18 10:35:02.797 I/vendor.qti.bluetooth@1.0-ibs_handler(  948): ProcessIbsCmd: Received IBS_WAKE_IND: 0xFD
02-18 10:35:02.797 D/vendor.qti.bluetooth@1.0-ibs_handler(  948): SerialClockVote: vote for UART CLK ON
02-18 10:35:02.803 D/vendor.qti.bluetooth@1.0-wake_lock(  948): Acquire wakelock is acquired 
02-18 10:35:02.804 I/vendor.qti.bluetooth@1.0-ibs_handler(  948): ProcessIbsCmd: Writing IBS_WAKE_ACK
02-18 10:35:02.814 D/BtGatt.GattService( 3611): onScanResult to scannerId: 8- eventType=0x0, addressType=1, address=XX:XX:XX:XX:6D:94, primaryPhy=1, secondaryPhy=1, advertisingSid=0x1, txPower=127, rssi=-62, periodicAdvInt=0x0
02-18 10:35:02.828 D/BtGatt.GattService( 3611): onScanResult to scannerId: 8- eventType=0x10, addressType=1, address=XX:XX:XX:XX:BB:84, primaryPhy=1, secondaryPhy=0, advertisingSid=0xff, txPower=127, rssi=-62, periodicAdvInt=0x0
02-18 10:35:02.838 D/BtGatt.GattService( 3611): onScanResult to scannerId: 8- eventType=0x0, addressType=1, address=XX:XX:XX:XX:CB:B6, primaryPhy=1, secondaryPhy=1, advertisingSid=0x2, txPower=127, rssi=-80, periodicAdvInt=0x0
02-18 10:35:02.845 D/BtGatt.GattService( 3611): onScanResult to scannerId: 2- eventType=0x1b, addressType=1, address=XX:XX:XX:XX:3C:7C, primaryPhy=1, secondaryPhy=0, advertisingSid=0xff, txPower=127, rssi=-85, periodicAdvInt=0x0
02-18 10:35:02.850 I/NearbyDiscovery( 5054): (REDACTED) [trigger-id=ScanB7D5BEB1] FastPairCache: Bloom filter changed, %s, newData=%s, oldData=%s, scanMode=%s
02-18 10:35:02.850 D/BtGatt.GattService( 3611): onScanResult to scannerId: 8- eventType=0x10, addressType=1, address=XX:XX:XX:XX:93:89, primaryPhy=1, secondaryPhy=0, advertisingSid=0xff, txPower=127, rssi=-85, periodicAdvInt=0x0
02-18 10:35:02.854 I/NearbyDiscovery( 5054): (REDACTED) BloomFilterAdvManager: Detected bloom filter but too far away, ignoring. %sm, %s
02-18 10:35:02.887 I/vendor.qti.bluetooth@1.0-ibs_handler(  948): ProcessIbsCmd: Received IBS_SLEEP_IND: 0xFE
02-18 10:35:02.887 D/vendor.qti.bluetooth@1.0-ibs_handler(  948): SerialClockVote: vote for UART CLK OFF
02-18 10:35:02.892 I/vendor.qti.bluetooth@1.0-ibs_handler(  948): ProcessIbsCmd: Received IBS_WAKE_IND: 0xFD
02-18 10:35:02.892 D/vendor.qti.bluetooth@1.0-ibs_handler(  948): SerialClockVote: vote for UART CLK ON
02-18 10:35:02.892 I/vendor.qti.bluetooth@1.0-ibs_handler(  948): ProcessIbsCmd: Writing IBS_WAKE_ACK
02-18 10:35:02.900 D/BtGatt.GattService( 3611): onScanResult to scannerId: 2- eventType=0x1b, addressType=1, address=XX:XX:XX:XX:3C:7C, primaryPhy=1, secondaryPhy=0, advertisingSid=0xff, txPower=127, rssi=-84, periodicAdvInt=0x0
02-18 10:35:02.906 I/NearbyDiscovery( 5054): (REDACTED) [trigger-id=ScanEA4F16E9] FastPairCache: Bloom filter changed, %s, newData=%s, oldData=%s, scanMode=%s
02-18 10:35:02.909 I/NearbyDiscovery( 5054): (REDACTED) BloomFilterAdvManager: Detected bloom filter but too far away, ignoring. %sm, %s
02-18 10:35:02.936 I/vendor.qti.bluetooth@1.0-ibs_handler(  948): ProcessIbsCmd: Received IBS_SLEEP_IND: 0xFE
02-18 10:35:02.936 D/vendor.qti.bluetooth@1.0-ibs_handler(  948): SerialClockVote: vote for UART CLK OFF
02-18 10:35:03.088 D/vendor.qti.bluetooth@1.0-wake_lock(  948): Release wakelock is released 
02-18 10:35:03.331 I/EPDG -- SIM0 [SMARTCELLULAR]( 3333): onSignalStrengthsChanged: SignalStrength:{mCdma=Invalid,mGsm=Invalid,mWcdma=Invalid,mTdscdma=Invalid,mLte=CellSignalStrengthLte: rssi=-83 rsrp=-106 rsrq=-13 rssnr=1 cqiTableIndex=2147483647 cqi=2147483647 ta=2147483647 level=3 parametersUseForLevel=0,mNr=Invalid,SignalBarInfo{ lteLevel=3 },rat=14,primary=CellSignalStrengthLte}
02-18 10:35:03.332 I/EPDG -- SIM0 [SMARTCELLULAR]( 3333): lastLteRSRP is -109 currentLteRSRP is -106 lastLteRSRQ is -12 currentLteRSRQ is -13 lastLteSNR is 0 currentLteSNR is 1
02-18 10:35:03.337 D/StatusBarIconController( 2953): ignoring old pipeline callbacks, because the new mobile icons are enabled
02-18 10:35:03.461 V/CpEventLog(u0)(27688): cp_state: [                 contacts = {contacts=191, raw_contacts=406, data=1893, account={secphone(1)=19, secphone(2)=0, sim2(3)=0, google(4)=142, sim(5)=33, agg(6)=0, duo(9)=0, duo(12)=69, google(15)=1, samsung(16)=0, mobileservice(17)=0, coreapp(18)=6, whatsapp(20)=136, com.microsoft.skydrive(107)=0, com.microsoft.office(137)=0, www.instagram.com(143)=0}, trash=0, trash_acc={}, trash_sync=0, database=contacts2.db} ]
02-18 10:35:03.461 V/CpEventLog(u0)(27688): cp_state: [               aggregated = {[1,18,20]=1, [1,20,12]=3, [1,20,4]=1, [1,20]=6, [1,4,20,12]=2, [1,4,20]=1, [15]=1, [1]=5, [20,12]=8, [20]=2, [4,12]=2, [4,18,20,12]=2, [4,18,20]=1, [4,18]=1, [4,20,12,18]=1, [4,20,12]=51, [4,20]=57, [4]=23, [5]=33} ]
02-18 10:35:03.461 V/CpEventLog(u0)(27688): cp_state: [                  request = {ALL(0)={avg=17, cnt=16, dur=272, ops={query=16}}, com.google.android.apps.messaging(20571)={avg=17, cnt=16, dur=272, ops={query=16}}} ]
02-18 10:35:03.461 V/CpEventLog(u0)(27688): cp_state: [                    calls = {types={[100]=1, [1000]=119}, database=calllog.db} ]
02-18 10:35:03.461 V/CpEventLog(u0)(27688): cp_state: [                  profile = {contacts=0, raw_contacts=0, data=0, account={secphone(1)=0, google(2)=0, sim(3)=0, sim2(4)=0, agg(5)=0, duo(8)=0, duo(11)=0, google(14)=0, samsung(15)=0, mobileservice(16)=0, coreapp(17)=0, whatsapp(19)=0, com.microsoft.skydrive(106)=0, com.microsoft.office(136)=0, www.instagram.com(142)=0}, trash=0, trash_acc={}, trash_sync=0, database=profile.db} ]
02-18 10:35:03.461 V/CpEventLog(u0)(27688): cp_state: [               sa_profile = {contacts=0, raw_contacts=0, data=0, account={secphone(1)=0, google(2)=0, sim(3)=0, sim2(4)=0, agg(5)=0, duo(8)=0, duo(11)=0, google(14)=0, samsung(15)=0, mobileservice(16)=0, coreapp(17)=0, whatsapp(19)=0, com.microsoft.skydrive(106)=0, com.microsoft.office(136)=0, www.instagram.com(142)=0}, trash=0, trash_acc={}, trash_sync=0, database=profile_sa.db} ]
02-18 10:35:03.461 V/CpEventLog(u0)(27688): cp_state: [                      etc = {binders=0, country_iso=IN, version=15.0.69, db_version=1708, csc=/INS} ]
02-18 10:35:03.461 V/CpEventLog(u0)(27688): cp_state: ------------------------------------------------------------------------------
02-18 10:35:04.084 D/SemWifiUsabilityStatsMonitor( 1389): onWifiUsabilityStats - seqNum 4871, isSameBssidAndFreq true
02-18 10:35:04.707 I/vendor.qti.bluetooth@1.0-ibs_handler(  948): ProcessIbsCmd: Received IBS_WAKE_IND: 0xFD
02-18 10:35:04.707 D/vendor.qti.bluetooth@1.0-ibs_handler(  948): SerialClockVote: vote for UART CLK ON
02-18 10:35:04.714 D/vendor.qti.bluetooth@1.0-wake_lock(  948): Acquire wakelock is acquired 
02-18 10:35:04.715 I/vendor.qti.bluetooth@1.0-ibs_handler(  948): ProcessIbsCmd: Writing IBS_WAKE_ACK
02-18 10:35:04.737 D/BtGatt.GattService( 3611): onScanResult to scannerId: 8- eventType=0x10, addressType=1, address=XX:XX:XX:XX:93:89, primaryPhy=1, secondaryPhy=0, advertisingSid=0xff, txPower=127, rssi=-83, periodicAdvInt=0x0
02-18 10:35:04.821 I/vendor.qti.bluetooth@1.0-ibs_handler(  948): ProcessIbsCmd: Received IBS_SLEEP_IND: 0xFE
02-18 10:35:04.822 D/vendor.qti.bluetooth@1.0-ibs_handler(  948): SerialClockVote: vote for UART CLK OFF
02-18 10:35:04.822 I/vendor.qti.bluetooth@1.0-ibs_handler(  948): ProcessIbsCmd: Received IBS_WAKE_IND: 0xFD
02-18 10:35:04.822 D/vendor.qti.bluetooth@1.0-ibs_handler(  948): SerialClockVote: vote for UART CLK ON
02-18 10:35:04.822 I/vendor.qti.bluetooth@1.0-ibs_handler(  948): ProcessIbsCmd: Writing IBS_WAKE_ACK
02-18 10:35:04.827 D/BtGatt.GattService( 3611): onScanResult to scannerId: 8- eventType=0x10, addressType=1, address=XX:XX:XX:XX:BB:84, primaryPhy=1, secondaryPhy=0, advertisingSid=0xff, txPower=127, rssi=-65, periodicAdvInt=0x0
02-18 10:35:04.866 I/vendor.qti.bluetooth@1.0-ibs_handler(  948): ProcessIbsCmd: Received IBS_SLEEP_IND: 0xFE
02-18 10:35:04.866 D/vendor.qti.bluetooth@1.0-ibs_handler(  948): SerialClockVote: vote for UART CLK OFF
02-18 10:35:05.023 D/vendor.qti.bluetooth@1.0-wake_lock(  948): Release wakelock is released 
02-18 10:35:05.406 I/wpa_supplicant(18922): Heartbeat 16016
02-18 10:35:05.861 D/ActivityManager( 1389): Received BROADCAST intent 0xef7faf3 Key{broadcastIntent pkg=com.sec.epdg intent=act=com.sec.epdg.PERIODIC_DPD_TIMER_EXPIRED flags=0x4000000 u=-1} requestCode=1 sent=0 from uid 1000
02-18 10:35:05.899 W/ProcessStats( 1389): Tracking association SourceState{d3a571d com.android.bluetooth/1002 ImpFg #411088} whose proc state 5 is better than process ProcessState{bf8372c com.samsung.android.mcfserver/10094 pkg=com.samsung.android.mcfserver} proc state 8 (79 skipped)
02-18 10:35:05.901 I/EPDG -- SIM0 [EpdgIntentReceiver]( 3333): com.sec.epdg.PERIODIC_DPD_TIMER_EXPIRED intent received.
02-18 10:35:05.901 I/EPDG -- SIM0 [EpdgIntentReceiver]( 3333): handleIntentPeriodicDpdTimerExpired: ims
02-18 10:35:05.901 I/EPDG -- SIM0 [EpdgHandler]( 3333): Event received: PERIODIC_DPD_TIMER_EXPIRED cid - 0
02-18 10:35:05.901 I/EPDG -- SIM0 [EpdgHandler]( 3333): PERIODIC_DPD_TIMER_EXPIRED getSMForApnType apnType: ims
02-18 10:35:05.901 I/EPDG -- SIM0 [IPSECDATACONNSM][1]( 3333): ConnectedState[i] Event: PERIODIC_DPD_TIMER_EXPIRED
02-18 10:35:05.901 I/EPDG -- SIM0 [EpdgPeriodicDpd]( 3333): getDpdPendingIntentKey apntype : ims, key 1
02-18 10:35:05.903 I/EPDG -- SIM0 [EpdgPeriodicDpd]( 3333): removePeriodicDpdPendingIntent apntype : ims, pIntent PendingIntent{1d3acef: android.os.BinderProxy@f1eb92b}
02-18 10:35:05.913 I/EPDG -- SIM0 [UTILS]( 3333): isAlwaysOnApn(): result is: true
02-18 10:35:05.913 I/EPDG -- SIM0 [IPSECDATACONNSM][1]( 3333): ConnectedState[i] SM start periodic DPD timer : 120 Seconds
02-18 10:35:05.913 I/EPDG -- SIM0 [EpdgPeriodicDpd]( 3333): startTimerForPeriodicDpd: apnType is: ims dpdTimer is: 120000 alarmExpTime is: 787065687
02-18 10:35:05.913 I/EPDG -- SIM0 [EpdgPeriodicDpd]( 3333): getDpdPendingIntentKey apntype : ims, key 1
02-18 10:35:05.914 E/EPDG -- [IPSECADAPTER_ERIS]( 3333): checkConnection cid (2 ) - timeout : 5
02-18 10:35:05.916 D/CompatibilityChangeReporter( 1389): Compat change id reported: 171306433; UID 1000; state: ENABLED
02-18 10:35:05.916 D/CompatibilityChangeReporter( 1389): Compat change id reported: 218533173; UID 1000; state: ENABLED
02-18 10:35:05.917 I/EPDG -- SIM0 [EpdgPeriodicDpd]( 3333): getDpdPendingIntentKey apntype : ims, key 1
02-18 10:35:05.918 I/ErisClient -- ErisClient( 3333): checkConnection() [2:ims]
02-18 10:35:05.919 I/ErisClient -- ErisClient( 3333): sendRequestToDaemon()
02-18 10:35:05.920 I/eris    (25138): 05[DMN] [eris_interface] handle_request - type = MSG_TYPE_CHECKCONN
02-18 10:35:05.920 I/eris    (25138): 05[IKE] sending DPD request
02-18 10:35:05.920 I/eris    (25138): 05[ENC] generating INFORMATIONAL request 4 [ ]
02-18 10:35:05.920 I/eris    (25138): 05[NET] sending packet: from 192.168.137.178[41935] to 203.88.11.33[4500] (80 bytes)
02-18 10:35:05.920 I/eris    (25138): 05[DMN] Search sub-string again
02-18 10:35:05.920 I/ErisClient -- ErisClient( 3333): Write data to daemon
02-18 10:35:05.924 D/ConnectivityService( 1389): reportNetworkActive, notify 1 listeners
02-18 10:35:06.208 I/eris    (25138): 04[NET] received packet: from 203.88.11.33[4500] to 192.168.137.178[41935] (80 bytes)
02-18 10:35:06.208 I/eris    (25138): 04[ENC] parsed INFORMATIONAL response 4 [ ]
02-18 10:35:06.208 I/eris    (25138): 04[DMN] update {event 3, error 0, ike_error 0} for conn[2]
02-18 10:35:06.208 I/eris    (25138): 04[DMN] [eris_interface] send_status 
02-18 10:35:06.210 I/ErisClient -- ErisClient( 3333): getConnectionEventFromDaemonEvent()
02-18 10:35:06.210 I/ErisClient -- ErisClient( 3333): parseDaemonResponse() {"msgType":4,"msgData":{"stateCode":3,"errorCode":0,"ikeErrorCode":0,"backoffTimer":-1,"cid":2,"mIkeSrcPort":41935}}
02-18 10:35:06.211 I/ErisClient -- ErisClient( 3333): getErisErrorFromDaemonError()
02-18 10:35:06.211 I/ErisClient -- ErisClient( 3333): BACKOFF_TIMER = -1s
02-18 10:35:06.211 I/ErisClient -- ErisClient( 3333): sendConnectionReport() conn = [2:ims] event = EVENT_CONNECTION_ACTIVE error = ERIS_OK
02-18 10:35:06.214 I/EPDG -- [IPSECADAPTER_ERIS]( 3333): Retrieving context ID from the DataBase : [2:ims]
02-18 10:35:06.215 I/EPDG -- [IPSECADAPTER_ERIS]( 3333): onIpSecAdapterConnectionStatusChanged received : EVENT_CONNECTION_ACTIVE cid : 2
02-18 10:35:06.215 I/EPDG -- [IPSECADAPTER_ERIS]( 3333): checkConnection wake lock release : IPSEC_EVENT_CONNECTION_ACTIVE
02-18 10:35:06.216 I/EPDG -- SIM0 [EpdgHandler]( 3333): Event received: DPD_SUCCESS cid - 2
02-18 10:35:06.217 I/EPDG -- SIM0 [IPSECDATACONNSM_HP]( 3333): Event received: DPD_SUCCESS
02-18 10:35:06.323 I/android.hardware.health@2.1-service-samsung(  956): updateLrpSysfs: write: 348
02-18 10:35:06.325 D/BatteryService( 1389): Sending ACTION_BATTERY_CHANGED: level:46, status:2, health:2, remain:4636, ac:false, usb:true, wireless:false, pogo:false, misc:0x10000, charge_type:1, charger_type:0, voltage:3940, temperature:314, online:4, charging_status:0, cycle_count:0, current_avg:1681, ps:false, hvc:false, capacity:280000, current_event:0x8000, current_now:1690, mcc:0, mcv:0, cc:2310000, present:true, scale:100, technology:Li-ion
02-18 10:35:06.332 I/DeviceBatteryInfoService( 1389): action: android.intent.action.BATTERY_CHANGED
02-18 10:35:06.332 I/DeviceBatteryInfoService( 1389): phone battery level: 46
02-18 10:35:06.332 I/DeviceBatteryInfoService( 1389): phone battery status: 2
02-18 10:35:06.336 D/MotionRecognitionService( 1389): [SAR]  onReceive : ACTION_BATTERY_CHANGED, Plugged: 2
02-18 10:35:06.341 D/SemBigDataInfoController( 3241): Intent: android.intent.action.BATTERY_CHANGED
02-18 10:35:06.342 D/SemBigDataInfoController( 3241): Intent: android.intent.action.BATTERY_CHANGED
02-18 10:35:06.342 I/AODBatteryManager( 2953): updateBatteryData: ACTION_BATTERY_CHANGED
02-18 10:35:06.346 I/AODBatteryManager( 2953): saveBatteryData : AOD BatteryData [mBatteryLevel=46, mBatteryStatus=CHARGING, mBatteryPlugType=USB, mBatteryPlugged=true, mRemainingChargeTime=4636000, mBatteryChargingType=1, mBatteryChargerType=NORMAL, mBatteryOnline=USB, mBatterySwellingMode=NONE, mBatteryProtectMode=false, mBatteryProtectModeType=1, mSleepChargingEvent=null, mSleepChargingEventFinishTime=null]
02-18 10:35:06.346 I/ChargingInfoManager( 2953): updateChargingInfo: newState = AOD ChargingInfo [mState=BATTERY_AND_REMAIN_TIME, mIsCharging=true, mIsFullyCharged=false, mIsBatteryProtectMode=false, mBetteryLevel=46, mBetteryProtectModeType0], oldState = AOD ChargingInfo [mState=BATTERY_AND_REMAIN_TIME, mIsCharging=true, mIsFullyCharged=false, mIsBatteryProtectMode=false, mBetteryLevel=46, mBetteryProtectModeType0]
02-18 10:35:06.348 D/SamsungBatteryMeterDrawable( 2953): onBatteryLevelChanged isSomethingChanged: false
02-18 10:35:06.348 I/[SCPMV2][SystemMonitorReceiver](16935): onReceive: android.intent.action.BATTERY_CHANGED
02-18 10:35:06.349 D/SamsungBatteryMeterDrawable( 2953): onBatteryLevelChanged isSomethingChanged: false
02-18 10:35:06.350 D/SamsungBatteryMeterDrawable( 2953): onBatteryLevelChanged isSomethingChanged: false
02-18 10:35:06.351 D/KeyguardUpdateMonitor( 2953): handleBatteryUpdate
02-18 10:35:06.356 D/io_stats(  634): !@   8,0 r 15330077 401962612 w 5792050 81232616 d 1462654 85466548 f 0 0 iot 6781216 0 th 0 0 0 pt 0 inp 0 0 79487.809
02-18 10:35:06.357 D/KeyguardSecIndicationController( 2953): addIndicationTimeout() returned - unlocking
02-18 10:35:06.357 D/KeyguardSecIndicationController( 2953): addIndication() returned - unlocking
02-18 10:35:06.358 D/KeyguardSecIndicationPolicy( 2953):  remove Item pos = DEFAULT, type =     TRUST_AGENT_HELP
02-18 10:35:06.359 D/KeyguardSecIndicationController( 2953): addUsbRestriction false/isSecure=true
02-18 10:35:06.359 D/KeyguardSecIndicationPolicy( 2953):  remove Item pos = DEFAULT, type =      USB_RESTRICTION
02-18 10:35:06.359 D/KeyguardSecIndicationController( 2953): addBatteryAndOwnerInfoIndication() battery status = BatteryStatus{status=2,level=46,plugged=2,chargingStatus=0,maxChargingWattage=-1,remaining=4636000ultraFastCharger=0}
02-18 10:35:06.359 I/PowerUI ( 2953): mBootCompleted = true |  mFullyConnected = true
02-18 10:35:06.359 I/PowerUI ( 2953): BATTERY_HEALTH_CHECK extraHealth=2 mBatteryMiscEvent=65536
02-18 10:35:06.360 W/PowerUI ( 2953): Plug reason
02-18 10:35:06.360 W/PowerUI ( 2953): Skip charging animation - by plug status
02-18 10:35:06.360 D/PowerUI ( 2953): priorPlugType = 2 mPlugType = 2 priorBatteryStatus = 2 mBatteryStatus = 2
02-18 10:35:06.360 W/PowerUI ( 2953): Plug reason
02-18 10:35:06.360 W/PowerUI ( 2953): Skip charging sound - by plug status
02-18 10:35:06.360 I/PowerUI ( 2953): oldMisalign : false, curMisalign : false
02-18 10:35:06.360 D/SecPowerUI.Notification( 2953): dismissing low battery warning: level=46
02-18 10:35:06.360 D/SecPowerUI.Notification( 2953): updateNotification mWarning=false mPlaySound=false
02-18 10:35:06.360 D/SecPowerUI.Notification( 2953): SecBatteryStatsSnapshot{batteryLevel=46, currentBatteryMode=0, chargingTime=4644000, chargingType=11, batteryHealth=2, automaticTestMode=false, isHiccupState=false, optChargingFinishTime=}
02-18 10:35:06.361 D/SecPowerUI.Notification( 2953): 1. restoreScreenTimeOut - saved_value : :
02-18 10:35:06.362 E/SecPowerUI.Notification( 2953): no saved value, so we do nothing !!
02-18 10:35:06.362 D/SecPowerUI.Notification( 2953): showChargingNotice oldChargingType : 11 / currentChargingType : 11, oldChargingTime : 4644000 / mChargingTime : 4636000
02-18 10:35:06.362 D/SecPowerUI.Notification( 2953): showChargingNotice User swipe, so return!
02-18 10:35:06.362 D/PowerUI ( 2953): Battery swelling mode - priorBatterySwellingMode = 0 mBatterySwellingMode = 0 mBatteryStatus = 2
