02-18 10:35:23.296 I/HoneySpace.PackageOperationTracker( 3474): onShortcutsChanged com.google.android.gms - 0 UserHandle{0}
02-18 10:35:23.299 I/HoneySpace.HoneySpaceManagerContainer( 3474): packageUpdateEvent - com.honeyspace.sdk.source.entity.PackageOperation$ShortcutChanged@bd2983f
02-18 10:35:23.313 D/vendor.qti.bluetooth@1.0-wake_lock(  948): Release wakelock is released 
02-18 10:35:23.447 D/KNOX_MDM_SettingsProvider( 1389): isChangeAllowed() : name = enabled_notification_listeners
02-18 10:35:24.371 D/io_stats(  634): !@   8,0 r 15330123 401963000 w 5792086 81234868 d 1462655 85466552 f 0 0 iot 6781436 0 th 0 0 0 pt 0 inp 0 0 79505.824
02-18 10:35:24.882 I/vendor.qti.bluetooth@1.0-ibs_handler(  948): ProcessIbsCmd: Received IBS_WAKE_IND: 0xFD
02-18 10:35:24.883 D/vendor.qti.bluetooth@1.0-ibs_handler(  948): SerialClockVote: vote for UART CLK ON
02-18 10:35:24.889 D/vendor.qti.bluetooth@1.0-wake_lock(  948): Acquire wakelock is acquired 
02-18 10:35:24.889 I/vendor.qti.bluetooth@1.0-ibs_handler(  948): ProcessIbsCmd: Writing IBS_WAKE_ACK
02-18 10:35:24.935 I/vendor.qti.bluetooth@1.0-ibs_handler(  948): ProcessIbsCmd: Received IBS_SLEEP_IND: 0xFE
02-18 10:35:24.935 D/vendor.qti.bluetooth@1.0-ibs_handler(  948): SerialClockVote: vote for UART CLK OFF
02-18 10:35:25.001 I/vendor.qti.bluetooth@1.0-ibs_handler(  948): ProcessIbsCmd: Received IBS_WAKE_IND: 0xFD
02-18 10:35:25.001 D/vendor.qti.bluetooth@1.0-ibs_handler(  948): SerialClockVote: vote for UART CLK ON
02-18 10:35:25.001 I/vendor.qti.bluetooth@1.0-ibs_handler(  948): ProcessIbsCmd: Writing IBS_WAKE_ACK
02-18 10:35:25.007 D/BtGatt.GattService( 3611): onScanResult to scannerId: 8- eventType=0x10, addressType=1, address=XX:XX:XX:XX:BB:84, primaryPhy=1, secondaryPhy=0, advertisingSid=0xff, txPower=127, rssi=-79, periodicAdvInt=0x0
02-18 10:35:25.043 I/vendor.qti.bluetooth@1.0-ibs_handler(  948): ProcessIbsCmd: Received IBS_SLEEP_IND: 0xFE
02-18 10:35:25.043 D/vendor.qti.bluetooth@1.0-ibs_handler(  948): SerialClockVote: vote for UART CLK OFF
02-18 10:35:25.195 D/vendor.qti.bluetooth@1.0-wake_lock(  948): Release wakelock is released 
02-18 10:35:25.310 D/SemWifiUsabilityStatsMonitor( 1389): onWifiUsabilityStats - seqNum 4878, isSameBssidAndFreq true
02-18 10:35:25.420 I/wpa_supplicant(18922): Heartbeat 16018
02-18 10:35:26.373 D/io_stats(  634): !@   8,0 r 15330123 401963000 w 5792088 81235164 d 1462655 85466552 f 0 0 iot 6781448 0 th 0 0 0 pt 0 inp 0 0 79507.827
02-18 10:35:26.472 I/android.hardware.health@2.1-service-samsung(  956): updateLrpSysfs: write: 346
02-18 10:35:26.476 D/BatteryService( 1389): Sending ACTION_BATTERY_CHANGED: level:46, status:2, health:2, remain:4618, ac:false, usb:true, wireless:false, pogo:false, misc:0x10000, charge_type:1, charger_type:0, voltage:3941, temperature:315, online:4, charging_status:0, cycle_count:0, current_avg:1691, ps:false, hvc:false, capacity:280000, current_event:0x8000, current_now:1700, mcc:0, mcv:0, cc:2320000, present:true, scale:100, technology:Li-ion
02-18 10:35:26.482 I/DeviceBatteryInfoService( 1389): action: android.intent.action.BATTERY_CHANGED
02-18 10:35:26.482 I/DeviceBatteryInfoService( 1389): phone battery level: 46
02-18 10:35:26.482 I/DeviceBatteryInfoService( 1389): phone battery status: 2
02-18 10:35:26.487 D/MotionRecognitionService( 1389): [SAR]  onReceive : ACTION_BATTERY_CHANGED, Plugged: 2
02-18 10:35:26.493 D/SamsungBatteryMeterDrawable( 2953): onBatteryLevelChanged isSomethingChanged: false
02-18 10:35:26.494 D/SamsungBatteryMeterDrawable( 2953): onBatteryLevelChanged isSomethingChanged: false
02-18 10:35:26.495 D/SamsungBatteryMeterDrawable( 2953): onBatteryLevelChanged isSomethingChanged: false
02-18 10:35:26.495 D/SemBigDataInfoController( 3241): Intent: android.intent.action.BATTERY_CHANGED
02-18 10:35:26.496 D/SemBigDataInfoController( 3241): Intent: android.intent.action.BATTERY_CHANGED
02-18 10:35:26.496 I/PowerUI ( 2953): mBootCompleted = true |  mFullyConnected = true
02-18 10:35:26.496 I/PowerUI ( 2953): BATTERY_HEALTH_CHECK extraHealth=2 mBatteryMiscEvent=65536
02-18 10:35:26.497 W/PowerUI ( 2953): Plug reason
02-18 10:35:26.497 W/PowerUI ( 2953): Skip charging animation - by plug status
02-18 10:35:26.497 D/PowerUI ( 2953): priorPlugType = 2 mPlugType = 2 priorBatteryStatus = 2 mBatteryStatus = 2
02-18 10:35:26.497 W/PowerUI ( 2953): Plug reason
02-18 10:35:26.497 W/PowerUI ( 2953): Skip charging sound - by plug status
02-18 10:35:26.497 I/PowerUI ( 2953): oldMisalign : false, curMisalign : false
02-18 10:35:26.497 D/SecPowerUI.Notification( 2953): dismissing low battery warning: level=46
02-18 10:35:26.497 D/SecPowerUI.Notification( 2953): updateNotification mWarning=false mPlaySound=false
02-18 10:35:26.498 D/SecPowerUI.Notification( 2953): SecBatteryStatsSnapshot{batteryLevel=46, currentBatteryMode=0, chargingTime=4626000, chargingType=11, batteryHealth=2, automaticTestMode=false, isHiccupState=false, optChargingFinishTime=}
02-18 10:35:26.499 D/SecPowerUI.Notification( 2953): 1. restoreScreenTimeOut - saved_value : :
02-18 10:35:26.499 E/SecPowerUI.Notification( 2953): no saved value, so we do nothing !!
02-18 10:35:26.501 D/SecPowerUI.Notification( 2953): showChargingNotice oldChargingType : 11 / currentChargingType : 11, oldChargingTime : 4626000 / mChargingTime : 4618000
02-18 10:35:26.501 D/SecPowerUI.Notification( 2953): showChargingNotice User swipe, so return!
02-18 10:35:26.501 D/PowerUI ( 2953): Battery swelling mode - priorBatterySwellingMode = 0 mBatterySwellingMode = 0 mBatteryStatus = 2
02-18 10:35:26.502 I/PowerUI ( 2953): mBatteryMiscEvent = 65536
02-18 10:35:26.502 I/PowerUI ( 2953): checkRestoreProtectBattery pb value : 0, Scheduling start ? : false
02-18 10:35:26.502 I/PowerUI ( 2953): Clear time
02-18 10:35:26.503 D/KNOX_MDM_SettingsProvider( 1389): isChangeAllowed() : name = ltc_highsoc_exceed_time
02-18 10:35:26.503 D/KNOX_MDM_SettingsProvider( 1389): edmUri: content://com.sec.knox.provider/RestrictionPolicy3
02-18 10:35:26.503 D/KNOX_MDM_SettingsProvider( 1389): projectionArgs: isSettingsChangesAllowed
02-18 10:35:26.503 D/KNOX_MDM_SettingsProvider( 1389): selectionArgs: false
02-18 10:35:26.503 D/KNOX_MDM_SettingsProvider( 1389): selectionArgs: 10046
02-18 10:35:26.504 D/SecContentProvider( 1389): query(), uri = 17 selection = isSettingsChangesAllowed
02-18 10:35:26.504 D/SecContentProvider( 1389): called from android.uid.systemui:10046
02-18 10:35:26.504 D/RestrictionPolicy( 1389): isSettingsChangesAllowedAsUser, userId 0 : true
02-18 10:35:26.504 D/KNOX_MDM_SettingsProvider( 1389): ret = 1
02-18 10:35:26.506 I/PowerUI ( 2953): checkBatteryProtectionNotification : 2, pb value : 0, plugType : 2, level : 46
02-18 10:35:26.506 D/SecPowerUI.Notification( 2953): SecBatteryStatsSnapshot{batteryLevel=46, currentBatteryMode=0, chargingTime=4618000, chargingType=11, batteryHealth=2, automaticTestMode=false, isHiccupState=false, optChargingFinishTime=}
02-18 10:35:26.507 I/[SCPMV2][SystemMonitorReceiver](16935): onReceive: android.intent.action.BATTERY_CHANGED
02-18 10:35:26.508 I/AODBatteryManager( 2953): updateBatteryData: ACTION_BATTERY_CHANGED
02-18 10:35:26.510 I/AODBatteryManager( 2953): saveBatteryData : AOD BatteryData [mBatteryLevel=46, mBatteryStatus=CHARGING, mBatteryPlugType=USB, mBatteryPlugged=true, mRemainingChargeTime=4618000, mBatteryChargingType=1, mBatteryChargerType=NORMAL, mBatteryOnline=USB, mBatterySwellingMode=NONE, mBatteryProtectMode=false, mBatteryProtectModeType=1, mSleepChargingEvent=null, mSleepChargingEventFinishTime=null]
02-18 10:35:26.510 I/ChargingInfoManager( 2953): updateChargingInfo: newState = AOD ChargingInfo [mState=BATTERY_AND_REMAIN_TIME, mIsCharging=true, mIsFullyCharged=false, mIsBatteryProtectMode=false, mBetteryLevel=46, mBetteryProtectModeType0], oldState = AOD ChargingInfo [mState=BATTERY_AND_REMAIN_TIME, mIsCharging=true, mIsFullyCharged=false, mIsBatteryProtectMode=false, mBetteryLevel=46, mBetteryProtectModeType0]
02-18 10:35:26.511 D/KeyguardUpdateMonitor( 2953): handleBatteryUpdate
02-18 10:35:26.516 D/KeyguardSecIndicationController( 2953): addIndicationTimeout() returned - unlocking
02-18 10:35:26.516 D/KeyguardSecIndicationController( 2953): addIndication() returned - unlocking
02-18 10:35:26.516 D/KeyguardSecIndicationPolicy( 2953):  remove Item pos = DEFAULT, type =     TRUST_AGENT_HELP
02-18 10:35:26.517 D/KeyguardSecIndicationController( 2953): addUsbRestriction false/isSecure=true
02-18 10:35:26.517 D/KeyguardSecIndicationPolicy( 2953):  remove Item pos = DEFAULT, type =      USB_RESTRICTION
02-18 10:35:26.517 D/KeyguardSecIndicationController( 2953): addBatteryAndOwnerInfoIndication() battery status = BatteryStatus{status=2,level=46,plugged=2,chargingStatus=0,maxChargingWattage=-1,remaining=4618000ultraFastCharger=0}
02-18 10:35:26.742 I/vendor.qti.bluetooth@1.0-ibs_handler(  948): ProcessIbsCmd: Received IBS_WAKE_IND: 0xFD
02-18 10:35:26.742 D/vendor.qti.bluetooth@1.0-ibs_handler(  948): SerialClockVote: vote for UART CLK ON
02-18 10:35:26.746 D/vendor.qti.bluetooth@1.0-wake_lock(  948): Acquire wakelock is acquired 
02-18 10:35:26.746 I/vendor.qti.bluetooth@1.0-ibs_handler(  948): ProcessIbsCmd: Writing IBS_WAKE_ACK
02-18 10:35:26.755 D/BtGatt.GattService( 3611): onScanResult to scannerId: 2- eventType=0x1b, addressType=1, address=XX:XX:XX:XX:7B:D6, primaryPhy=1, secondaryPhy=0, advertisingSid=0xff, txPower=127, rssi=-84, periodicAdvInt=0x0
02-18 10:35:26.762 I/NearbyDiscovery( 5054): (REDACTED) BloomFilterAdvManager: Detected bloom filter but too far away, ignoring. %sm, %s
02-18 10:35:26.762 D/BtGatt.GattService( 3611): onScanResult to scannerId: 8- eventType=0x0, addressType=1, address=XX:XX:XX:XX:6D:94, primaryPhy=1, secondaryPhy=1, advertisingSid=0x1, txPower=127, rssi=-63, periodicAdvInt=0x0
02-18 10:35:26.764 D/BtGatt.GattService( 3611): onScanResult to scannerId: 2- eventType=0x1b, addressType=1, address=XX:XX:XX:XX:3C:7C, primaryPhy=1, secondaryPhy=0, advertisingSid=0xff, txPower=127, rssi=-92, periodicAdvInt=0x0
02-18 10:35:26.768 I/NearbyDiscovery( 5054): (REDACTED) [trigger-id=Scan6098287C] FastPairCache: Bloom filter changed, %s, newData=%s, oldData=%s, scanMode=%s
02-18 10:35:26.770 I/NearbyDiscovery( 5054): (REDACTED) BloomFilterAdvManager: Detected bloom filter but too far away, ignoring. %sm, %s
02-18 10:35:26.792 I/vendor.qti.bluetooth@1.0-ibs_handler(  948): ProcessIbsCmd: Received IBS_SLEEP_IND: 0xFE
02-18 10:35:26.793 D/vendor.qti.bluetooth@1.0-ibs_handler(  948): SerialClockVote: vote for UART CLK OFF
02-18 10:35:26.824 I/vendor.qti.bluetooth@1.0-ibs_handler(  948): ProcessIbsCmd: Received IBS_WAKE_IND: 0xFD
02-18 10:35:26.824 D/vendor.qti.bluetooth@1.0-ibs_handler(  948): SerialClockVote: vote for UART CLK ON
02-18 10:35:26.824 I/vendor.qti.bluetooth@1.0-ibs_handler(  948): ProcessIbsCmd: Writing IBS_WAKE_ACK
02-18 10:35:26.832 D/BtGatt.GattService( 3611): onScanResult to scannerId: 8- eventType=0x1b, addressType=1, address=XX:XX:XX:XX:75:AE, primaryPhy=1, secondaryPhy=0, advertisingSid=0xff, txPower=127, rssi=-84, periodicAdvInt=0x0
02-18 10:35:26.861 D/BtGatt.GattService( 3611): onScanResult to scannerId: 8- eventType=0x1, addressType=1, address=XX:XX:XX:XX:E0:D2, primaryPhy=1, secondaryPhy=1, advertisingSid=0x4, txPower=127, rssi=-80, periodicAdvInt=0x0
02-18 10:35:26.874 D/BtGatt.GattService( 3611): onScanResult to scannerId: 2- eventType=0x1b, addressType=1, address=XX:XX:XX:XX:7B:D6, primaryPhy=1, secondaryPhy=0, advertisingSid=0xff, txPower=127, rssi=-81, periodicAdvInt=0x0
02-18 10:35:26.882 I/NearbyDiscovery( 5054): (REDACTED) BloomFilterAdvManager: Detected bloom filter but too far away, ignoring. %sm, %s
02-18 10:35:26.920 I/vendor.qti.bluetooth@1.0-ibs_handler(  948): ProcessIbsCmd: Received IBS_SLEEP_IND: 0xFE
02-18 10:35:26.921 D/vendor.qti.bluetooth@1.0-ibs_handler(  948): SerialClockVote: vote for UART CLK OFF
02-18 10:35:27.006 I/EPDG -- SIM0 [SMARTCELLULAR]( 3333): onSignalStrengthsChanged: SignalStrength:{mCdma=Invalid,mGsm=Invalid,mWcdma=Invalid,mTdscdma=Invalid,mLte=CellSignalStrengthLte: rssi=-83 rsrp=-109 rsrq=-12 rssnr=-1 cqiTableIndex=2147483647 cqi=2147483647 ta=2147483647 level=2 parametersUseForLevel=0,mNr=Invalid,SignalBarInfo{ lteLevel=3 },rat=14,primary=CellSignalStrengthLte}
02-18 10:35:27.007 I/EPDG -- SIM0 [SMARTCELLULAR]( 3333): lastLteRSRP is -107 currentLteRSRP is -109 lastLteRSRQ is -12 currentLteRSRQ is -12 lastLteSNR is 0 currentLteSNR is -1
02-18 10:35:27.008 D/StatusBarIconController( 2953): ignoring old pipeline callbacks, because the new mobile icons are enabled
02-18 10:35:27.074 D/vendor.qti.bluetooth@1.0-wake_lock(  948): Release wakelock is released 
02-18 10:35:27.819 D/MobileSignalTransitionManager( 2953): updateSignalTransition
02-18 10:35:27.822 I/EPDG -- SIM0 [SMARTCELLULAR]( 3333): onSignalStrengthsChanged: SignalStrength:{mCdma=Invalid,mGsm=Invalid,mWcdma=Invalid,mTdscdma=Invalid,mLte=CellSignalStrengthLte: rssi=-83 rsrp=-110 rsrq=-13 rssnr=-1 cqiTableIndex=2147483647 cqi=2147483647 ta=2147483647 level=2 parametersUseForLevel=0,mNr=Invalid,SignalBarInfo{ lteLevel=2 },rat=14,primary=CellSignalStrengthLte}
02-18 10:35:27.823 I/EPDG -- SIM0 [SMARTCELLULAR]( 3333): lastLteRSRP is -109 currentLteRSRP is -110 lastLteRSRQ is -12 currentLteRSRQ is -13 lastLteSNR is -1 currentLteSNR is -1
02-18 10:35:27.826 D/StatusBarIconController( 2953): ignoring old pipeline callbacks, because the new mobile icons are enabled
02-18 10:35:27.830 I/VSyncReactor( 1156): Current= 60, Period= 60, hwcPeriod= 60
02-18 10:35:28.362 D/SemWifiUsabilityStatsMonitor( 1389): onWifiUsabilityStats - seqNum 4879, isSameBssidAndFreq true
02-18 10:35:28.651 I/vendor.qti.bluetooth@1.0-ibs_handler(  948): ProcessIbsCmd: Received IBS_WAKE_IND: 0xFD
02-18 10:35:28.652 D/vendor.qti.bluetooth@1.0-ibs_handler(  948): SerialClockVote: vote for UART CLK ON
02-18 10:35:28.653 D/vendor.qti.bluetooth@1.0-wake_lock(  948): Acquire wakelock is acquired 
02-18 10:35:28.653 I/vendor.qti.bluetooth@1.0-ibs_handler(  948): ProcessIbsCmd: Writing IBS_WAKE_ACK
02-18 10:35:28.684 D/BtGatt.GattService( 3611): onScanResult to scannerId: 8- eventType=0x0, addressType=1, address=XX:XX:XX:XX:CB:B6, primaryPhy=1, secondaryPhy=1, advertisingSid=0x2, txPower=127, rssi=-79, periodicAdvInt=0x0
02-18 10:35:28.691 I/NearbyConnections( 5054): Found BleAdvertisement [ 0x23 0xfc 0x9f 0x5e 0x53 0x52 0x33 0x51 0x17 0x06 0x63 0x2a 0xcc 0x19 0xa8 0xe5 0xed 0x26 0x0d 0x44 0xa9 0xc2 0x0a 0x8b 0x2b 0x38 0x05 0x4e 0x65 0x74 0x68 0x61 0x50 0xeb 0x71 0x31 0xdc 0xd2 0x00 0x00 ] (with EndpointId SR3Q and EndpointInfo [ 0x06 0x63 0x2a 0xcc 0x19 0xa8 0xe5 0xed 0x26 0x0d 0x44 0xa9 0xc2 0x0a 0x8b 0x2b 0x38 0x05 0x4e 0x65 0x74 0x68 0x61 ])
02-18 10:35:28.694 I/NearbyConnections( 5054): ClientProxy(237473778 0p:com.google.android.gms.nearby.sharing) reporting onEndpointFound(SR3Q)
02-18 10:35:28.695 I/NearbyConnections( 5054): ClientProxy(237473778) reporting onEndpointDistanceChanged(SR3Q, UNKNOWN)
02-18 10:35:28.697 I/NearbySharing( 5054): NearbySharing Internal event EndpointDiscovered(endpointId=SR3Q)
02-18 10:35:28.716 D/BtGatt.GattService( 3611): onScanResult to scannerId: 8- eventType=0x1b, addressType=1, address=XX:XX:XX:XX:75:AE, primaryPhy=1, secondaryPhy=0, advertisingSid=0xff, txPower=127, rssi=-96, periodicAdvInt=0x0
02-18 10:35:28.724 I/NearbySharing( 5054): [NS_DISCOVERY] DiscoveryController reported Discovered(endpointId=SR3Q, metadata=DeviceMetadata(version=0, deviceType=3, deviceName=Netha, displayName=null, modelName=null, imageUri=null, isSelfShare=false, isKnown=false, bluetoothMacAddress=null, vendorId=0, matchesLocalQrCode=false))
02-18 10:35:28.725 I/NearbySharing( 5054): [NS_DEBUG] Dedupped: same endpoint ID SR3Q
02-18 10:35:28.725 I/NearbySharing( 5054): {NS_DEBUG] previous receiver info ReceiverInfo(endpointId=SR3Q, metadata=DeviceMetadata(version=0, deviceType=3, deviceName=Netha, displayName=null, modelName=null, imageUri=null, isSelfShare=false, isKnown=false, bluetoothMacAddress=null, vendorId=0, matchesLocalQrCode=false), state=Tomb(delayedStateChangeJob=jchh{Active}@a2f32))
02-18 10:35:28.726 I/NearbySharing( 5054): NearbySharing Internal event ReceiverEndpointMapping(endpointId=SR3Q, receiverId=1)
02-18 10:35:28.727 I/NearbySharing( 5054): [NS_CONTROL] DiscoveryStateManager emitted ReportDiscovered(id=1, metadata=DeviceMetadata(version=0, deviceType=3, deviceName=Netha, displayName=null, modelName=null, imageUri=null, isSelfShare=false, isKnown=false, bluetoothMacAddress=null, vendorId=0, matchesLocalQrCode=false)).
02-18 10:35:28.728 I/NearbySharing( 5054): NearbySharing Internal event ReceiverDiscovered(receiverId=1, deviceName=Netha, isKnown=false, isSelfShare=false, deviceType=3, hasMatchingQrCode=false, isExternal=false, providerName=null, providerId=null, cloudReceiverSessionId=null)
02-18 10:35:28.728 I/NearbySharing( 5054): SendManager event Discovered(receiverId=1, receiverMetadata=DeviceMetadata(version=0, deviceType=3, deviceName=Netha, displayName=null, modelName=null, imageUri=null, isSelfShare=false, isKnown=false, bluetoothMacAddress=null, vendorId=0, matchesLocalQrCode=false))
02-18 10:35:28.729 I/NearbySharing( 5054): SendManager event DistanceChanged(receiverId=1, distance=1, rangingData=null)
02-18 10:35:28.752 I/vendor.qti.bluetooth@1.0-ibs_handler(  948): ProcessIbsCmd: Received IBS_SLEEP_IND: 0xFE
02-18 10:35:28.752 D/vendor.qti.bluetooth@1.0-ibs_handler(  948): SerialClockVote: vote for UART CLK OFF
02-18 10:35:28.778 I/NearbySharing( 5054): ShortcutInfoManager added shortcut Netha
02-18 10:35:28.876 I/SemExecuteManagerService( 1389): onShortcutChanged: com.google.android.gms0
02-18 10:35:28.901 I/HoneySpace.PackageOperationTracker( 3474): onShortcutsChanged com.google.android.gms - 1 UserHandle{0}
02-18 10:35:28.902 D/vendor.qti.bluetooth@1.0-wake_lock(  948): Release wakelock is released 
02-18 10:35:28.904 I/HoneySpace.ShortcutDataSourceImpl( 3474): shortcut updated. ShortcutInfo {id=***, flags=0x2489 [DynIc-fStrRetsLiv], packageName=com.google.android.gms, activity=ComponentInfo{com.google.android.gms/com.google.android.gms.nearby.sharing.main.MainActivity}, shortLabel=***, resId=0[null], longLabel=***, resId=0[null], disabledMessage=***, resId=0[null], disabledReason=[Not disabled], categories={com.google.android.gms.nearby.sharing.main.SHARE_TARGET}, persons=null, icon=null, rank=0, timestamp=1771391128776, intents=null, extras=PersistableBundle[mParcelledData.dataSize=732]}
02-18 10:35:28.904 I/HoneySpace.HoneySpaceManagerContainer( 3474): packageUpdateEvent - com.honeyspace.sdk.source.entity.PackageOperation$ShortcutChanged@2c8350c
02-18 10:35:29.726 I/sensors-hal(  964): handle_sns_client_event:229, auto_rotation_event_2: mode:255, type:1:0/0.182,0.620,9.892, ar:0
02-18 10:35:29.855 I/EPDG -- SIM0 [SMARTCELLULAR]( 3333): onSignalStrengthsChanged: SignalStrength:{mCdma=Invalid,mGsm=Invalid,mWcdma=Invalid,mTdscdma=Invalid,mLte=CellSignalStrengthLte: rssi=-85 rsrp=-110 rsrq=-12 rssnr=-1 cqiTableIndex=2147483647 cqi=2147483647 ta=2147483647 level=2 parametersUseForLevel=0,mNr=Invalid,SignalBarInfo{ lteLevel=2 },rat=14,primary=CellSignalStrengthLte}
02-18 10:35:29.856 I/EPDG -- SIM0 [SMARTCELLULAR]( 3333): lastLteRSRP is -110 currentLteRSRP is -110 lastLteRSRQ is -13 currentLteRSRQ is -12 lastLteSNR is -1 currentLteSNR is -1
02-18 10:35:29.859 D/StatusBarIconController( 2953): ignoring old pipeline callbacks, because the new mobile icons are enabled
02-18 10:35:30.378 D/io_stats(  634): !@   8,0 r 15330124 401963004 w 5792225 81235680 d 1462707 85469372 f 0 0 iot 6781508 0 th 0 0 0 pt 0 inp 0 0 79511.831
02-18 10:35:30.529 I/vendor.qti.bluetooth@1.0-ibs_handler(  948): ProcessIbsCmd: Received IBS_WAKE_IND: 0xFD
02-18 10:35:30.529 D/vendor.qti.bluetooth@1.0-ibs_handler(  948): SerialClockVote: vote for UART CLK ON
02-18 10:35:30.534 D/vendor.qti.bluetooth@1.0-wake_lock(  948): Acquire wakelock is acquired 
02-18 10:35:30.534 I/vendor.qti.bluetooth@1.0-ibs_handler(  948): ProcessIbsCmd: Writing IBS_WAKE_ACK
02-18 10:35:30.544 D/BtGatt.GattService( 3611): onScanResult to scannerId: 2- eventType=0x1b, addressType=1, address=XX:XX:XX:XX:7B:D6, primaryPhy=1, secondaryPhy=0, advertisingSid=0xff, txPower=127, rssi=-88, periodicAdvInt=0x0
02-18 10:35:30.547 D/BtGatt.GattService( 3611): onScanResult to scannerId: 8- eventType=0x10, addressType=1, address=XX:XX:XX:XX:81:3E, primaryPhy=1, secondaryPhy=0, advertisingSid=0xff, txPower=127, rssi=-77, periodicAdvInt=0x0
02-18 10:35:30.552 I/NearbyDiscovery( 5054): (REDACTED) BloomFilterAdvManager: Detected bloom filter but too far away, ignoring. %sm, %s
02-18 10:35:30.554 I/NearbyMediums( 5054): Triggered instant on lost for service id : NearbySharing with hash [ 0x29 0x45 0x60 0x7c ]
02-18 10:35:30.555 I/NearbyConnections( 5054): Processing instant lost on BlePeripheral BlePeripheral{advertisement=BleAdvertisement { version=2, socketVersion=2, isFast=true, serviceIdHash=null, data=[ 0x23 0x45 0x4f 0x32 0x30 0x11 0x32 0xe8 0x12 0xed 0xaa 0x83 0xde 0xa4 0x46 0x6f 0x07 0x6d 0xc0 0xda 0xa3 0x1b 0x0e ], deviceToken=[ 0xb8 0x79 ], rxAdvertisement=[ 0xa0 0x17 0xad 0x78 0x49 0x1e 0xfa 0x92 0xd7 0x2d 0x90 0xf9 0xb1 0x35 0x78 0x88 0xc3 0x9e 0x65 0x7b 0x4f 0x9a 0x23 0xe2 0x78 0x34 0x61 0xe4 0x4c 0x8b 0x12 0x05 0x6c 0x76 0x84 0x15 0x05 0x7f 0x00 0x00 0x84 0x15 0x06 0x7f 0x00 0x00 0x84 0x15 0x04 0x7f 0x00 0x00 0x84 0x15 0x07 0x61 0x00 0x00 0x83 0x15 0x01 0x09 0x9e ] }, dctAdvertisement=null, address=null, psm=0, deviceToken=<ByteString@44a3e39 size=2 contents="\270y">, isSecondProfile=false, rxInstantConnectionAdv=[-96, 23, -83, 120, 73, 30, -6, -110, -41, 45, -112, -7, -79, 53, 120, -120, -61, -98, 101, 123, 79, -102, 35, -30, 120, 52, 97, -28, 76, -117, 18, 5, 108, 118, -124, 21, 5, 127, 0, 0, -124, 21, 6, 127, 0, 0, -124, 21, 4, 127, 0, 0, -124, 21, 7, 97, 0, 0, -125, 21, 1, 9, -98]}.
02-18 10:35:30.556 I/NearbyConnections( 5054): Remove entry from BleAdvertisementProcessor bleEndpoints.
02-18 10:35:30.558 I/NearbyConnections( 5054): ClientProxy(237473778) reporting onEndpointLost(EO20)
02-18 10:35:30.559 D/BtGatt.GattService( 3611): onScanResult to scannerId: 8- eventType=0x1, addressType=1, address=XX:XX:XX:XX:E0:D2, primaryPhy=1, secondaryPhy=1, advertisingSid=0x4, txPower=127, rssi=-82, periodicAdvInt=0x0
02-18 10:35:30.563 I/NearbySharing( 5054): NearbySharing Internal event EndpointLost(endpointId=EO20)
02-18 10:35:30.596 I/vendor.qti.bluetooth@1.0-ibs_handler(  948): ProcessIbsCmd: Received IBS_SLEEP_IND: 0xFE
02-18 10:35:30.596 D/vendor.qti.bluetooth@1.0-ibs_handler(  948): SerialClockVote: vote for UART CLK OFF
02-18 10:35:30.614 I/vendor.qti.bluetooth@1.0-ibs_handler(  948): ProcessIbsCmd: Received IBS_WAKE_IND: 0xFD
02-18 10:35:30.614 D/vendor.qti.bluetooth@1.0-ibs_handler(  948): SerialClockVote: vote for UART CLK ON
02-18 10:35:30.614 I/vendor.qti.bluetooth@1.0-ibs_handler(  948): ProcessIbsCmd: Writing IBS_WAKE_ACK
02-18 10:35:30.660 I/vendor.qti.bluetooth@1.0-ibs_handler(  948): ProcessIbsCmd: Received IBS_SLEEP_IND: 0xFE
02-18 10:35:30.660 D/vendor.qti.bluetooth@1.0-ibs_handler(  948): SerialClockVote: vote for UART CLK OFF
02-18 10:35:30.812 D/vendor.qti.bluetooth@1.0-wake_lock(  948): Release wakelock is released 
02-18 10:35:31.395 D/SemWifiUsabilityStatsMonitor( 1389): onWifiUsabilityStats - seqNum 4880, isSameBssidAndFreq true
02-18 10:35:31.506 D/SecPowerUI.Notification( 2953): showChargingNotice oldChargingType : 11 / currentChargingType : 11, oldChargingTime : 4618000 / mChargingTime : 4618000
02-18 10:35:31.507 D/SecPowerUI.Notification( 2953): showChargingNotice User swipe, so return!
02-18 10:35:32.380 D/io_stats(  634): !@   8,0 r 15330124 401963004 w 5792234 81236032 d 1462707 85469372 f 0 0 iot 6781524 0 th 0 0 0 pt 0 inp 0 0 79513.834
02-18 10:35:32.585 I/EPDG -- SIM0 [SMARTCELLULAR]( 3333): onSignalStrengthsChanged: SignalStrength:{mCdma=Invalid,mGsm=Invalid,mWcdma=Invalid,mTdscdma=Invalid,mLte=CellSignalStrengthLte: rssi=-81 rsrp=-110 rsrq=-13 rssnr=-1 cqiTableIndex=2147483647 cqi=2147483647 ta=2147483647 level=2 parametersUseForLevel=0,mNr=Invalid,SignalBarInfo{ lteLevel=2 },rat=14,primary=CellSignalStrengthLte}
02-18 10:35:32.586 I/EPDG -- SIM0 [SMARTCELLULAR]( 3333): lastLteRSRP is -110 currentLteRSRP is -110 lastLteRSRQ is -12 currentLteRSRQ is -13 lastLteSNR is -1 currentLteSNR is -1
02-18 10:35:32.592 D/StatusBarIconController( 2953): ignoring old pipeline callbacks, because the new mobile icons are enabled
02-18 10:35:32.639 I/NearbyMediums( 5054): Found Fast Ble Advertisements :
02-18 10:35:32.639 I/NearbyMediums( 5054): BleAdvertisement { version=2, socketVersion=2, isFast=true, serviceIdHash=null, data=[ 0x23 0x44 0x43 0x59 0x39 0x11 0x32 0xac 0xa2 0xda 0x2a 0x53 0xcd 0x76 0xe4 0x20 0x7f 0xed 0x41 0xf5 0xbe 0x6b 0xe5 ], deviceToken=[ 0x34 0xe4 ], rxAdvertisement=null } : 1 times.
02-18 10:35:32.639 I/NearbyMediums( 5054): BleAdvertisement { version=2, socketVersion=2, isFast=true, serviceIdHash=null, data=[ 0x23 0x45 0x4f 0x32 0x30 0x11 0x32 0xe8 0x12 0xed 0xaa 0x83 0xde 0xa4 0x46 0x6f 0x07 0x6d 0xc0 0xda 0xa3 0x1b 0x0e ], deviceToken=[ 0xb8 0x79 ], rxAdvertisement=null } : 3 times.
02-18 10:35:32.639 I/NearbyMediums( 5054): Total 4 fast advertisements from 2 unique advertisers.
02-18 10:35:32.640 I/NearbyMediums( 5054): Found BLE GATT Advertisements :
02-18 10:35:32.640 I/NearbyMediums( 5054): BleAdvertisement { version=2, socketVersion=2, isFast=false, serviceIdHash=[ 0xfc 0x9f 0x5e ], data=[ 0x23 0xfc 0x9f 0x5e 0x53 0x52 0x33 0x51 0x17 0x06 0x63 0x2a 0xcc 0x19 0xa8 0xe5 0xed 0x26 0x0d 0x44 0xa9 0xc2 0x0a 0x8b 0x2b 0x38 0x05 0x4e 0x65 0x74 0x68 0x61 0x50 0xeb 0x71 0x31 0xdc 0xd2 0x00 0x00 ], deviceToken=[ 0xde 0x8a ], rxAdvertisement=null } : 1 times.
02-18 10:35:32.640 I/NearbyMediums( 5054): Total 1 GATT advertisements from 1 unique advertisers.
02-18 10:35:32.640 I/NearbyMediums( 5054): Current Tracked Scanning Clients are : {NearbyConnections.EnvironmentMonitor, NearbySharing, NearbyConnections.TxAdvertisement}
02-18 10:35:32.643 I/NearbyConnections( 5054): Processing lost BlePeripheral BlePeripheral{advertisement=BleAdvertisement { version=2, socketVersion=2, isFast=true, serviceIdHash=null, data=[ 0x23 0x46 0x41 0x35 0x43 0x11 0x32 0x7a 0xe2 0x7a 0x66 0x04 0xa2 0x0b 0x98 0x5b 0xee 0x95 0x2e 0x56 0x35 0x52 0x16 ], deviceToken=[ 0x2e 0xad ], rxAdvertisement=null }, dctAdvertisement=null, address=null, psm=0, deviceToken=<ByteString@78784f5 size=2 contents=".\255">, isSecondProfile=false, rxInstantConnectionAdv=null}.
02-18 10:35:32.644 I/NearbyConnections( 5054): Lost BleEndpoint for BlePeripheral BlePeripheral{advertisement=BleAdvertisement { version=2, socketVersion=2, isFast=true, serviceIdHash=null, data=[ 0x23 0x46 0x41 0x35 0x43 0x11 0x32 0x7a 0xe2 0x7a 0x66 0x04 0xa2 0x0b 0x98 0x5b 0xee 0x95 0x2e 0x56 0x35 0x52 0x16 ], deviceToken=[ 0x2e 0xad ], rxAdvertisement=null }, dctAdvertisement=null, address=null, psm=0, deviceToken=<ByteString@78784f5 size=2 contents=".\255">, isSecondProfile=false, rxInstantConnectionAdv=null} (with EndpointId FA5C and EndpointInfo [ 0x32 0x7a 0xe2 0x7a 0x66 0x04 0xa2 0x0b 0x98 0x5b 0xee 0x95 0x2e 0x56 0x35 0x52 0x16 ]).
02-18 10:35:32.646 I/NearbyConnections( 5054): ClientProxy(237473778) reporting onEndpointLost(FA5C)
02-18 10:35:32.646 I/vendor.qti.bluetooth@1.0-ibs_handler(  948): ProcessIbsCmd: Received IBS_WAKE_IND: 0xFD
02-18 10:35:32.646 D/vendor.qti.bluetooth@1.0-ibs_handler(  948): SerialClockVote: vote for UART CLK ON
02-18 10:35:32.648 I/NearbySharing( 5054): NearbySharing Internal event EndpointLost(endpointId=FA5C)
02-18 10:35:32.651 D/vendor.qti.bluetooth@1.0-wake_lock(  948): Acquire wakelock is acquired 
02-18 10:35:32.651 I/vendor.qti.bluetooth@1.0-ibs_handler(  948): ProcessIbsCmd: Writing IBS_WAKE_ACK
02-18 10:35:32.662 D/BtGatt.GattService( 3611): onScanResult to scannerId: 8- eventType=0x10, addressType=1, address=XX:XX:XX:XX:93:89, primaryPhy=1, secondaryPhy=0, advertisingSid=0xff, txPower=127, rssi=-86, periodicAdvInt=0x0
02-18 10:35:32.664 D/BtGatt.GattService( 3611): onScanResult to scannerId: 2- eventType=0x1b, addressType=1, address=XX:XX:XX:XX:3C:7C, primaryPhy=1, secondaryPhy=0, advertisingSid=0xff, txPower=127, rssi=-75, periodicAdvInt=0x0
02-18 10:35:32.670 I/NearbyConnections( 5054): Found BleAdvertisement [ 0x23 0x46 0x41 0x35 0x43 0x11 0x32 0x7a 0xe2 0x7a 0x66 0x04 0xa2 0x0b 0x98 0x5b 0xee 0x95 0x2e 0x56 0x35 0x52 0x16 ] (with EndpointId FA5C and EndpointInfo [ 0x32 0x7a 0xe2 0x7a 0x66 0x04 0xa2 0x0b 0x98 0x5b 0xee 0x95 0x2e 0x56 0x35 0x52 0x16 ])
02-18 10:35:32.672 D/BtGatt.GattService( 3611): onScanResult to scannerId: 8- eventType=0x10, addressType=1, address=XX:XX:XX:XX:5C:6A, primaryPhy=1, secondaryPhy=0, advertisingSid=0xff, txPower=127, rssi=-71, periodicAdvInt=0x0
02-18 10:35:32.672 I/NearbyDiscovery( 5054): (REDACTED) BloomFilterAdvManager: Detected bloom filter but too far away, ignoring. %sm, %s
02-18 10:35:32.673 I/NearbyConnections( 5054): ClientProxy(237473778 0p:com.google.android.gms.nearby.sharing) reporting onEndpointFound(FA5C)
02-18 10:35:32.674 I/NearbyConnections( 5054): ClientProxy(237473778) reporting onEndpointDistanceChanged(FA5C, UNKNOWN)
02-18 10:35:32.676 I/NearbyMediums( 5054): This GATT advertisement BleAdvertisement { version=2, socketVersion=2, isFast=true, serviceIdHash=null, data=[ 0x23 0x48 0x31 0x52 0x32 0x11 0x32 0x34 0x46 0x67 0x00 0xa2 0x5c 0xd5 0x69 0x74 0x71 0x60 0x28 0x0a 0x8b 0xf5 0x93 ], deviceToken=[ 0xf2 0x2e ], rxAdvertisement=null } is a Fast Advertisement and matched UUID 0000fef3-0000-1000-8000-00805f9b34fb in fastAdvertisementServiceUuids map with serviceID NearbySharing
02-18 10:35:32.677 I/NearbySharing( 5054): NearbySharing Internal event EndpointDiscovered(endpointId=FA5C)
02-18 10:35:32.678 I/NearbyConnections( 5054): Found BleAdvertisement [ 0x23 0x48 0x31 0x52 0x32 0x11 0x32 0x34 0x46 0x67 0x00 0xa2 0x5c 0xd5 0x69 0x74 0x71 0x60 0x28 0x0a 0x8b 0xf5 0x93 ] (with EndpointId H1R2 and EndpointInfo [ 0x32 0x34 0x46 0x67 0x00 0xa2 0x5c 0xd5 0x69 0x74 0x71 0x60 0x28 0x0a 0x8b 0xf5 0x93 ])
02-18 10:35:32.680 I/NearbyConnections( 5054): ClientProxy(237473778 0p:com.google.android.gms.nearby.sharing) reporting onEndpointFound(H1R2)
02-18 10:35:32.682 I/NearbyConnections( 5054): ClientProxy(237473778) reporting onEndpointDistanceChanged(H1R2, UNKNOWN)
02-18 10:35:32.692 I/NearbySharing( 5054): NearbySharing Internal event EndpointDiscovered(endpointId=H1R2)
02-18 10:35:32.697 I/vendor.qti.bluetooth@1.0-ibs_handler(  948): ProcessIbsCmd: Received IBS_SLEEP_IND: 0xFE
02-18 10:35:32.697 D/vendor.qti.bluetooth@1.0-ibs_handler(  948): SerialClockVote: vote for UART CLK OFF
02-18 10:35:32.704 I/vendor.qti.bluetooth@1.0-ibs_handler(  948): ProcessIbsCmd: Received IBS_WAKE_IND: 0xFD
02-18 10:35:32.704 D/vendor.qti.bluetooth@1.0-ibs_handler(  948): SerialClockVote: vote for UART CLK ON
02-18 10:35:32.704 I/vendor.qti.bluetooth@1.0-ibs_handler(  948): ProcessIbsCmd: Writing IBS_WAKE_ACK
02-18 10:35:32.708 D/BtGatt.GattService( 3611): onScanResult to scannerId: 8- eventType=0x10, addressType=1, address=XX:XX:XX:XX:81:3E, primaryPhy=1, secondaryPhy=0, advertisingSid=0xff, txPower=127, rssi=-60, periodicAdvInt=0x0
02-18 10:35:32.745 I/vendor.qti.bluetooth@1.0-ibs_handler(  948): ProcessIbsCmd: Received IBS_SLEEP_IND: 0xFE
02-18 10:35:32.745 D/vendor.qti.bluetooth@1.0-ibs_handler(  948): SerialClockVote: vote for UART CLK OFF
02-18 10:35:32.897 D/vendor.qti.bluetooth@1.0-wake_lock(  948): Release wakelock is released 
02-18 10:35:34.379 I/vendor.qti.bluetooth@1.0-ibs_handler(  948): ProcessIbsCmd: Received IBS_WAKE_IND: 0xFD
02-18 10:35:34.379 D/vendor.qti.bluetooth@1.0-ibs_handler(  948): SerialClockVote: vote for UART CLK ON
02-18 10:35:34.382 D/io_stats(  634): !@   8,0 r 15330231 401968212 w 5792234 81236032 d 1462707 85469372 f 0 0 iot 6781596 0 th 0 0 0 pt 0 inp 0 0 79515.835
02-18 10:35:34.383 D/vendor.qti.bluetooth@1.0-wake_lock(  948): Acquire wakelock is acquired 
02-18 10:35:34.383 I/vendor.qti.bluetooth@1.0-ibs_handler(  948): ProcessIbsCmd: Writing IBS_WAKE_ACK
02-18 10:35:34.393 D/BtGatt.GattService( 3611): onScanResult to scannerId: 8- eventType=0x10, addressType=1, address=XX:XX:XX:XX:81:3E, primaryPhy=1, secondaryPhy=0, advertisingSid=0xff, txPower=127, rssi=-57, periodicAdvInt=0x0
02-18 10:35:34.412 D/BtGatt.GattService( 3611): onScanResult to scannerId: 8- eventType=0x10, addressType=1, address=XX:XX:XX:XX:1B:C7, primaryPhy=1, secondaryPhy=0, advertisingSid=0xff, txPower=127, rssi=-73, periodicAdvInt=0x0
02-18 10:35:34.432 D/SemWifiUsabilityStatsMonitor( 1389): onWifiUsabilityStats - seqNum 4881, isSameBssidAndFreq true
02-18 10:35:34.443 D/StatusBarIconController( 2953): ignoring old pipeline callback because the new wifi icon is enabled
02-18 10:35:34.446 I/VSyncReactor( 1156): Current= 60, Period= 60, hwcPeriod= 60
02-18 10:35:34.449 I/vendor.qti.bluetooth@1.0-ibs_handler(  948): ProcessIbsCmd: Received IBS_SLEEP_IND: 0xFE
02-18 10:35:34.449 D/vendor.qti.bluetooth@1.0-ibs_handler(  948): SerialClockVote: vote for UART CLK OFF
02-18 10:35:34.462 I/SurfaceFlinger( 1156): SFWD update time=79515916114612
02-18 10:35:34.606 D/vendor.qti.bluetooth@1.0-wake_lock(  948): Release wakelock is released 
02-18 10:35:35.432 I/wpa_supplicant(18922): Heartbeat 16019
02-18 10:35:36.153 I/vendor.qti.bluetooth@1.0-ibs_handler(  948): ProcessIbsCmd: Received IBS_WAKE_IND: 0xFD
02-18 10:35:36.153 D/vendor.qti.bluetooth@1.0-ibs_handler(  948): SerialClockVote: vote for UART CLK ON
02-18 10:35:36.159 D/vendor.qti.bluetooth@1.0-wake_lock(  948): Acquire wakelock is acquired 
02-18 10:35:36.159 I/vendor.qti.bluetooth@1.0-ibs_handler(  948): ProcessIbsCmd: Writing IBS_WAKE_ACK
02-18 10:35:36.172 D/BtGatt.GattService( 3611): onScanResult to scannerId: 8- eventType=0x10, addressType=1, address=XX:XX:XX:XX:81:3E, primaryPhy=1, secondaryPhy=0, advertisingSid=0xff, txPower=127, rssi=-62, periodicAdvInt=0x0
02-18 10:35:36.175 D/BtGatt.GattService( 3611): onScanResult to scannerId: 8- eventType=0x1, addressType=1, address=XX:XX:XX:XX:E0:D2, primaryPhy=1, secondaryPhy=1, advertisingSid=0x4, txPower=127, rssi=-81, periodicAdvInt=0x0
02-18 10:35:36.184 D/BtGatt.GattService( 3611): onScanResult to scannerId: 8- eventType=0x1b, addressType=1, address=XX:XX:XX:XX:75:AE, primaryPhy=1, secondaryPhy=0, advertisingSid=0xff, txPower=127, rssi=-91, periodicAdvInt=0x0
02-18 10:35:36.212 I/vendor.qti.bluetooth@1.0-ibs_handler(  948): ProcessIbsCmd: Received IBS_SLEEP_IND: 0xFE
02-18 10:35:36.212 D/vendor.qti.bluetooth@1.0-ibs_handler(  948): SerialClockVote: vote for UART CLK OFF
02-18 10:35:36.247 I/vendor.qti.bluetooth@1.0-ibs_handler(  948): ProcessIbsCmd: Received IBS_WAKE_IND: 0xFD
02-18 10:35:36.247 D/vendor.qti.bluetooth@1.0-ibs_handler(  948): SerialClockVote: vote for UART CLK ON
02-18 10:35:36.247 I/vendor.qti.bluetooth@1.0-ibs_handler(  948): ProcessIbsCmd: Writing IBS_WAKE_ACK
02-18 10:35:36.255 D/BtGatt.GattService( 3611): onScanResult to scannerId: 8- eventType=0x0, addressType=1, address=XX:XX:XX:XX:CB:B6, primaryPhy=1, secondaryPhy=1, advertisingSid=0x2, txPower=127, rssi=-81, periodicAdvInt=0x0
02-18 10:35:36.263 D/BtGatt.GattService( 3611): onScanResult to scannerId: 8- eventType=0x10, addressType=1, address=XX:XX:XX:XX:81:3E, primaryPhy=1, secondaryPhy=0, advertisingSid=0xff, txPower=127, rssi=-62, periodicAdvInt=0x0
02-18 10:35:36.291 I/vendor.qti.bluetooth@1.0-ibs_handler(  948): ProcessIbsCmd: Received IBS_SLEEP_IND: 0xFE
02-18 10:35:36.291 D/vendor.qti.bluetooth@1.0-ibs_handler(  948): SerialClockVote: vote for UART CLK OFF
02-18 10:35:36.383 D/io_stats(  634): !@   8,0 r 15330234 401968320 w 5792239 81236900 d 1462707 85469372 f 0 0 iot 6781624 0 th 0 0 0 pt 0 inp 0 0 79517.836
02-18 10:35:36.443 D/vendor.qti.bluetooth@1.0-wake_lock(  948): Release wakelock is released 
02-18 10:35:36.605 I/android.hardware.health@2.1-service-samsung(  956): updateLrpSysfs: write: 345
02-18 10:35:36.607 D/BatteryService( 1389): Sending ACTION_BATTERY_CHANGED: level:46, status:2, health:2, remain:4608, ac:false, usb:true, wireless:false, pogo:false, misc:0x10000, charge_type:1, charger_type:0, voltage:3944, temperature:316, online:4, charging_status:0, cycle_count:0, current_avg:1691, ps:false, hvc:false, capacity:280000, current_event:0x8000, current_now:1674, mcc:0, mcv:0, cc:2325000, present:true, scale:100, technology:Li-ion
02-18 10:35:36.610 I/DeviceBatteryInfoService( 1389): action: android.intent.action.BATTERY_CHANGED
02-18 10:35:36.611 I/DeviceBatteryInfoService( 1389): phone battery level: 46
02-18 10:35:36.611 I/DeviceBatteryInfoService( 1389): phone battery status: 2
02-18 10:35:36.617 D/MotionRecognitionService( 1389): [SAR]  onReceive : ACTION_BATTERY_CHANGED, Plugged: 2
02-18 10:35:36.622 D/SamsungBatteryMeterDrawable( 2953): onBatteryLevelChanged isSomethingChanged: false
02-18 10:35:36.623 D/SamsungBatteryMeterDrawable( 2953): onBatteryLevelChanged isSomethingChanged: false
02-18 10:35:36.624 D/SamsungBatteryMeterDrawable( 2953): onBatteryLevelChanged isSomethingChanged: false
02-18 10:35:36.625 I/PowerUI ( 2953): mBootCompleted = true |  mFullyConnected = true
02-18 10:35:36.625 I/PowerUI ( 2953): BATTERY_HEALTH_CHECK extraHealth=2 mBatteryMiscEvent=65536
02-18 10:35:36.625 W/PowerUI ( 2953): Plug reason
02-18 10:35:36.625 W/PowerUI ( 2953): Skip charging animation - by plug status
02-18 10:35:36.625 D/PowerUI ( 2953): priorPlugType = 2 mPlugType = 2 priorBatteryStatus = 2 mBatteryStatus = 2
02-18 10:35:36.625 W/PowerUI ( 2953): Plug reason
02-18 10:35:36.625 W/PowerUI ( 2953): Skip charging sound - by plug status
02-18 10:35:36.625 I/PowerUI ( 2953): oldMisalign : false, curMisalign : false
02-18 10:35:36.626 D/SecPowerUI.Notification( 2953): dismissing low battery warning: level=46
02-18 10:35:36.626 D/SecPowerUI.Notification( 2953): updateNotification mWarning=false mPlaySound=false
02-18 10:35:36.626 D/SecPowerUI.Notification( 2953): SecBatteryStatsSnapshot{batteryLevel=46, currentBatteryMode=0, chargingTime=4618000, chargingType=11, batteryHealth=2, automaticTestMode=false, isHiccupState=false, optChargingFinishTime=}
02-18 10:35:36.627 D/SecPowerUI.Notification( 2953): 1. restoreScreenTimeOut - saved_value : :
02-18 10:35:36.628 E/SecPowerUI.Notification( 2953): no saved value, so we do nothing !!
02-18 10:35:36.628 D/SemBigDataInfoController( 3241): Intent: android.intent.action.BATTERY_CHANGED
02-18 10:35:36.628 D/SemBigDataInfoController( 3241): Intent: android.intent.action.BATTERY_CHANGED
02-18 10:35:36.628 D/SecPowerUI.Notification( 2953): showChargingNotice oldChargingType : 11 / currentChargingType : 11, oldChargingTime : 4618000 / mChargingTime : 4608000
02-18 10:35:36.629 D/SecPowerUI.Notification( 2953): showChargingNotice User swipe, so return!
02-18 10:35:36.629 D/PowerUI ( 2953): Battery swelling mode - priorBatterySwellingMode = 0 mBatterySwellingMode = 0 mBatteryStatus = 2
02-18 10:35:36.629 I/PowerUI ( 2953): mBatteryMiscEvent = 65536
02-18 10:35:36.629 I/PowerUI ( 2953): checkRestoreProtectBattery pb value : 0, Scheduling start ? : false
02-18 10:35:36.629 I/PowerUI ( 2953): Clear time
02-18 10:35:36.630 D/KNOX_MDM_SettingsProvider( 1389): isChangeAllowed() : name = ltc_highsoc_exceed_time
02-18 10:35:36.630 D/KNOX_MDM_SettingsProvider( 1389): edmUri: content://com.sec.knox.provider/RestrictionPolicy3
02-18 10:35:36.630 D/KNOX_MDM_SettingsProvider( 1389): projectionArgs: isSettingsChangesAllowed
02-18 10:35:36.630 D/KNOX_MDM_SettingsProvider( 1389): selectionArgs: false
02-18 10:35:36.631 D/KNOX_MDM_SettingsProvider( 1389): selectionArgs: 10046
02-18 10:35:36.631 D/SecContentProvider( 1389): query(), uri = 17 selection = isSettingsChangesAllowed
02-18 10:35:36.631 D/SecContentProvider( 1389): called from android.uid.systemui:10046
02-18 10:35:36.632 D/RestrictionPolicy( 1389): isSettingsChangesAllowedAsUser, userId 0 : true
02-18 10:35:36.632 D/KNOX_MDM_SettingsProvider( 1389): ret = 1
02-18 10:35:36.633 I/[SCPMV2][SystemMonitorReceiver](16935): onReceive: android.intent.action.BATTERY_CHANGED
02-18 10:35:36.634 I/PowerUI ( 2953): checkBatteryProtectionNotification : 2, pb value : 0, plugType : 2, level : 46
02-18 10:35:36.634 D/SecPowerUI.Notification( 2953): SecBatteryStatsSnapshot{batteryLevel=46, currentBatteryMode=0, chargingTime=4608000, chargingType=11, batteryHealth=2, automaticTestMode=false, isHiccupState=false, optChargingFinishTime=}
02-18 10:35:36.636 I/AODBatteryManager( 2953): updateBatteryData: ACTION_BATTERY_CHANGED
02-18 10:35:36.638 I/AODBatteryManager( 2953): saveBatteryData : AOD BatteryData [mBatteryLevel=46, mBatteryStatus=CHARGING, mBatteryPlugType=USB, mBatteryPlugged=true, mRemainingChargeTime=4608000, mBatteryChargingType=1, mBatteryChargerType=NORMAL, mBatteryOnline=USB, mBatterySwellingMode=NONE, mBatteryProtectMode=false, mBatteryProtectModeType=1, mSleepChargingEvent=null, mSleepChargingEventFinishTime=null]
02-18 10:35:36.638 I/ChargingInfoManager( 2953): updateChargingInfo: newState = AOD ChargingInfo [mState=BATTERY_AND_REMAIN_TIME, mIsCharging=true, mIsFullyCharged=false, mIsBatteryProtectMode=false, mBetteryLevel=46, mBetteryProtectModeType0], oldState = AOD ChargingInfo [mState=BATTERY_AND_REMAIN_TIME, mIsCharging=true, mIsFullyCharged=false, mIsBatteryProtectMode=false, mBetteryLevel=46, mBetteryProtectModeType0]
02-18 10:35:36.638 D/KeyguardUpdateMonitor( 2953): handleBatteryUpdate
02-18 10:35:36.644 D/KeyguardSecIndicationController( 2953): addIndicationTimeout() returned - unlocking
02-18 10:35:36.644 D/KeyguardSecIndicationController( 2953): addIndication() returned - unlocking
02-18 10:35:36.644 D/KeyguardSecIndicationPolicy( 2953):  remove Item pos = DEFAULT, type =     TRUST_AGENT_HELP
02-18 10:35:36.645 D/KeyguardSecIndicationController( 2953): addUsbRestriction false/isSecure=true
02-18 10:35:36.645 D/KeyguardSecIndicationPolicy( 2953):  remove Item pos = DEFAULT, type =      USB_RESTRICTION
02-18 10:35:36.645 D/KeyguardSecIndicationController( 2953): addBatteryAndOwnerInfoIndication() battery status = BatteryStatus{status=2,level=46,plugged=2,chargingStatus=0,maxChargingWattage=-1,remaining=4608000ultraFastCharger=0}
02-18 10:35:37.471 D/SemWifiUsabilityStatsMonitor( 1389): onWifiUsabilityStats - seqNum 4882, isSameBssidAndFreq true
02-18 10:35:37.886 D/NetdEventListenerService( 1389): DNS Requested by 337, 10208, 20
02-18 10:35:38.143 E/Watchdog( 1389): !@Sync: 2648 heap: 130 / 135 FD: 1060 [2026-02-18 10:35:38.142]
02-18 10:35:38.172 I/vendor.qti.bluetooth@1.0-ibs_handler(  948): ProcessIbsCmd: Received IBS_WAKE_IND: 0xFD
02-18 10:35:38.172 D/vendor.qti.bluetooth@1.0-ibs_handler(  948): SerialClockVote: vote for UART CLK ON
02-18 10:35:38.175 D/vendor.qti.bluetooth@1.0-wake_lock(  948): Acquire wakelock is acquired 
02-18 10:35:38.176 I/vendor.qti.bluetooth@1.0-ibs_handler(  948): ProcessIbsCmd: Writing IBS_WAKE_ACK
02-18 10:35:38.185 D/BtGatt.GattService( 3611): onScanResult to scannerId: 8- eventType=0x1, addressType=1, address=XX:XX:XX:XX:E0:D2, primaryPhy=1, secondaryPhy=1, advertisingSid=0x4, txPower=127, rssi=-81, periodicAdvInt=0x0
02-18 10:35:38.188 D/BtGatt.GattService( 3611): onScanResult to scannerId: 8- eventType=0x10, addressType=1, address=XX:XX:XX:XX:81:3E, primaryPhy=1, secondaryPhy=0, advertisingSid=0xff, txPower=127, rssi=-57, periodicAdvInt=0x0
02-18 10:35:38.210 D/BtGatt.GattService( 3611): onScanResult to scannerId: 2- eventType=0x1b, addressType=1, address=XX:XX:XX:XX:7B:D6, primaryPhy=1, secondaryPhy=0, advertisingSid=0xff, txPower=127, rssi=-79, periodicAdvInt=0x0
02-18 10:35:38.218 I/NearbyDiscovery( 5054): (REDACTED) BloomFilterAdvManager: Detected bloom filter but too far away, ignoring. %sm, %s
02-18 10:35:38.218 I/NearbyDiscovery( 5054): (REDACTED) loadFastPairModule: checkFeaturesAreAvailable:%d
02-18 10:35:38.219 I/NearbyDiscovery( 5054): loadFastPairModule: FastPair module is downloaded. [CONTEXT service_id=265 ]
02-18 10:35:38.248 I/vendor.qti.bluetooth@1.0-ibs_handler(  948): ProcessIbsCmd: Received IBS_SLEEP_IND: 0xFE
02-18 10:35:38.248 D/vendor.qti.bluetooth@1.0-ibs_handler(  948): SerialClockVote: vote for UART CLK OFF
02-18 10:35:38.292 I/vendor.qti.bluetooth@1.0-ibs_handler(  948): ProcessIbsCmd: Received IBS_WAKE_IND: 0xFD
02-18 10:35:38.293 D/vendor.qti.bluetooth@1.0-ibs_handler(  948): SerialClockVote: vote for UART CLK ON
02-18 10:35:38.293 I/vendor.qti.bluetooth@1.0-ibs_handler(  948): ProcessIbsCmd: Writing IBS_WAKE_ACK
02-18 10:35:38.301 D/BtGatt.GattService( 3611): onScanResult to scannerId: 2- eventType=0x1b, addressType=1, address=XX:XX:XX:XX:3C:7C, primaryPhy=1, secondaryPhy=0, advertisingSid=0xff, txPower=127, rssi=-86, periodicAdvInt=0x0
02-18 10:35:38.306 I/NearbyDiscovery( 5054): (REDACTED) [trigger-id=Scan17FCE54D] FastPairCache: Bloom filter changed, %s, newData=%s, oldData=%s, scanMode=%s
02-18 10:35:38.309 I/NearbyDiscovery( 5054): (REDACTED) BloomFilterAdvManager: Detected bloom filter but too far away, ignoring. %sm, %s
02-18 10:35:38.338 I/vendor.qti.bluetooth@1.0-ibs_handler(  948): ProcessIbsCmd: Received IBS_SLEEP_IND: 0xFE
02-18 10:35:38.338 D/vendor.qti.bluetooth@1.0-ibs_handler(  948): SerialClockVote: vote for UART CLK OFF
02-18 10:35:38.384 D/io_stats(  634): !@   8,0 r 15330236 401968384 w 5792242 81236928 d 1462708 85469376 f 0 0 iot 6781644 0 th 0 0 0 pt 0 inp 0 0 79519.838
02-18 10:35:38.489 D/vendor.qti.bluetooth@1.0-wake_lock(  948): Release wakelock is released 
02-18 10:35:39.312 D/NetdEventListenerService( 1389): DNS Requested by 337, 10208, 21
02-18 10:35:39.707 I/EPDG -- SIM0 [SMARTCELLULAR]( 3333): onSignalStrengthsChanged: SignalStrength:{mCdma=Invalid,mGsm=Invalid,mWcdma=Invalid,mTdscdma=Invalid,mLte=CellSignalStrengthLte: rssi=-85 rsrp=-110 rsrq=-12 rssnr=-1 cqiTableIndex=2147483647 cqi=2147483647 ta=2147483647 level=2 parametersUseForLevel=0,mNr=Invalid,SignalBarInfo{ lteLevel=2 },rat=14,primary=CellSignalStrengthLte}
02-18 10:35:39.707 I/EPDG -- SIM0 [SMARTCELLULAR]( 3333): lastLteRSRP is -110 currentLteRSRP is -110 lastLteRSRQ is -13 currentLteRSRQ is -12 lastLteSNR is -1 currentLteSNR is -1
02-18 10:35:39.709 D/StatusBarIconController( 2953): ignoring old pipeline callbacks, because the new mobile icons are enabled
02-18 10:35:40.019 I/vendor.qti.bluetooth@1.0-ibs_handler(  948): ProcessIbsCmd: Received IBS_WAKE_IND: 0xFD
02-18 10:35:40.019 D/vendor.qti.bluetooth@1.0-ibs_handler(  948): SerialClockVote: vote for UART CLK ON
02-18 10:35:40.027 D/vendor.qti.bluetooth@1.0-wake_lock(  948): Acquire wakelock is acquired 
02-18 10:35:40.027 I/vendor.qti.bluetooth@1.0-ibs_handler(  948): ProcessIbsCmd: Writing IBS_WAKE_ACK
02-18 10:35:40.039 D/BtGatt.GattService( 3611): onScanResult to scannerId: 8- eventType=0x1, addressType=1, address=XX:XX:XX:XX:E0:D2, primaryPhy=1, secondaryPhy=1, advertisingSid=0x4, txPower=127, rssi=-78, periodicAdvInt=0x0
02-18 10:35:40.040 D/BtGatt.GattService( 3611): onScanResult to scannerId: 2- eventType=0x1b, addressType=1, address=XX:XX:XX:XX:3C:7C, primaryPhy=1, secondaryPhy=0, advertisingSid=0xff, txPower=127, rssi=-81, periodicAdvInt=0x0
02-18 10:35:40.048 I/NearbyDiscovery( 5054): (REDACTED) BloomFilterAdvManager: Detected bloom filter but too far away, ignoring. %sm, %s
02-18 10:35:40.059 D/BtGatt.GattService( 3611): onScanResult to scannerId: 8- eventType=0x10, addressType=1, address=XX:XX:XX:XX:81:3E, primaryPhy=1, secondaryPhy=0, advertisingSid=0xff, txPower=127, rssi=-56, periodicAdvInt=0x0
02-18 10:35:40.097 I/vendor.qti.bluetooth@1.0-ibs_handler(  948): ProcessIbsCmd: Received IBS_SLEEP_IND: 0xFE
02-18 10:35:40.097 D/vendor.qti.bluetooth@1.0-ibs_handler(  948): SerialClockVote: vote for UART CLK OFF
02-18 10:35:40.139 I/vendor.qti.bluetooth@1.0-ibs_handler(  948): ProcessIbsCmd: Received IBS_WAKE_IND: 0xFD
02-18 10:35:40.139 D/vendor.qti.bluetooth@1.0-ibs_handler(  948): SerialClockVote: vote for UART CLK ON
02-18 10:35:40.139 I/vendor.qti.bluetooth@1.0-ibs_handler(  948): ProcessIbsCmd: Writing IBS_WAKE_ACK
02-18 10:35:40.143 D/BtGatt.GattService( 3611): onScanResult to scannerId: 8- eventType=0x1, addressType=1, address=XX:XX:XX:XX:E0:D2, primaryPhy=1, secondaryPhy=1, advertisingSid=0x4, txPower=127, rssi=-80, periodicAdvInt=0x0
02-18 10:35:40.182 I/vendor.qti.bluetooth@1.0-ibs_handler(  948): ProcessIbsCmd: Received IBS_SLEEP_IND: 0xFE
02-18 10:35:40.182 D/vendor.qti.bluetooth@1.0-ibs_handler(  948): SerialClockVote: vote for UART CLK OFF
02-18 10:35:40.320 I/sensors-hal(  964): handle_sns_client_event:229, auto_rotation_event_2: mode:255, type:1:0/0.179,0.596,9.911, ar:0
02-18 10:35:40.332 D/vendor.qti.bluetooth@1.0-wake_lock(  948): Release wakelock is released 
02-18 10:35:40.511 D/SemWifiUsabilityStatsMonitor( 1389): onWifiUsabilityStats - seqNum 4883, isSameBssidAndFreq true
02-18 10:35:40.518 I/SemWifiLinkQualityMonitor( 1389): Link stat: 853 / 8 / 1.03 (32) / 433 / -47.0 || 100.0 : 433.00 / 0.5 : 0.97 / 0.55 : 0.01 / G (G) || 0.09 ms / 87.76 Mbps / N || 0 / N / 0 N / 0 Y
02-18 10:35:41.018 I/SDHMS:C ( 5651): SIOP:: AP:346 BAT:316 USB:0 CHG:416 PA:333 WIFI:334 BLK:0 SUBBAT:0 SKIN:345 LRP:345 LRP2:345 LRF2:331 LRB2:345 AP2:345 CHG2:343 WIFI2:344 SPK2:307 VAP:362 
02-18 10:35:41.634 D/SecPowerUI.Notification( 2953): showChargingNotice oldChargingType : 11 / currentChargingType : 11, oldChargingTime : 4608000 / mChargingTime : 4608000
02-18 10:35:41.634 D/SecPowerUI.Notification( 2953): showChargingNotice User swipe, so return!
02-18 10:35:41.655 D/NetdEventListenerService( 1389): DNS Requested by 337, 10208, 10
02-18 10:35:41.781 I/vendor.qti.bluetooth@1.0-ibs_handler(  948): ProcessIbsCmd: Received IBS_WAKE_IND: 0xFD
02-18 10:35:41.781 D/vendor.qti.bluetooth@1.0-ibs_handler(  948): SerialClockVote: vote for UART CLK ON
02-18 10:35:41.783 D/vendor.qti.bluetooth@1.0-wake_lock(  948): Acquire wakelock is acquired 
