02-18 10:36:52.154 D/SLocation( 1389): FilteredLastLocation - notify all last locations, loc : 2
02-18 10:36:52.155 D/SLocation( 1389): LocationProcessingAlgorithm - entry condition 3 - dist : 145799.27 padding : 0.0, accuracy : 300.0, provider : network, dir : 2
02-18 10:36:52.155 D/SLocation( 1389): LocationProcessingAlgorithm - entry condition 4 - dist : 21113.305 padding : 0.0, accuracy : 300.0, provider : network, dir : 2
02-18 10:36:52.155 D/SLocation( 1389): LocationProcessingAlgorithm - entry condition 6 - dist : 631.9363 padding : 0.0, accuracy : 300.0, provider : network, dir : 2
02-18 10:36:52.155 D/SLocation( 1389): LocationProcessingAlgorithm - entry condition 13 - dist : 145799.27 padding : 0.0, accuracy : 300.0, provider : network, dir : 2
02-18 10:36:52.155 D/SLocation( 1389): LocationProcessingAlgorithm - entry condition 14 - dist : 2176.2974 padding : 0.0, accuracy : 300.0, provider : network, dir : 2
02-18 10:36:52.155 D/SLocation( 1389): ReceiverPairWithWifi - ignore direction of location due to wifi, id =323reason=400
02-18 10:36:52.156 D/SLocation( 1389): ReceiverPairWithWifi - ignore direction of location due to wifi, id =324reason=400
02-18 10:36:52.157 D/SLocation( 1389): ReceiverPairWithWifi - ignore direction of location due to wifi, id =325reason=400
02-18 10:36:52.157 D/SLocation( 1389): ReceiverPairWithWifi - ignore direction of location due to wifi, id =326reason=400
02-18 10:36:52.158 D/SLocation( 1389): ReceiverPairWithWifi - ignore direction of location due to wifi, id =327reason=400
02-18 10:36:52.158 D/SLocation( 1389): ReceiverPairWithWifi - ignore direction of location due to wifi, id =328reason=400
02-18 10:36:52.159 D/SLocation( 1389): ReceiverPairWithWifi - ignore direction of location due to wifi, id =329reason=400
02-18 10:36:52.159 D/SLocation( 1389): ReceiverPairWithWifi - ignore direction of location due to wifi, id =330reason=400
02-18 10:36:52.160 D/SLocation( 1389): ReceiverPairWithWifi - ignore direction of location due to wifi, id =331reason=400
02-18 10:36:52.160 D/SLocation( 1389): ReceiverPairWithWifi - ignore direction of location due to wifi, id =332reason=400
02-18 10:36:52.160 I/ActivityScheduler( 5054): nextTriggerTime: 787081237, in 29303ms, detectorType: 39, FULL_TYPE alarmWindowMillis: 7500
02-18 10:36:52.160 D/SLocation( 1389): ReceiverPairWithWifi - ignore direction of location due to wifi, id =333reason=400
02-18 10:36:52.161 D/SLocation( 1389): ReceiverPairWithWifi - ignore direction of location due to wifi, id =334reason=400
02-18 10:36:52.161 D/SLocation( 1389): ReceiverPairWithWifi - ignore direction of location due to wifi, id =335reason=400
02-18 10:36:52.161 D/SLocation( 1389): ReceiverPairWithWifi - ignore direction of location due to wifi, id =336reason=400
02-18 10:36:52.162 I/Rubin   ( 5178): [2] com.samsung.android.rubin.inferenceengine.contextanalytics.engine.loggers.LocationLogger$b.onLocationChanged(Unknown Source) : Passive location updated
02-18 10:36:52.162 D/SLocation( 1389): ReceiverPairWithWifi - ignore direction of location due to wifi, id =337reason=400
02-18 10:36:52.163 D/SLocation( 1389): ReceiverPairWithWifi - ignore direction of location due to wifi, id =338reason=400
02-18 10:36:52.164 D/SLocation( 1389): ReceiverPairWithWifi - ignore direction of location due to wifi, id =339reason=400
02-18 10:36:52.164 D/SLocation( 1389): ReceiverPairWithWifi - ignore direction of location due to wifi, id =340reason=400
02-18 10:36:52.165 D/SLocation( 1389): ReceiverPairWithWifi - ignore direction of location due to wifi, id =341reason=400
02-18 10:36:52.165 D/SLocation( 1389): ReceiverPairWithWifi - ignore direction of location due to wifi, id =342reason=400
02-18 10:36:52.166 D/SLocation( 1389): ReceiverPairWithWifi - ignore direction of location due to wifi, id =343reason=400
02-18 10:36:52.166 D/SLocation( 1389): ReceiverPairWithWifi - ignore direction of location due to wifi, id =344reason=400
02-18 10:36:52.166 D/SLocation( 1389): ReceiverPairWithWifi - ignore direction of location due to wifi, id =345reason=400
02-18 10:36:52.167 D/SLocation( 1389): ReceiverPairWithWifi - ignore direction of location due to wifi, id =346reason=400
02-18 10:36:52.167 D/SLocation( 1389): ReceiverPairWithWifi - ignore direction of location due to wifi, id =347reason=400
02-18 10:36:52.168 D/SLocation( 1389): ReceiverPairWithWifi - ignore direction of location due to wifi, id =348reason=400
02-18 10:36:52.168 D/SLocation( 1389): ReceiverPairWithWifi - ignore direction of location due to wifi, id =349reason=400
02-18 10:36:52.168 D/SLocation( 1389): ReceiverPairWithWifi - ignore direction of location due to wifi, id =350reason=400
02-18 10:36:52.168 D/SLocation( 1389): ReceiverPairWithWifi - ignore direction of location due to wifi, id =351reason=400
02-18 10:36:52.169 D/SLocation( 1389): ReceiverPairWithWifi - ignore direction of location due to wifi, id =352reason=400
02-18 10:36:52.169 D/SLocation( 1389): ReceiverPairWithWifi - ignore direction of location due to wifi, id =353reason=400
02-18 10:36:52.169 D/SLocation( 1389): ReceiverPairWithWifi - ignore direction of location due to wifi, id =354reason=400
02-18 10:36:52.170 D/SLocation( 1389): ReceiverPairWithWifi - ignore direction of location due to wifi, id =355reason=400
02-18 10:36:52.170 D/SLocation( 1389): ReceiverPairWithWifi - ignore direction of location due to wifi, id =356reason=400
02-18 10:36:52.170 D/SLocation( 1389): ReceiverPairWithWifi - ignore direction of location due to wifi, id =357reason=400
02-18 10:36:52.171 D/SLocation( 1389): ReceiverPairWithWifi - ignore direction of location due to wifi, id =358reason=400
02-18 10:36:52.171 D/SLocation( 1389): ReceiverPairWithWifi - ignore direction of location due to wifi, id =359reason=400
02-18 10:36:52.172 D/SLocation( 1389): ReceiverPairWithWifi - ignore direction of location due to wifi, id =360reason=400
02-18 10:36:52.172 D/SLocation( 1389): ReceiverPairWithWifi - ignore direction of location due to wifi, id =361reason=400
02-18 10:36:52.172 D/SLocation( 1389): ReceiverPairWithWifi - ignore direction of location due to wifi, id =362reason=400
02-18 10:36:52.172 D/SLocation( 1389): ReceiverPairWithWifi - ignore direction of location due to wifi, id =363reason=400
02-18 10:36:52.173 D/SLocation( 1389): ReceiverPairWithWifi - ignore direction of location due to wifi, id =364reason=400
02-18 10:36:52.173 D/SLocation( 1389): ReceiverPairWithWifi - ignore direction of location due to wifi, id =365reason=400
02-18 10:36:52.173 D/SLocation( 1389): ReceiverPairWithWifi - ignore direction of location due to wifi, id =366reason=400
02-18 10:36:52.174 D/SLocation( 1389): ReceiverPairWithWifi - ignore direction of location due to wifi, id =367reason=400
02-18 10:36:52.174 D/SLocation( 1389): ReceiverPairWithWifi - ignore direction of location due to wifi, id =368reason=400
02-18 10:36:52.174 D/SLocation( 1389): ReceiverPairWithWifi - ignore direction of location due to wifi, id =369reason=400
02-18 10:36:52.174 D/SLocation( 1389): ReceiverPairWithWifi - ignore direction of location due to wifi, id =370reason=400
02-18 10:36:52.175 D/SLocation( 1389): ReceiverPairWithWifi - ignore direction of location due to wifi, id =371reason=400
02-18 10:36:52.175 D/SLocation( 1389): ReceiverPairWithWifi - ignore direction of location due to wifi, id =372reason=400
02-18 10:36:52.175 D/SLocation( 1389): ReceiverPairWithWifi - ignore direction of location due to wifi, id =373reason=400
02-18 10:36:52.176 D/SLocation( 1389): ReceiverPairWithWifi - ignore direction of location due to wifi, id =374reason=400
02-18 10:36:52.176 D/SLocation( 1389): ReceiverPairWithWifi - ignore direction of location due to wifi, id =375reason=400
02-18 10:36:52.176 D/SLocation( 1389): ReceiverPairWithWifi - ignore direction of location due to wifi, id =376reason=400
02-18 10:36:52.176 D/SLocation( 1389): ReceiverPairWithWifi - ignore direction of location due to wifi, id =377reason=400
02-18 10:36:52.177 D/SLocation( 1389): ReceiverPairWithWifi - ignore direction of location due to wifi, id =378reason=400
02-18 10:36:52.177 D/SLocation( 1389): ReceiverPairWithWifi - ignore direction of location due to wifi, id =379reason=400
02-18 10:36:52.177 D/SLocation( 1389): ReceiverPairWithWifi - ignore direction of location due to wifi, id =380reason=400
02-18 10:36:52.177 D/SLocation( 1389): ReceiverPairWithWifi - ignore direction of location due to wifi, id =381reason=400
02-18 10:36:52.178 D/SLocation( 1389): ReceiverPairWithWifi - ignore direction of location due to wifi, id =382reason=400
02-18 10:36:52.178 D/SLocation( 1389): ReceiverPairWithWifi - ignore direction of location due to wifi, id =383reason=400
02-18 10:36:52.180 D/vendor.qti.bluetooth@1.0-wake_lock(  948): Release wakelock is released 
02-18 10:36:52.181 D/SLocation( 1389): ReceiverPairWithWifi - ignore direction of location due to wifi, id =384reason=400
02-18 10:36:52.181 D/SLocation( 1389): ReceiverPairWithWifi - ignore direction of location due to wifi, id =385reason=400
02-18 10:36:52.181 D/SLocation( 1389): ReceiverPairWithWifi - ignore direction of location due to wifi, id =386reason=400
02-18 10:36:52.182 D/SLocation( 1389): ReceiverPairWithWifi - ignore direction of location due to wifi, id =387reason=400
02-18 10:36:52.182 D/SLocation( 1389): ReceiverPairWithWifi - ignore direction of location due to wifi, id =388reason=400
02-18 10:36:52.182 D/SLocation( 1389): ReceiverPairWithWifi - ignore direction of location due to wifi, id =389reason=400
02-18 10:36:52.183 D/SLocation( 1389): ReceiverPairWithWifi - ignore direction of location due to wifi, id =390reason=400
02-18 10:36:52.183 D/SLocation( 1389): ReceiverPairWithWifi - ignore direction of location due to wifi, id =391reason=400
02-18 10:36:52.183 D/SLocation( 1389): ReceiverPairWithWifi - ignore direction of location due to wifi, id =392reason=400
02-18 10:36:52.183 D/SLocation( 1389): ReceiverPairWithWifi - ignore direction of location due to wifi, id =393reason=400
02-18 10:36:52.184 D/SLocation( 1389): ReceiverPairWithWifi - ignore direction of location due to wifi, id =394reason=400
02-18 10:36:52.184 D/SLocation( 1389): ReceiverPairWithWifi - ignore direction of location due to wifi, id =395reason=400
02-18 10:36:52.184 D/SLocation( 1389): ReceiverPairWithWifi - ignore direction of location due to wifi, id =396reason=400
02-18 10:36:52.185 D/SLocation( 1389): ReceiverPairWithWifi - ignore direction of location due to wifi, id =397reason=400
02-18 10:36:52.185 D/SLocation( 1389): ReceiverPairWithWifi - ignore direction of location due to wifi, id =398reason=400
02-18 10:36:52.185 D/SLocation( 1389): ReceiverPairWithWifi - ignore direction of location due to wifi, id =399reason=400
02-18 10:36:52.185 D/SLocation( 1389): ReceiverPairWithWifi - ignore direction of location due to wifi, id =400reason=400
02-18 10:36:52.185 D/SLocation( 1389): ReceiverPairWithWifi - ignore direction of location due to wifi, id =401reason=400
02-18 10:36:52.186 D/SLocation( 1389): ReceiverPairWithWifi - ignore direction of location due to wifi, id =402reason=400
02-18 10:36:52.186 D/SLocation( 1389): ReceiverPairWithWifi - ignore direction of location due to wifi, id =403reason=400
02-18 10:36:52.186 D/SLocation( 1389): ReceiverPairWithWifi - ignore direction of location due to wifi, id =404reason=400
02-18 10:36:52.187 D/SLocation( 1389): ReceiverPairWithWifi - ignore direction of location due to wifi, id =405reason=400
02-18 10:36:52.187 D/SLocation( 1389): ReceiverPairWithWifi - ignore direction of location due to wifi, id =406reason=400
02-18 10:36:52.188 D/SLocation( 1389): ReceiverPairWithWifi - ignore direction of location due to wifi, id =407reason=400
02-18 10:36:52.188 D/SLocation( 1389): ReceiverPairWithWifi - ignore direction of location due to wifi, id =408reason=400
02-18 10:36:52.188 D/SLocation( 1389): ReceiverPairWithWifi - ignore direction of location due to wifi, id =409reason=400
02-18 10:36:52.188 D/SLocation( 1389): ReceiverPairWithWifi - ignore direction of location due to wifi, id =410reason=400
02-18 10:36:52.188 D/SLocation( 1389): ReceiverPairWithWifi - ignore direction of location due to wifi, id =411reason=400
02-18 10:36:52.188 D/SLocation( 1389): ReceiverPairWithWifi - ignore direction of location due to wifi, id =412reason=400
02-18 10:36:52.188 D/SLocation( 1389): ReceiverPairWithWifi - ignore direction of location due to wifi, id =413reason=400
02-18 10:36:52.189 D/SLocation( 1389): ReceiverPairWithWifi - ignore direction of location due to wifi, id =414reason=400
02-18 10:36:52.189 D/SLocation( 1389): ReceiverPairWithWifi - ignore direction of location due to wifi, id =415reason=400
02-18 10:36:52.189 D/SLocation( 1389): ReceiverPairWithWifi - ignore direction of location due to wifi, id =416reason=400
02-18 10:36:52.189 D/SLocation( 1389): ReceiverPairWithWifi - ignore direction of location due to wifi, id =417reason=400
02-18 10:36:52.189 D/SLocation( 1389): ReceiverPairWithWifi - ignore direction of location due to wifi, id =418reason=400
02-18 10:36:52.189 D/SLocation( 1389): ReceiverPairWithWifi - ignore direction of location due to wifi, id =419reason=400
02-18 10:36:52.189 D/SLocation( 1389): ReceiverPairWithWifi - ignore direction of location due to wifi, id =420reason=400
02-18 10:36:52.190 D/SLocation( 1389): ReceiverPairWithWifi - ignore direction of location due to wifi, id =421reason=400
02-18 10:36:52.190 D/SLocation( 1389): ReceiverPairWithWifi - ignore direction of location due to wifi, id =422reason=400
02-18 10:36:52.190 D/SLocation( 1389): ReceiverPairWithWifi - ignore direction of location due to wifi, id =423reason=400
02-18 10:36:52.190 D/SLocation( 1389): LocationProcessingAlgorithm - entry condition 427 - dist : 1932.1725 padding : 0.0, accuracy : 300.0, provider : network, dir : 2
02-18 10:36:52.190 D/SLocation( 1389): LocationProcessingAlgorithm - entry condition 428 - dist : 1928.8826 padding : 0.0, accuracy : 300.0, provider : network, dir : 2
02-18 10:36:52.192 D/SLocation( 1389): PositionManager - onLocationChanged - filter passive location because it same active location
02-18 10:36:52.195 I/LocSvc_api_v02(  955): ---> locClientSendReq line 2409 QMI_LOC_INJECT_POSITION_REQ_V02
02-18 10:36:52.197 I/LocSvc_ApiV02(  955): <--- globalRespCb line 300 QMI_LOC_INJECT_POSITION_REQ_V02
02-18 10:36:52.283 D/SecPowerUI.Notification( 2953): showChargingNotice oldChargingType : 11 / currentChargingType : 11, oldChargingTime : 4536000 / mChargingTime : 4536000
02-18 10:36:52.283 D/SecPowerUI.Notification( 2953): showChargingNotice User swipe, so return!
02-18 10:36:52.321 W/DeviceStorageMonitorService( 1389): updateBroadcasts(/data) oldLevel:0, newLevel:0, seq:1
02-18 10:36:52.324 D/DeviceStorageMonitorService( 1389): Available File Node Number is [13284650]
02-18 10:36:52.324 W/DeviceStorageMonitorService( 1389): updateBroadcasts_filenode(/data) fn_oldLevel:0, fn_newLevel:0, seq:1
02-18 10:36:52.452 D/io_stats(  634): !@   8,0 r 15332129 402007480 w 5792598 81247164 d 1462837 85470644 f 0 0 iot 6782852 0 th 0 0 0 pt 0 inp 0 0 79593.906
02-18 10:36:52.644 D/SLocation( 1389): WifiBssidMonitor - requestRefresh
02-18 10:36:52.648 W/SLocation( 1389): WifiBssidMonitor - connected wifi : (**:**:28:f*:**/917)
02-18 10:36:52.691 I/NearbyMediums( 5054): Found Fast Ble Advertisements :
02-18 10:36:52.691 I/NearbyMediums( 5054): BleAdvertisement { version=2, socketVersion=2, isFast=true, serviceIdHash=null, data=[ 0x23 0x48 0x31 0x52 0x32 0x11 0x32 0x34 0x46 0x67 0x00 0xa2 0x5c 0xd5 0x69 0x74 0x71 0x60 0x28 0x0a 0x8b 0xf5 0x93 ], deviceToken=[ 0xf2 0x2e ], rxAdvertisement=null } : 1 times.
02-18 10:36:52.691 I/NearbyMediums( 5054): BleAdvertisement { version=2, socketVersion=2, isFast=true, serviceIdHash=null, data=[ 0x23 0x46 0x41 0x35 0x43 0x11 0x32 0x7a 0xe2 0x7a 0x66 0x04 0xa2 0x0b 0x98 0x5b 0xee 0x95 0x2e 0x56 0x35 0x52 0x16 ], deviceToken=[ 0x2e 0xad ], rxAdvertisement=null } : 3 times.
02-18 10:36:52.691 I/NearbyMediums( 5054): Total 4 fast advertisements from 2 unique advertisers.
02-18 10:36:52.691 I/NearbyMediums( 5054): Found BLE GATT Advertisements :
02-18 10:36:52.691 I/NearbyMediums( 5054): BleAdvertisement { version=2, socketVersion=2, isFast=false, serviceIdHash=[ 0xfc 0x9f 0x5e ], data=[ 0x23 0xfc 0x9f 0x5e 0x53 0x52 0x33 0x51 0x17 0x06 0x27 0x16 0xa4 0x27 0xba 0xf4 0x7d 0x95 0x7f 0xa7 0x04 0x17 0x42 0x93 0x4c 0x23 0x05 0x4e 0x65 0x74 0x68 0x61 0x50 0xeb 0x71 0x31 0xdc 0xd2 0x00 0x00 ], deviceToken=[ 0x65 0xc0 ], rxAdvertisement=null } : 5 times.
02-18 10:36:52.691 I/NearbyMediums( 5054): Total 5 GATT advertisements from 1 unique advertisers.
02-18 10:36:52.691 I/NearbyMediums( 5054): Current Tracked Scanning Clients are : {NearbyConnections.EnvironmentMonitor, NearbySharing, NearbyConnections.TxAdvertisement}
02-18 10:36:52.695 I/NearbyConnections( 5054): Processing lost BlePeripheral BlePeripheral{advertisement=BleAdvertisement { version=2, socketVersion=2, isFast=true, serviceIdHash=null, data=[ 0x23 0x44 0x43 0x59 0x39 0x11 0x32 0xac 0xa2 0xda 0x2a 0x53 0xcd 0x76 0xe4 0x20 0x7f 0xed 0x41 0xf5 0xbe 0x6b 0xe5 ], deviceToken=[ 0x34 0xe4 ], rxAdvertisement=null }, dctAdvertisement=null, address=null, psm=0, deviceToken=<ByteString@d287c08 size=2 contents="4\344">, isSecondProfile=false, rxInstantConnectionAdv=null}.
02-18 10:36:52.695 I/NearbyConnections( 5054): Lost BleEndpoint for BlePeripheral BlePeripheral{advertisement=BleAdvertisement { version=2, socketVersion=2, isFast=true, serviceIdHash=null, data=[ 0x23 0x44 0x43 0x59 0x39 0x11 0x32 0xac 0xa2 0xda 0x2a 0x53 0xcd 0x76 0xe4 0x20 0x7f 0xed 0x41 0xf5 0xbe 0x6b 0xe5 ], deviceToken=[ 0x34 0xe4 ], rxAdvertisement=null }, dctAdvertisement=null, address=null, psm=0, deviceToken=<ByteString@d287c08 size=2 contents="4\344">, isSecondProfile=false, rxInstantConnectionAdv=null} (with EndpointId DCY9 and EndpointInfo [ 0x32 0xac 0xa2 0xda 0x2a 0x53 0xcd 0x76 0xe4 0x20 0x7f 0xed 0x41 0xf5 0xbe 0x6b 0xe5 ]).
02-18 10:36:52.698 I/NearbyConnections( 5054): ClientProxy(237473778) reporting onEndpointLost(DCY9)
02-18 10:36:52.699 I/NearbyConnections( 5054): Processing lost BlePeripheral BlePeripheral{advertisement=BleAdvertisement { version=2, socketVersion=2, isFast=false, serviceIdHash=[ 0xfc 0x9f 0x5e ], data=[ 0x23 0xfc 0x9f 0x5e 0x53 0x52 0x33 0x51 0x17 0x06 0x63 0x2a 0xcc 0x19 0xa8 0xe5 0xed 0x26 0x0d 0x44 0xa9 0xc2 0x0a 0x8b 0x2b 0x38 0x05 0x4e 0x65 0x74 0x68 0x61 0x50 0xeb 0x71 0x31 0xdc 0xd2 0x00 0x00 ], deviceToken=[ 0xde 0x8a ], rxAdvertisement=null }, dctAdvertisement=null, address=null, psm=0, deviceToken=<ByteString@6376fa1 size=2 contents="\336\212">, isSecondProfile=false, rxInstantConnectionAdv=null}.
02-18 10:36:52.701 I/NearbySharing( 5054): NearbySharing Internal event EndpointLost(endpointId=DCY9)
02-18 10:36:52.827 D/NetdEventListenerService( 1389): DNS Requested by 337, 10208, 12
02-18 10:36:53.310 D/SemWifiUsabilityStatsMonitor( 1389): onWifiUsabilityStats - seqNum 4907, isSameBssidAndFreq true
02-18 10:36:53.317 D/StatusBarIconController( 2953): ignoring old pipeline callback because the new wifi icon is enabled
02-18 10:36:53.331 I/VSyncReactor( 1156): Current= 60, Period= 60, hwcPeriod= 60
02-18 10:36:53.416 I/EPDG -- SIM0 [SMARTCELLULAR]( 3333): onSignalStrengthsChanged: SignalStrength:{mCdma=Invalid,mGsm=Invalid,mWcdma=Invalid,mTdscdma=Invalid,mLte=CellSignalStrengthLte: rssi=-83 rsrp=-107 rsrq=-10 rssnr=1 cqiTableIndex=2147483647 cqi=2147483647 ta=2147483647 level=3 parametersUseForLevel=0,mNr=Invalid,SignalBarInfo{ lteLevel=3 },rat=14,primary=CellSignalStrengthLte}
02-18 10:36:53.417 I/EPDG -- SIM0 [SMARTCELLULAR]( 3333): lastLteRSRP is -106 currentLteRSRP is -107 lastLteRSRQ is -12 currentLteRSRQ is -10 lastLteSNR is 0 currentLteSNR is 1
02-18 10:36:53.424 D/StatusBarIconController( 2953): ignoring old pipeline callbacks, because the new mobile icons are enabled
02-18 10:36:53.595 I/vendor.qti.bluetooth@1.0-ibs_handler(  948): ProcessIbsCmd: Received IBS_WAKE_IND: 0xFD
02-18 10:36:53.595 D/vendor.qti.bluetooth@1.0-ibs_handler(  948): SerialClockVote: vote for UART CLK ON
02-18 10:36:53.598 D/vendor.qti.bluetooth@1.0-wake_lock(  948): Acquire wakelock is acquired 
02-18 10:36:53.598 I/vendor.qti.bluetooth@1.0-ibs_handler(  948): ProcessIbsCmd: Writing IBS_WAKE_ACK
02-18 10:36:53.613 D/BtGatt.GattService( 3611): onScanResult to scannerId: 2- eventType=0x1b, addressType=1, address=XX:XX:XX:XX:3C:7C, primaryPhy=1, secondaryPhy=0, advertisingSid=0xff, txPower=127, rssi=-78, periodicAdvInt=0x0
02-18 10:36:53.622 I/NearbyDiscovery( 5054): (REDACTED) BloomFilterAdvManager: Detected bloom filter but too far away, ignoring. %sm, %s
02-18 10:36:53.624 D/BtGatt.GattService( 3611): onScanResult to scannerId: 8- eventType=0x1, addressType=1, address=XX:XX:XX:XX:9E:38, primaryPhy=1, secondaryPhy=1, advertisingSid=0x4, txPower=127, rssi=-78, periodicAdvInt=0x0
02-18 10:36:53.639 D/BtGatt.GattService( 3611): onScanResult to scannerId: 2- eventType=0x1b, addressType=1, address=XX:XX:XX:XX:7B:D6, primaryPhy=1, secondaryPhy=0, advertisingSid=0xff, txPower=127, rssi=-79, periodicAdvInt=0x0
02-18 10:36:53.646 I/NearbyDiscovery( 5054): (REDACTED) BloomFilterAdvManager: Detected bloom filter but too far away, ignoring. %sm, %s
02-18 10:36:53.667 D/BtGatt.GattService( 3611): onScanResult to scannerId: 8- eventType=0x0, addressType=1, address=XX:XX:XX:XX:C3:D3, primaryPhy=1, secondaryPhy=1, advertisingSid=0x2, txPower=127, rssi=-80, periodicAdvInt=0x0
02-18 10:36:53.704 I/vendor.qti.bluetooth@1.0-ibs_handler(  948): ProcessIbsCmd: Received IBS_SLEEP_IND: 0xFE
02-18 10:36:53.704 D/vendor.qti.bluetooth@1.0-ibs_handler(  948): SerialClockVote: vote for UART CLK OFF
02-18 10:36:53.715 I/vendor.qti.bluetooth@1.0-ibs_handler(  948): ProcessIbsCmd: Received IBS_WAKE_IND: 0xFD
02-18 10:36:53.715 D/vendor.qti.bluetooth@1.0-ibs_handler(  948): SerialClockVote: vote for UART CLK ON
02-18 10:36:53.715 I/vendor.qti.bluetooth@1.0-ibs_handler(  948): ProcessIbsCmd: Writing IBS_WAKE_ACK
02-18 10:36:53.758 I/vendor.qti.bluetooth@1.0-ibs_handler(  948): ProcessIbsCmd: Received IBS_SLEEP_IND: 0xFE
02-18 10:36:53.758 D/vendor.qti.bluetooth@1.0-ibs_handler(  948): SerialClockVote: vote for UART CLK OFF
02-18 10:36:53.909 D/vendor.qti.bluetooth@1.0-wake_lock(  948): Release wakelock is released 
02-18 10:36:54.453 D/io_stats(  634): !@   8,0 r 15332129 402007480 w 5792603 81247504 d 1462837 85470644 f 0 0 iot 6782868 0 th 0 0 0 pt 0 inp 0 0 79595.907
02-18 10:36:54.479 I/sensors-hal(  964): handle_sns_client_event:229, auto_rotation_event_2: mode:255, type:1:0/0.191,0.591,9.913, ar:0
02-18 10:36:55.519 I/wpa_supplicant(18922): Heartbeat 16027
02-18 10:36:55.601 I/vendor.qti.bluetooth@1.0-ibs_handler(  948): ProcessIbsCmd: Received IBS_WAKE_IND: 0xFD
02-18 10:36:55.601 D/vendor.qti.bluetooth@1.0-ibs_handler(  948): SerialClockVote: vote for UART CLK ON
02-18 10:36:55.604 D/vendor.qti.bluetooth@1.0-wake_lock(  948): Acquire wakelock is acquired 
02-18 10:36:55.604 I/vendor.qti.bluetooth@1.0-ibs_handler(  948): ProcessIbsCmd: Writing IBS_WAKE_ACK
02-18 10:36:55.616 D/BtGatt.GattService( 3611): onScanResult to scannerId: 2- eventType=0x1b, addressType=1, address=XX:XX:XX:XX:3C:7C, primaryPhy=1, secondaryPhy=0, advertisingSid=0xff, txPower=127, rssi=-78, periodicAdvInt=0x0
02-18 10:36:55.619 D/BtGatt.GattService( 3611): onScanResult to scannerId: 8- eventType=0x10, addressType=1, address=XX:XX:XX:XX:93:89, primaryPhy=1, secondaryPhy=0, advertisingSid=0xff, txPower=127, rssi=-95, periodicAdvInt=0x0
02-18 10:36:55.624 D/BtGatt.GattService( 3611): onScanResult to scannerId: 8- eventType=0x1, addressType=1, address=XX:XX:XX:XX:9E:38, primaryPhy=1, secondaryPhy=1, advertisingSid=0x4, txPower=127, rssi=-86, periodicAdvInt=0x0
02-18 10:36:55.625 I/NearbyDiscovery( 5054): (REDACTED) BloomFilterAdvManager: Detected bloom filter but too far away, ignoring. %sm, %s
02-18 10:36:55.631 D/BtGatt.GattService( 3611): onScanResult to scannerId: 2- eventType=0x1b, addressType=1, address=XX:XX:XX:XX:7B:D6, primaryPhy=1, secondaryPhy=0, advertisingSid=0xff, txPower=127, rssi=-88, periodicAdvInt=0x0
02-18 10:36:55.639 I/NearbyDiscovery( 5054): (REDACTED) BloomFilterAdvManager: Detected bloom filter but too far away, ignoring. %sm, %s
02-18 10:36:55.669 I/vendor.qti.bluetooth@1.0-ibs_handler(  948): ProcessIbsCmd: Received IBS_SLEEP_IND: 0xFE
02-18 10:36:55.669 D/vendor.qti.bluetooth@1.0-ibs_handler(  948): SerialClockVote: vote for UART CLK OFF
02-18 10:36:55.820 D/vendor.qti.bluetooth@1.0-wake_lock(  948): Release wakelock is released 
02-18 10:36:56.347 D/SemWifiUsabilityStatsMonitor( 1389): onWifiUsabilityStats - seqNum 4908, isSameBssidAndFreq true
02-18 10:36:56.356 D/StatusBarIconController( 2953): ignoring old pipeline callback because the new wifi icon is enabled
02-18 10:36:56.371 I/VSyncReactor( 1156): Current= 60, Period= 60, hwcPeriod= 60
02-18 10:36:56.458 I/EPDG -- SIM0 [SMARTCELLULAR]( 3333): onSignalStrengthsChanged: SignalStrength:{mCdma=Invalid,mGsm=Invalid,mWcdma=Invalid,mTdscdma=Invalid,mLte=CellSignalStrengthLte: rssi=-83 rsrp=-107 rsrq=-11 rssnr=1 cqiTableIndex=2147483647 cqi=2147483647 ta=2147483647 level=3 parametersUseForLevel=0,mNr=Invalid,SignalBarInfo{ lteLevel=3 },rat=14,primary=CellSignalStrengthLte}
02-18 10:36:56.459 I/EPDG -- SIM0 [SMARTCELLULAR]( 3333): lastLteRSRP is -107 currentLteRSRP is -107 lastLteRSRQ is -10 currentLteRSRQ is -11 lastLteSNR is 1 currentLteSNR is 1
02-18 10:36:56.467 D/StatusBarIconController( 2953): ignoring old pipeline callbacks, because the new mobile icons are enabled
02-18 10:36:57.309 I/android.hardware.health@2.1-service-samsung(  956): updateLrpSysfs: write: 343
02-18 10:36:57.312 D/BatteryService( 1389): Sending ACTION_BATTERY_CHANGED: level:47, status:2, health:2, remain:4528, ac:false, usb:true, wireless:false, pogo:false, misc:0x10000, charge_type:1, charger_type:0, voltage:3944, temperature:320, online:4, charging_status:0, cycle_count:0, current_avg:1687, ps:false, hvc:false, capacity:280000, current_event:0x8000, current_now:1636, mcc:0, mcv:0, cc:2370000, present:true, scale:100, technology:Li-ion
02-18 10:36:57.319 I/DeviceBatteryInfoService( 1389): action: android.intent.action.BATTERY_CHANGED
02-18 10:36:57.319 I/DeviceBatteryInfoService( 1389): phone battery level: 47
02-18 10:36:57.319 I/DeviceBatteryInfoService( 1389): phone battery status: 2
02-18 10:36:57.327 I/vendor.qti.bluetooth@1.0-ibs_handler(  948): ProcessIbsCmd: Received IBS_WAKE_IND: 0xFD
02-18 10:36:57.327 D/vendor.qti.bluetooth@1.0-ibs_handler(  948): SerialClockVote: vote for UART CLK ON
02-18 10:36:57.329 D/vendor.qti.bluetooth@1.0-wake_lock(  948): Acquire wakelock is acquired 
02-18 10:36:57.329 I/vendor.qti.bluetooth@1.0-ibs_handler(  948): ProcessIbsCmd: Writing IBS_WAKE_ACK
02-18 10:36:57.333 D/MotionRecognitionService( 1389): [SAR]  onReceive : ACTION_BATTERY_CHANGED, Plugged: 2
02-18 10:36:57.342 D/BtGatt.GattService( 3611): onScanResult to scannerId: 2- eventType=0x1b, addressType=1, address=XX:XX:XX:XX:3C:7C, primaryPhy=1, secondaryPhy=0, advertisingSid=0xff, txPower=127, rssi=-82, periodicAdvInt=0x0
02-18 10:36:57.342 I/AODBatteryManager( 2953): updateBatteryData: ACTION_BATTERY_CHANGED
02-18 10:36:57.344 D/BtGatt.GattService( 3611): onScanResult to scannerId: 8- eventType=0x1, addressType=1, address=XX:XX:XX:XX:9E:38, primaryPhy=1, secondaryPhy=1, advertisingSid=0x4, txPower=127, rssi=-78, periodicAdvInt=0x0
02-18 10:36:57.345 I/AODBatteryManager( 2953): saveBatteryData : AOD BatteryData [mBatteryLevel=47, mBatteryStatus=CHARGING, mBatteryPlugType=USB, mBatteryPlugged=true, mRemainingChargeTime=4528000, mBatteryChargingType=1, mBatteryChargerType=NORMAL, mBatteryOnline=USB, mBatterySwellingMode=NONE, mBatteryProtectMode=false, mBatteryProtectModeType=1, mSleepChargingEvent=null, mSleepChargingEventFinishTime=null]
02-18 10:36:57.345 I/ChargingInfoManager( 2953): updateChargingInfo: newState = AOD ChargingInfo [mState=BATTERY_AND_REMAIN_TIME, mIsCharging=true, mIsFullyCharged=false, mIsBatteryProtectMode=false, mBetteryLevel=47, mBetteryProtectModeType0], oldState = AOD ChargingInfo [mState=BATTERY_AND_REMAIN_TIME, mIsCharging=true, mIsFullyCharged=false, mIsBatteryProtectMode=false, mBetteryLevel=47, mBetteryProtectModeType0]
02-18 10:36:57.346 D/SamsungBatteryMeterDrawable( 2953): onBatteryLevelChanged isSomethingChanged: false
02-18 10:36:57.347 D/SamsungBatteryMeterDrawable( 2953): onBatteryLevelChanged isSomethingChanged: false
02-18 10:36:57.348 D/SemBigDataInfoController( 3241): Intent: android.intent.action.BATTERY_CHANGED
02-18 10:36:57.348 D/SemBigDataInfoController( 3241): Intent: android.intent.action.BATTERY_CHANGED
02-18 10:36:57.351 D/SamsungBatteryMeterDrawable( 2953): onBatteryLevelChanged isSomethingChanged: false
02-18 10:36:57.352 I/PowerUI ( 2953): mBootCompleted = true |  mFullyConnected = true
02-18 10:36:57.352 I/PowerUI ( 2953): BATTERY_HEALTH_CHECK extraHealth=2 mBatteryMiscEvent=65536
02-18 10:36:57.352 W/PowerUI ( 2953): Plug reason
02-18 10:36:57.352 W/PowerUI ( 2953): Skip charging animation - by plug status
02-18 10:36:57.352 D/PowerUI ( 2953): priorPlugType = 2 mPlugType = 2 priorBatteryStatus = 2 mBatteryStatus = 2
02-18 10:36:57.352 W/PowerUI ( 2953): Plug reason
02-18 10:36:57.352 W/PowerUI ( 2953): Skip charging sound - by plug status
02-18 10:36:57.352 D/BtGatt.GattService( 3611): onScanResult to scannerId: 8- eventType=0x1b, addressType=1, address=XX:XX:XX:XX:BE:23, primaryPhy=1, secondaryPhy=0, advertisingSid=0xff, txPower=127, rssi=-87, periodicAdvInt=0x0
02-18 10:36:57.353 I/PowerUI ( 2953): oldMisalign : false, curMisalign : false
02-18 10:36:57.353 I/[SCPMV2][SystemMonitorReceiver](16935): onReceive: android.intent.action.BATTERY_CHANGED
02-18 10:36:57.353 D/SecPowerUI.Notification( 2953): dismissing low battery warning: level=47
02-18 10:36:57.354 D/SecPowerUI.Notification( 2953): updateNotification mWarning=false mPlaySound=false
02-18 10:36:57.354 D/BtGatt.GattService( 3611): onScanResult to scannerId: 2- eventType=0x1b, addressType=1, address=XX:XX:XX:XX:7B:D6, primaryPhy=1, secondaryPhy=0, advertisingSid=0xff, txPower=127, rssi=-80, periodicAdvInt=0x0
02-18 10:36:57.354 D/SecPowerUI.Notification( 2953): SecBatteryStatsSnapshot{batteryLevel=47, currentBatteryMode=0, chargingTime=4536000, chargingType=11, batteryHealth=2, automaticTestMode=false, isHiccupState=false, optChargingFinishTime=}
02-18 10:36:57.354 D/SecPowerUI.Notification( 2953): showChargingNotice oldChargingType : 11 / currentChargingType : 11, oldChargingTime : 4536000 / mChargingTime : 4528000
02-18 10:36:57.354 D/SecPowerUI.Notification( 2953): showChargingNotice User swipe, so return!
02-18 10:36:57.355 D/PowerUI ( 2953): Battery swelling mode - priorBatterySwellingMode = 0 mBatterySwellingMode = 0 mBatteryStatus = 2
02-18 10:36:57.355 I/PowerUI ( 2953): mBatteryMiscEvent = 65536
02-18 10:36:57.355 I/PowerUI ( 2953): checkRestoreProtectBattery pb value : 0, Scheduling start ? : false
02-18 10:36:57.355 I/PowerUI ( 2953): Clear time
02-18 10:36:57.356 D/SecPowerUI.Notification( 2953): 1. restoreScreenTimeOut - saved_value : :
02-18 10:36:57.356 E/SecPowerUI.Notification( 2953): no saved value, so we do nothing !!
02-18 10:36:57.356 D/KNOX_MDM_SettingsProvider( 1389): isChangeAllowed() : name = ltc_highsoc_exceed_time
02-18 10:36:57.357 D/KNOX_MDM_SettingsProvider( 1389): edmUri: content://com.sec.knox.provider/RestrictionPolicy3
02-18 10:36:57.357 D/KNOX_MDM_SettingsProvider( 1389): projectionArgs: isSettingsChangesAllowed
02-18 10:36:57.357 D/KNOX_MDM_SettingsProvider( 1389): selectionArgs: false
02-18 10:36:57.357 D/KNOX_MDM_SettingsProvider( 1389): selectionArgs: 10046
02-18 10:36:57.357 D/SecContentProvider( 1389): query(), uri = 17 selection = isSettingsChangesAllowed
02-18 10:36:57.357 D/SecContentProvider( 1389): called from android.uid.systemui:10046
02-18 10:36:57.357 D/RestrictionPolicy( 1389): isSettingsChangesAllowedAsUser, userId 0 : true
02-18 10:36:57.358 D/KNOX_MDM_SettingsProvider( 1389): ret = 1
02-18 10:36:57.360 I/PowerUI ( 2953): checkBatteryProtectionNotification : 2, pb value : 0, plugType : 2, level : 47
02-18 10:36:57.360 D/SecPowerUI.Notification( 2953): SecBatteryStatsSnapshot{batteryLevel=47, currentBatteryMode=0, chargingTime=4528000, chargingType=11, batteryHealth=2, automaticTestMode=false, isHiccupState=false, optChargingFinishTime=}
02-18 10:36:57.362 I/NearbyDiscovery( 5054): (REDACTED) BloomFilterAdvManager: Detected bloom filter but too far away, ignoring. %sm, %s
02-18 10:36:57.363 D/KeyguardUpdateMonitor( 2953): handleBatteryUpdate
02-18 10:36:57.366 I/NearbyDiscovery( 5054): (REDACTED) BloomFilterAdvManager: Detected bloom filter but too far away, ignoring. %sm, %s
02-18 10:36:57.369 D/KeyguardSecIndicationController( 2953): addIndicationTimeout() returned - unlocking
02-18 10:36:57.369 D/KeyguardSecIndicationController( 2953): addIndication() returned - unlocking
02-18 10:36:57.369 D/KeyguardSecIndicationPolicy( 2953):  remove Item pos = DEFAULT, type =     TRUST_AGENT_HELP
02-18 10:36:57.370 D/KeyguardSecIndicationController( 2953): addUsbRestriction false/isSecure=true
02-18 10:36:57.370 D/KeyguardSecIndicationPolicy( 2953):  remove Item pos = DEFAULT, type =      USB_RESTRICTION
02-18 10:36:57.370 D/KeyguardSecIndicationController( 2953): addBatteryAndOwnerInfoIndication() battery status = BatteryStatus{status=2,level=47,plugged=2,chargingStatus=0,maxChargingWattage=-1,remaining=4528000ultraFastCharger=0}
02-18 10:36:57.378 I/vendor.qti.bluetooth@1.0-ibs_handler(  948): ProcessIbsCmd: Received IBS_SLEEP_IND: 0xFE
02-18 10:36:57.378 D/vendor.qti.bluetooth@1.0-ibs_handler(  948): SerialClockVote: vote for UART CLK OFF
02-18 10:36:57.428 I/vendor.qti.bluetooth@1.0-ibs_handler(  948): ProcessIbsCmd: Received IBS_WAKE_IND: 0xFD
02-18 10:36:57.428 D/vendor.qti.bluetooth@1.0-ibs_handler(  948): SerialClockVote: vote for UART CLK ON
02-18 10:36:57.428 I/vendor.qti.bluetooth@1.0-ibs_handler(  948): ProcessIbsCmd: Writing IBS_WAKE_ACK
02-18 10:36:57.470 I/vendor.qti.bluetooth@1.0-ibs_handler(  948): ProcessIbsCmd: Received IBS_SLEEP_IND: 0xFE
02-18 10:36:57.471 D/vendor.qti.bluetooth@1.0-ibs_handler(  948): SerialClockVote: vote for UART CLK OFF
02-18 10:36:57.621 D/vendor.qti.bluetooth@1.0-wake_lock(  948): Release wakelock is released 
02-18 10:36:58.455 D/io_stats(  634): !@   8,0 r 15332129 402007480 w 5792606 81248276 d 1462837 85470644 f 0 0 iot 6782900 0 th 0 0 0 pt 0 inp 0 0 79599.908
02-18 10:36:59.193 I/vendor.qti.bluetooth@1.0-ibs_handler(  948): ProcessIbsCmd: Received IBS_WAKE_IND: 0xFD
02-18 10:36:59.193 D/vendor.qti.bluetooth@1.0-ibs_handler(  948): SerialClockVote: vote for UART CLK ON
02-18 10:36:59.196 D/vendor.qti.bluetooth@1.0-wake_lock(  948): Acquire wakelock is acquired 
02-18 10:36:59.196 I/vendor.qti.bluetooth@1.0-ibs_handler(  948): ProcessIbsCmd: Writing IBS_WAKE_ACK
02-18 10:36:59.236 D/BtGatt.GattService( 3611): onScanResult to scannerId: 8- eventType=0x0, addressType=1, address=XX:XX:XX:XX:C3:D3, primaryPhy=1, secondaryPhy=1, advertisingSid=0x2, txPower=127, rssi=-85, periodicAdvInt=0x0
02-18 10:36:59.272 I/vendor.qti.bluetooth@1.0-ibs_handler(  948): ProcessIbsCmd: Received IBS_SLEEP_IND: 0xFE
02-18 10:36:59.272 D/vendor.qti.bluetooth@1.0-ibs_handler(  948): SerialClockVote: vote for UART CLK OFF
02-18 10:36:59.281 I/vendor.qti.bluetooth@1.0-ibs_handler(  948): ProcessIbsCmd: Received IBS_WAKE_IND: 0xFD
02-18 10:36:59.281 D/vendor.qti.bluetooth@1.0-ibs_handler(  948): SerialClockVote: vote for UART CLK ON
02-18 10:36:59.281 I/vendor.qti.bluetooth@1.0-ibs_handler(  948): ProcessIbsCmd: Writing IBS_WAKE_ACK
02-18 10:36:59.290 D/BtGatt.GattService( 3611): onScanResult to scannerId: 8- eventType=0x1b, addressType=1, address=XX:XX:XX:XX:BE:23, primaryPhy=1, secondaryPhy=0, advertisingSid=0xff, txPower=127, rssi=-85, periodicAdvInt=0x0
02-18 10:36:59.307 D/BtGatt.GattService( 3611): onScanResult to scannerId: 2- eventType=0x1b, addressType=1, address=XX:XX:XX:XX:3C:7C, primaryPhy=1, secondaryPhy=0, advertisingSid=0xff, txPower=127, rssi=-80, periodicAdvInt=0x0
02-18 10:36:59.314 I/NearbyDiscovery( 5054): (REDACTED) BloomFilterAdvManager: Detected bloom filter but too far away, ignoring. %sm, %s
02-18 10:36:59.321 D/BtGatt.GattService( 3611): onScanResult to scannerId: 8- eventType=0x1, addressType=1, address=XX:XX:XX:XX:9E:38, primaryPhy=1, secondaryPhy=1, advertisingSid=0x4, txPower=127, rssi=-81, periodicAdvInt=0x0
02-18 10:36:59.358 I/vendor.qti.bluetooth@1.0-ibs_handler(  948): ProcessIbsCmd: Received IBS_SLEEP_IND: 0xFE
02-18 10:36:59.358 D/vendor.qti.bluetooth@1.0-ibs_handler(  948): SerialClockVote: vote for UART CLK OFF
02-18 10:36:59.394 D/SemWifiUsabilityStatsMonitor( 1389): onWifiUsabilityStats - seqNum 4909, isSameBssidAndFreq true
02-18 10:36:59.402 D/StatusBarIconController( 2953): ignoring old pipeline callback because the new wifi icon is enabled
02-18 10:36:59.412 I/VSyncReactor( 1156): Current= 60, Period= 60, hwcPeriod= 60
02-18 10:36:59.509 D/vendor.qti.bluetooth@1.0-wake_lock(  948): Release wakelock is released 
02-18 10:37:00.007 D/QSClockBellTower( 2953): onReceive(android.intent.action.TIME_TICK) mTimeZoneString:Asia/Kolkata
02-18 10:37:00.011 D/QSClockBellTower( 2953): He is ready to ring the bell. (((QSClockBellSound - TimeText:10:37, TimeContentDescription:10:37 am, DateText:Wed, 18 February, ShortDateText:Wed, 18 Feb, Demo:false, QuickStar-Second(false|12:34:56), QuickStar-DateText:Wed, 18 Feb)))
02-18 10:37:00.012 D/QSClock ( 2953): StatusBar clock=10:37 notifyTimeChanged(QSClockBellSound - TimeText:10:37, TimeContentDescription:10:37 am, DateText:Wed, 18 February, ShortDateText:Wed, 18 Feb, Demo:false, QuickStar-Second(false|12:34:56), QuickStar-DateText:Wed, 18 Feb) clockVisibleByPolicy=true, clockVisibleByUser=true, visible=true, parent=android.widget.LinearLayout{21924da V.E...... ......ID 0,0-100,58 #7f0a0591 app:id/left_clock_container}
02-18 10:37:00.013 D/QSClockBellTower( 2953): Everyone heard the bell. run(currentTime:1771391220008, getTime():Wed Feb 18 10:37:00 GMT+05:30 2026, getTimeZone():libcore.util.ZoneInfo[mDstSavings=0,mUseDst=false,mDelegate=[id="Asia/Kolkata",mRawOffset=19800000,mEarliestRawOffset=21208000,transitions=7]])
02-18 10:37:00.015 D/FaceWidgetPagesController( 2953): onTimeChanged()
02-18 10:37:00.053 D/QsExpandAnimator( 2953): mIsDateButtonOverlapped = false >> false, (377.0 + 375) = 752.0 : 984
02-18 10:37:00.060 W/View    ( 2953): requestLayout() improperly called by android.widget.FrameLayout{e219a5 V.E...... ......ID 0,124-1080,2282 #7f0a0846 app:id/qs_frame} during layout: running second layout pass
02-18 10:37:01.004 I/HoneySpace.LiveIconSupplier( 3474): time tick - 138, CLOCK, 10:37 - 10:36, 95834431
02-18 10:37:01.006 I/LauncherActivityInfo( 3474): Trying to load live icon for com.sec.android.app.clockpackage
02-18 10:37:01.008 I/LiveIconUtil( 3474): getLiveIcon was called in ClockPackage
02-18 10:37:01.008 I/LiveIconUtil( 3474): getLiveIcon res = com.sec.android.app.clockpackage
02-18 10:37:01.011 I/LiveIconUtil( 3474): stdIconSize : 126 , targetIconSize : 152
02-18 10:37:01.011 I/LiveIconUtil( 3474): iconDpi : 640 , mTargetIconDpi : 420
02-18 10:37:01.080 I/AppIconSolution( 3474): load= live icon for com.sec.android.app.clockpackage, from overlay = false
02-18 10:37:01.081 I/LauncherActivityInfo( 3474): packageName: com.sec.android.app.clockpackage, useThemeIcon: false, height: 288, width: 288, density: 640
02-18 10:37:01.085 I/HoneySpace.LiveIconSupplier( 3474): updateIcon - 138, CLOCK, true - 10:37, 14342718
02-18 10:37:01.098 I/VSyncReactor( 1156): Current= 60, Period= 60, hwcPeriod= 60
02-18 10:37:01.223 D/vendor.qti.bluetooth@1.0-ibs_handler(  948): SerialClockVote: vote for UART CLK ON
02-18 10:37:01.224 D/vendor.qti.bluetooth@1.0-wake_lock(  948): Acquire wakelock is acquired 
02-18 10:37:01.225 I/vendor.qti.bluetooth@1.0-ibs_handler(  948): DeviceWakeUp: Writing IBS_WAKE_IND
02-18 10:37:01.228 I/vendor.qti.bluetooth@1.0-ibs_handler(  948): ProcessIbsCmd: Received IBS_WAKE_ACK: 0xFC
02-18 10:37:01.228 I/vendor.qti.bluetooth@1.0-ibs_handler(  948): ProcessIbsCmd: Signal wack_cond_
02-18 10:37:01.228 D/vendor.qti.bluetooth@1.0-ibs_handler(  948): DeviceWakeUp: Unblocked from waiting for FC, pthread_cond_timedwait ret = 0
02-18 10:37:01.229 I/vendor.qti.bluetooth@1.0-ibs_handler(  948): ProcessIbsCmd: Received IBS_WAKE_IND: 0xFD
02-18 10:37:01.229 I/vendor.qti.bluetooth@1.0-ibs_handler(  948): ProcessIbsCmd: Writing IBS_WAKE_ACK
02-18 10:37:01.234 I/bluetooth( 3611): packages/modules/Bluetooth/system/gd/hci/le_advertising_manager.cc:1730 on_set_advertising_set_random_address_complete: update random address for advertising set 2 : xx:xx:xx:xx:fa:bf
02-18 10:37:01.260 D/BtGatt.GattService( 3611): onScanResult to scannerId: 8- eventType=0x10, addressType=1, address=XX:XX:XX:XX:93:89, primaryPhy=1, secondaryPhy=0, advertisingSid=0xff, txPower=127, rssi=-92, periodicAdvInt=0x0
02-18 10:37:01.310 I/vendor.qti.bluetooth@1.0-ibs_handler(  948): ProcessIbsCmd: Received IBS_SLEEP_IND: 0xFE
02-18 10:37:01.322 I/vendor.qti.bluetooth@1.0-ibs_handler(  948): ProcessIbsCmd: Received IBS_WAKE_IND: 0xFD
02-18 10:37:01.323 I/vendor.qti.bluetooth@1.0-ibs_handler(  948): ProcessIbsCmd: Writing IBS_WAKE_ACK
02-18 10:37:01.367 I/vendor.qti.bluetooth@1.0-ibs_handler(  948): ProcessIbsCmd: Received IBS_SLEEP_IND: 0xFE
02-18 10:37:01.367 I/vendor.qti.bluetooth@1.0-ibs_handler(  948): ProcessIbsCmd: Received IBS_WAKE_IND: 0xFD
02-18 10:37:01.367 I/vendor.qti.bluetooth@1.0-ibs_handler(  948): ProcessIbsCmd: Writing IBS_WAKE_ACK
02-18 10:37:01.373 D/BtGatt.GattService( 3611): onScanResult to scannerId: 8- eventType=0x1b, addressType=1, address=XX:XX:XX:XX:BE:23, primaryPhy=1, secondaryPhy=0, advertisingSid=0xff, txPower=127, rssi=-86, periodicAdvInt=0x0
02-18 10:37:01.407 I/bluetooth( 3611): packages/modules/Bluetooth/system/gd/hci/le_advertising_manager.cc:1730 on_set_advertising_set_random_address_complete: update random address for advertising set 0 : xx:xx:xx:xx:5c:34
02-18 10:37:01.449 I/vendor.qti.bluetooth@1.0-ibs_handler(  948): ProcessIbsCmd: Received IBS_SLEEP_IND: 0xFE
02-18 10:37:02.362 D/SecPowerUI.Notification( 2953): showChargingNotice oldChargingType : 11 / currentChargingType : 11, oldChargingTime : 4528000 / mChargingTime : 4528000
02-18 10:37:02.362 D/SecPowerUI.Notification( 2953): showChargingNotice User swipe, so return!
02-18 10:37:02.406 I/vendor.qti.bluetooth@1.0-ibs_handler(  948): DeviceSleep: TX Awake, Sending SLEEP_IND
02-18 10:37:02.406 D/vendor.qti.bluetooth@1.0-ibs_handler(  948): SerialClockVote: vote for UART CLK OFF
02-18 10:37:02.437 D/SemWifiUsabilityStatsMonitor( 1389): onWifiUsabilityStats - seqNum 4910, isSameBssidAndFreq true
02-18 10:37:02.445 D/StatusBarIconController( 2953): ignoring old pipeline callback because the new wifi icon is enabled
02-18 10:37:02.452 I/VSyncReactor( 1156): Current= 60, Period= 60, hwcPeriod= 60
02-18 10:37:02.457 D/io_stats(  634): !@   8,0 r 15332135 402007704 w 5792606 81248276 d 1462837 85470644 f 0 0 iot 6782916 0 th 0 0 0 pt 0 inp 0 0 79603.911
02-18 10:37:02.556 D/vendor.qti.bluetooth@1.0-wake_lock(  948): Release wakelock is released 
02-18 10:37:02.696 I/NearbyMediums( 5054): Found Fast Ble Advertisements :
02-18 10:37:02.696 I/NearbyMediums( 5054): BleAdvertisement { version=2, socketVersion=2, isFast=true, serviceIdHash=null, data=[ 0x23 0x46 0x41 0x35 0x43 0x11 0x32 0x7a 0xe2 0x7a 0x66 0x04 0xa2 0x0b 0x98 0x5b 0xee 0x95 0x2e 0x56 0x35 0x52 0x16 ], deviceToken=[ 0x2e 0xad ], rxAdvertisement=null } : 2 times.
02-18 10:37:02.696 I/NearbyMediums( 5054): Total 2 fast advertisements from 1 unique advertisers.
02-18 10:37:02.697 I/NearbyMediums( 5054): Found BLE GATT Advertisements :
02-18 10:37:02.697 I/NearbyMediums( 5054): BleAdvertisement { version=2, socketVersion=2, isFast=false, serviceIdHash=[ 0xfc 0x9f 0x5e ], data=[ 0x23 0xfc 0x9f 0x5e 0x53 0x52 0x33 0x51 0x17 0x06 0x27 0x16 0xa4 0x27 0xba 0xf4 0x7d 0x95 0x7f 0xa7 0x04 0x17 0x42 0x93 0x4c 0x23 0x05 0x4e 0x65 0x74 0x68 0x61 0x50 0xeb 0x71 0x31 0xdc 0xd2 0x00 0x00 ], deviceToken=[ 0x65 0xc0 ], rxAdvertisement=null } : 2 times.
02-18 10:37:02.697 I/NearbyMediums( 5054): Total 2 GATT advertisements from 1 unique advertisers.
02-18 10:37:02.697 I/NearbyMediums( 5054): Current Tracked Scanning Clients are : {NearbyConnections.EnvironmentMonitor, NearbySharing, NearbyConnections.TxAdvertisement}
02-18 10:37:02.701 I/NearbyConnections( 5054): Processing lost BlePeripheral BlePeripheral{advertisement=BleAdvertisement { version=2, socketVersion=2, isFast=true, serviceIdHash=null, data=[ 0x23 0x48 0x31 0x52 0x32 0x11 0x32 0x34 0x46 0x67 0x00 0xa2 0x5c 0xd5 0x69 0x74 0x71 0x60 0x28 0x0a 0x8b 0xf5 0x93 ], deviceToken=[ 0xf2 0x2e ], rxAdvertisement=null }, dctAdvertisement=null, address=null, psm=0, deviceToken=<ByteString@2799a02 size=2 contents="\362.">, isSecondProfile=false, rxInstantConnectionAdv=null}.
02-18 10:37:02.703 I/NearbyConnections( 5054): Lost BleEndpoint for BlePeripheral BlePeripheral{advertisement=BleAdvertisement { version=2, socketVersion=2, isFast=true, serviceIdHash=null, data=[ 0x23 0x48 0x31 0x52 0x32 0x11 0x32 0x34 0x46 0x67 0x00 0xa2 0x5c 0xd5 0x69 0x74 0x71 0x60 0x28 0x0a 0x8b 0xf5 0x93 ], deviceToken=[ 0xf2 0x2e ], rxAdvertisement=null }, dctAdvertisement=null, address=null, psm=0, deviceToken=<ByteString@2799a02 size=2 contents="\362.">, isSecondProfile=false, rxInstantConnectionAdv=null} (with EndpointId H1R2 and EndpointInfo [ 0x32 0x34 0x46 0x67 0x00 0xa2 0x5c 0xd5 0x69 0x74 0x71 0x60 0x28 0x0a 0x8b 0xf5 0x93 ]).
02-18 10:37:02.706 I/NearbyConnections( 5054): ClientProxy(237473778) reporting onEndpointLost(H1R2)
02-18 10:37:02.709 I/NearbySharing( 5054): NearbySharing Internal event EndpointLost(endpointId=H1R2)
02-18 10:37:03.082 I/vendor.qti.bluetooth@1.0-ibs_handler(  948): ProcessIbsCmd: Received IBS_WAKE_IND: 0xFD
02-18 10:37:03.082 D/vendor.qti.bluetooth@1.0-ibs_handler(  948): SerialClockVote: vote for UART CLK ON
02-18 10:37:03.086 D/vendor.qti.bluetooth@1.0-wake_lock(  948): Acquire wakelock is acquired 
02-18 10:37:03.086 I/vendor.qti.bluetooth@1.0-ibs_handler(  948): ProcessIbsCmd: Writing IBS_WAKE_ACK
02-18 10:37:03.098 D/BtGatt.GattService( 3611): onScanResult to scannerId: 2- eventType=0x1b, addressType=1, address=XX:XX:XX:XX:7B:D6, primaryPhy=1, secondaryPhy=0, advertisingSid=0xff, txPower=127, rssi=-81, periodicAdvInt=0x0
02-18 10:37:03.101 D/BtGatt.GattService( 3611): onScanResult to scannerId: 8- eventType=0x1b, addressType=1, address=XX:XX:XX:XX:BE:23, primaryPhy=1, secondaryPhy=0, advertisingSid=0xff, txPower=127, rssi=-86, periodicAdvInt=0x0
02-18 10:37:03.109 I/NearbyDiscovery( 5054): (REDACTED) BloomFilterAdvManager: Detected bloom filter but too far away, ignoring. %sm, %s
02-18 10:37:03.134 D/BtGatt.GattService( 3611): onScanResult to scannerId: 8- eventType=0x10, addressType=1, address=XX:XX:XX:XX:1B:C7, primaryPhy=1, secondaryPhy=0, advertisingSid=0xff, txPower=127, rssi=-73, periodicAdvInt=0x0
02-18 10:37:03.139 I/NearbyConnections( 5054): Found BleAdvertisement [ 0x23 0x44 0x43 0x59 0x39 0x11 0x32 0xac 0xa2 0xda 0x2a 0x53 0xcd 0x76 0xe4 0x20 0x7f 0xed 0x41 0xf5 0xbe 0x6b 0xe5 ] (with EndpointId DCY9 and EndpointInfo [ 0x32 0xac 0xa2 0xda 0x2a 0x53 0xcd 0x76 0xe4 0x20 0x7f 0xed 0x41 0xf5 0xbe 0x6b 0xe5 ])
02-18 10:37:03.143 I/NearbyConnections( 5054): ClientProxy(237473778 0p:com.google.android.gms.nearby.sharing) reporting onEndpointFound(DCY9)
02-18 10:37:03.144 I/NearbyConnections( 5054): ClientProxy(237473778) reporting onEndpointDistanceChanged(DCY9, UNKNOWN)
02-18 10:37:03.145 I/NearbySharing( 5054): NearbySharing Internal event EndpointDiscovered(endpointId=DCY9)
02-18 10:37:03.170 I/vendor.qti.bluetooth@1.0-ibs_handler(  948): ProcessIbsCmd: Received IBS_SLEEP_IND: 0xFE
02-18 10:37:03.170 D/vendor.qti.bluetooth@1.0-ibs_handler(  948): SerialClockVote: vote for UART CLK OFF
02-18 10:37:03.321 D/vendor.qti.bluetooth@1.0-wake_lock(  948): Release wakelock is released 
02-18 10:37:03.466 V/CpEventLog(u0)(27688): cp_state: [                 contacts = {contacts=191, raw_contacts=406, data=1893, account={secphone(1)=19, secphone(2)=0, sim2(3)=0, google(4)=142, sim(5)=33, agg(6)=0, duo(9)=0, duo(12)=69, google(15)=1, samsung(16)=0, mobileservice(17)=0, coreapp(18)=6, whatsapp(20)=136, com.microsoft.skydrive(107)=0, com.microsoft.office(137)=0, www.instagram.com(143)=0}, trash=0, trash_acc={}, trash_sync=0, database=contacts2.db} ]
02-18 10:37:03.466 V/CpEventLog(u0)(27688): cp_state: [               aggregated = {[1,18,20]=1, [1,20,12]=3, [1,20,4]=1, [1,20]=6, [1,4,20,12]=2, [1,4,20]=1, [15]=1, [1]=5, [20,12]=8, [20]=2, [4,12]=2, [4,18,20,12]=2, [4,18,20]=1, [4,18]=1, [4,20,12,18]=1, [4,20,12]=51, [4,20]=57, [4]=23, [5]=33} ]
02-18 10:37:03.466 V/CpEventLog(u0)(27688): cp_state: [                  request = {} ]
02-18 10:37:03.466 V/CpEventLog(u0)(27688): cp_state: [                    calls = {types={[100]=1, [1000]=119}, database=calllog.db} ]
02-18 10:37:03.466 V/CpEventLog(u0)(27688): cp_state: [                  profile = {contacts=0, raw_contacts=0, data=0, account={secphone(1)=0, google(2)=0, sim(3)=0, sim2(4)=0, agg(5)=0, duo(8)=0, duo(11)=0, google(14)=0, samsung(15)=0, mobileservice(16)=0, coreapp(17)=0, whatsapp(19)=0, com.microsoft.skydrive(106)=0, com.microsoft.office(136)=0, www.instagram.com(142)=0}, trash=0, trash_acc={}, trash_sync=0, database=profile.db} ]
