02-18 10:52:22.034 D/SLocation( 1389): LocationProcessingAlgorithm - entry condition 448 - dist : 518.10596 padding : 0.0, accuracy : 38.795, provider : network, dir : 3
02-18 10:52:22.034 D/SLocation( 1389): GeopointReceiver - cancel delay & hold gf id : 448
02-18 10:52:22.034 D/SLocation( 1389): LocationProcessingAlgorithm - entry condition 449 - dist : 55.759693 padding : 0.0, accuracy : 38.795, provider : network, dir : 1
02-18 10:52:22.034 D/SLocation( 1389): DelayGeofence - Geopoint_449 - delay will wake-up after 15000
02-18 10:52:22.034 D/SLocation( 1389): AlarmManagerWrapper - next alarm time : 787996796 (WK)
02-18 10:52:22.034 D/SLocation( 1389): LocationProcessingAlgorithm - entry condition 450 - dist : 637.6867 padding : 0.0, accuracy : 38.795, provider : network, dir : 2
02-18 10:52:22.034 D/SLocation( 1389): LocationProcessingAlgorithm - entry condition 451 - dist : 616.65485 padding : 0.0, accuracy : 38.795, provider : network, dir : 2
02-18 10:52:22.034 D/SLocation( 1389): LocationProcessingAlgorithm - entry condition 452 - dist : 144034.75 padding : 0.0, accuracy : 38.795, provider : network, dir : 2
02-18 10:52:22.034 D/SLocation( 1389): LocationProcessingAlgorithm - entry condition 453 - dist : 64.940506 padding : 0.0, accuracy : 38.795, provider : network, dir : 1
02-18 10:52:22.034 D/SLocation( 1389): DelayGeofence - Geopoint_453 - delay will wake-up after 15000
02-18 10:52:22.035 D/SLocation( 1389): AlarmManagerWrapper - next alarm time : 787996796 (WK)
02-18 10:52:22.035 D/SLocation( 1389): LocationProcessingAlgorithm - entry condition 454 - dist : 37.132465 padding : 0.0, accuracy : 38.795, provider : network, dir : 1
02-18 10:52:22.035 D/SLocation( 1389): DelayGeofence - Geopoint_454 - delay will wake-up after 15000
02-18 10:52:22.036 D/SLocation( 1389): AlarmManagerWrapper - next alarm time : 787996796 (WK)
02-18 10:52:22.036 D/SLocation( 1389): LocationProcessingAlgorithm - entry condition 455 - dist : 627.4632 padding : 0.0, accuracy : 38.795, provider : network, dir : 2
02-18 10:52:22.036 D/SLocation( 1389): LocationProcessingAlgorithm - entry condition 456 - dist : 39.013695 padding : 0.0, accuracy : 38.795, provider : network, dir : 1
02-18 10:52:22.036 D/SLocation( 1389): DelayGeofence - Geopoint_456 - delay will wake-up after 15000
02-18 10:52:22.036 D/SLocation( 1389): AlarmManagerWrapper - next alarm time : 787996796 (WK)
02-18 10:52:22.037 D/SLocation( 1389): LocationProcessingAlgorithm - entry condition 457 - dist : 617.6525 padding : 0.0, accuracy : 38.795, provider : network, dir : 2
02-18 10:52:22.037 D/SLocation( 1389): LocationProcessingAlgorithm - entry condition 458 - dist : 37.574104 padding : 0.0, accuracy : 38.795, provider : network, dir : 1
02-18 10:52:22.037 D/SLocation( 1389): DelayGeofence - Geopoint_458 - delay will wake-up after 15000
02-18 10:52:22.037 D/SLocation( 1389): AlarmManagerWrapper - next alarm time : 787996796 (WK)
02-18 10:52:22.037 D/SLocation( 1389): LocationProcessingAlgorithm - entry condition 459 - dist : 509.0208 padding : 0.0, accuracy : 38.795, provider : network, dir : 3
02-18 10:52:22.037 D/SLocation( 1389): GeopointReceiver - cancel delay & hold gf id : 459
02-18 10:52:22.037 D/SLocation( 1389): LocationProcessingAlgorithm - entry condition 460 - dist : 620.69293 padding : 0.0, accuracy : 38.795, provider : network, dir : 2
02-18 10:52:22.037 D/SLocation( 1389): LocationProcessingAlgorithm - entry condition 461 - dist : 638.46014 padding : 0.0, accuracy : 38.795, provider : network, dir : 2
02-18 10:52:22.037 D/SLocation( 1389): LocationProcessingAlgorithm - entry condition 462 - dist : 626.06195 padding : 0.0, accuracy : 38.795, provider : network, dir : 2
02-18 10:52:22.037 D/SLocation( 1389): LocationProcessingAlgorithm - entry condition 463 - dist : 50.946346 padding : 0.0, accuracy : 38.795, provider : network, dir : 1
02-18 10:52:22.037 D/SLocation( 1389): DelayGeofence - Geopoint_463 - delay will wake-up after 15000
02-18 10:52:22.037 D/SLocation( 1389): AlarmManagerWrapper - next alarm time : 787996796 (WK)
02-18 10:52:22.038 D/SLocation( 1389): LocationProcessingAlgorithm - entry condition 464 - dist : 35.26995 padding : 0.0, accuracy : 38.795, provider : network, dir : 1
02-18 10:52:22.038 D/SLocation( 1389): DelayGeofence - Geopoint_464 - delay will wake-up after 15000
02-18 10:52:22.038 D/SLocation( 1389): AlarmManagerWrapper - next alarm time : 787996796 (WK)
02-18 10:52:22.038 D/SLocation( 1389): LocationProcessingAlgorithm - entry condition 465 - dist : 35.941513 padding : 0.0, accuracy : 38.795, provider : network, dir : 1
02-18 10:52:22.038 D/SLocation( 1389): DelayGeofence - Geopoint_465 - delay will wake-up after 15000
02-18 10:52:22.038 D/SLocation( 1389): AlarmManagerWrapper - next alarm time : 787996796 (WK)
02-18 10:52:22.038 D/SLocation( 1389): LocationProcessingAlgorithm - entry condition 466 - dist : 22053.42 padding : 0.0, accuracy : 38.795, provider : network, dir : 2
02-18 10:52:22.038 D/SLocation( 1389): LocationProcessingAlgorithm - entry condition 467 - dist : 617.78 padding : 0.0, accuracy : 38.795, provider : network, dir : 2
02-18 10:52:22.038 D/SLocation( 1389): LocationProcessingAlgorithm - entry condition 468 - dist : 44.328598 padding : 0.0, accuracy : 38.795, provider : network, dir : 1
02-18 10:52:22.038 D/SLocation( 1389): DelayGeofence - Geopoint_468 - delay will wake-up after 15000
02-18 10:52:22.039 D/SLocation( 1389): AlarmManagerWrapper - next alarm time : 787996796 (WK)
02-18 10:52:22.039 D/SLocation( 1389): LocationProcessingAlgorithm - entry condition 469 - dist : 665.1817 padding : 0.0, accuracy : 38.795, provider : network, dir : 2
02-18 10:52:22.039 D/SLocation( 1389): LocationProcessingAlgorithm - entry condition 470 - dist : 618.9966 padding : 0.0, accuracy : 38.795, provider : network, dir : 2
02-18 10:52:22.039 D/SLocation( 1389): LocationProcessingAlgorithm - entry condition 471 - dist : 45.513 padding : 0.0, accuracy : 38.795, provider : network, dir : 1
02-18 10:52:22.039 D/SLocation( 1389): DelayGeofence - Geopoint_471 - delay will wake-up after 15000
02-18 10:52:22.039 D/SLocation( 1389): AlarmManagerWrapper - next alarm time : 787996796 (WK)
02-18 10:52:22.039 D/SLocation( 1389): LocationProcessingAlgorithm - entry condition 472 - dist : 44.0929 padding : 0.0, accuracy : 38.795, provider : network, dir : 1
02-18 10:52:22.039 D/SLocation( 1389): DelayGeofence - Geopoint_472 - delay will wake-up after 15000
02-18 10:52:22.039 D/SLocation( 1389): AlarmManagerWrapper - next alarm time : 787996796 (WK)
02-18 10:52:22.040 D/SLocation( 1389): LocationProcessingAlgorithm - entry condition 473 - dist : 785.8256 padding : 0.0, accuracy : 38.795, provider : network, dir : 2
02-18 10:52:22.040 D/SLocation( 1389): LocationProcessingAlgorithm - entry condition 474 - dist : 1560.6731 padding : 0.0, accuracy : 38.795, provider : network, dir : 2
02-18 10:52:22.040 D/SLocation( 1389): LocationProcessingAlgorithm - entry condition 475 - dist : 427.341 padding : 0.0, accuracy : 38.795, provider : network, dir : 1
02-18 10:52:22.040 D/SLocation( 1389): DelayGeofence - Geopoint_475 - delay will wake-up after 15000
02-18 10:52:22.040 D/SLocation( 1389): AlarmManagerWrapper - next alarm time : 787996796 (WK)
02-18 10:52:22.040 D/SLocation( 1389): LocationProcessingAlgorithm - entry condition 476 - dist : 502.07678 padding : 0.0, accuracy : 38.795, provider : network, dir : 3
02-18 10:52:22.040 D/SLocation( 1389): GeopointReceiver - cancel delay & hold gf id : 476
02-18 10:52:22.040 D/SLocation( 1389): LocationProcessingAlgorithm - entry condition 477 - dist : 520.8624 padding : 0.0, accuracy : 38.795, provider : network, dir : 3
02-18 10:52:22.040 D/SLocation( 1389): GeopointReceiver - cancel delay & hold gf id : 477
02-18 10:52:22.040 D/SLocation( 1389): LocationProcessingAlgorithm - entry condition 478 - dist : 631.808 padding : 0.0, accuracy : 38.795, provider : network, dir : 2
02-18 10:52:22.040 D/SLocation( 1389): LocationProcessingAlgorithm - entry condition 479 - dist : 23.820925 padding : 0.0, accuracy : 38.795, provider : network, dir : 1
02-18 10:52:22.040 D/SLocation( 1389): DelayGeofence - Geopoint_479 - delay will wake-up after 15000
02-18 10:52:22.040 D/SLocation( 1389): AlarmManagerWrapper - next alarm time : 787996796 (WK)
02-18 10:52:22.040 D/SLocation( 1389): LocationProcessingAlgorithm - entry condition 480 - dist : 740.71313 padding : 0.0, accuracy : 38.795, provider : network, dir : 2
02-18 10:52:22.041 D/SLocation( 1389): LocationProcessingAlgorithm - entry condition 481 - dist : 618.94965 padding : 0.0, accuracy : 38.795, provider : network, dir : 2
02-18 10:52:22.041 D/SLocation( 1389): LocationProcessingAlgorithm - entry condition 482 - dist : 88804.75 padding : 0.0, accuracy : 38.795, provider : network, dir : 2
02-18 10:52:22.041 D/SLocation( 1389): LocationProcessingAlgorithm - entry condition 483 - dist : 57.787724 padding : 0.0, accuracy : 38.795, provider : network, dir : 1
02-18 10:52:22.041 D/SLocation( 1389): DelayGeofence - Geopoint_483 - delay will wake-up after 15000
02-18 10:52:22.041 D/SLocation( 1389): AlarmManagerWrapper - next alarm time : 787996796 (WK)
02-18 10:52:22.041 D/SLocation( 1389): LocationProcessingAlgorithm - entry condition 484 - dist : 1406.3927 padding : 0.0, accuracy : 38.795, provider : network, dir : 2
02-18 10:52:22.041 D/SLocation( 1389): LocationProcessingAlgorithm - entry condition 485 - dist : 26345.05 padding : 0.0, accuracy : 38.795, provider : network, dir : 2
02-18 10:52:22.041 D/SLocation( 1389): LocationProcessingAlgorithm - entry condition 486 - dist : 144036.52 padding : 0.0, accuracy : 38.795, provider : network, dir : 2
02-18 10:52:22.041 D/SLocation( 1389): LocationProcessingAlgorithm - entry condition 487 - dist : 7530.019 padding : 0.0, accuracy : 38.795, provider : network, dir : 2
02-18 10:52:22.041 D/SLocation( 1389): LocationProcessingAlgorithm - entry condition 488 - dist : 16090.579 padding : 0.0, accuracy : 38.795, provider : network, dir : 2
02-18 10:52:22.041 D/SLocation( 1389): LocationProcessingAlgorithm - entry condition 489 - dist : 38.649174 padding : 0.0, accuracy : 38.795, provider : network, dir : 1
02-18 10:52:22.041 D/SLocation( 1389): DelayGeofence - Geopoint_489 - delay will wake-up after 15000
02-18 10:52:22.041 D/SLocation( 1389): AlarmManagerWrapper - next alarm time : 787996796 (WK)
02-18 10:52:22.041 D/BluetoothAdapter( 3611): semIsBleEnabled(): ON
02-18 10:52:22.041 D/ActivityAttributionService( 3611): notifyActivityAttributionInfo UID=1002 packageName=com.android.bluetooth deviceAddress=no_active_device_address
02-18 10:52:22.042 D/SLocation( 1389): LocationProcessingAlgorithm - entry condition 490 - dist : 19276.4 padding : 0.0, accuracy : 38.795, provider : network, dir : 2
02-18 10:52:22.042 D/SLocation( 1389): LocationProcessingAlgorithm - entry condition 491 - dist : 40.56681 padding : 0.0, accuracy : 38.795, provider : network, dir : 1
02-18 10:52:22.042 D/SLocation( 1389): DelayGeofence - Geopoint_491 - delay will wake-up after 15000
02-18 10:52:22.042 D/SLocation( 1389): AlarmManagerWrapper - next alarm time : 787996796 (WK)
02-18 10:52:22.042 I/bt_btif ( 3611): packages/modules/Bluetooth/system/btif/src/bluetooth.cc:880 get_profile_interface: get_profile_interface: id = activity_attribution
02-18 10:52:22.042 D/SLocation( 1389): LocationProcessingAlgorithm - entry condition 492 - dist : 745.4767 padding : 0.0, accuracy : 38.795, provider : network, dir : 2
02-18 10:52:22.042 D/SLocation( 1389): LocationProcessingAlgorithm - entry condition 493 - dist : 615.8957 padding : 0.0, accuracy : 38.795, provider : network, dir : 2
02-18 10:52:22.042 D/SLocation( 1389): LocationProcessingAlgorithm - entry condition 494 - dist : 367.1903 padding : 0.0, accuracy : 38.795, provider : network, dir : 1
02-18 10:52:22.042 D/SLocation( 1389): DelayGeofence - Geopoint_494 - delay will wake-up after 15000
02-18 10:52:22.042 D/SLocation( 1389): AlarmManagerWrapper - next alarm time : 787996796 (WK)
02-18 10:52:22.042 D/SLocation( 1389): LocationProcessingAlgorithm - entry condition 495 - dist : 36.4731 padding : 0.0, accuracy : 38.795, provider : network, dir : 1
02-18 10:52:22.043 D/SLocation( 1389): DelayGeofence - Geopoint_495 - delay will wake-up after 15000
02-18 10:52:22.043 D/SLocation( 1389): AlarmManagerWrapper - next alarm time : 787996796 (WK)
02-18 10:52:22.043 D/BluetoothAdapter( 3611): semIsBleEnabled(): ON
02-18 10:52:22.043 E/BtGatt.GattService( 3611): [GSIM LOG]: gsimLogHandler, msg: MESSAGE_SCAN_START, appName: com.google.uid.shared, scannerId: 11, reportDelayMillis=0
02-18 10:52:22.043 D/BluetoothAdapter( 3611): semIsBleEnabled(): ON
02-18 10:52:22.043 D/SLocation( 1389): LocationProcessingAlgorithm - entry condition 496 - dist : 27.428383 padding : 0.0, accuracy : 38.795, provider : network, dir : 1
02-18 10:52:22.043 D/SLocation( 1389): DelayGeofence - Geopoint_496 - delay will wake-up after 15000
02-18 10:52:22.043 D/SLocation( 1389): AlarmManagerWrapper - next alarm time : 787996796 (WK)
02-18 10:52:22.043 D/SLocation( 1389): LocationProcessingAlgorithm - entry condition 497 - dist : 616.98114 padding : 0.0, accuracy : 38.795, provider : network, dir : 2
02-18 10:52:22.043 D/SLocation( 1389): LocationProcessingAlgorithm - entry condition 498 - dist : 144032.33 padding : 0.0, accuracy : 38.795, provider : network, dir : 2
02-18 10:52:22.043 D/SLocation( 1389): LocationProcessingAlgorithm - entry condition 499 - dist : 509.01544 padding : 0.0, accuracy : 38.795, provider : network, dir : 3
02-18 10:52:22.043 D/SLocation( 1389): GeopointReceiver - cancel delay & hold gf id : 499
02-18 10:52:22.043 D/SLocation( 1389): LocationProcessingAlgorithm - entry condition 500 - dist : 36.541878 padding : 0.0, accuracy : 38.795, provider : network, dir : 1
02-18 10:52:22.043 D/SLocation( 1389): DelayGeofence - Geopoint_500 - delay will wake-up after 15000
02-18 10:52:22.044 D/SLocation( 1389): AlarmManagerWrapper - next alarm time : 787996796 (WK)
02-18 10:52:22.044 D/SLocation( 1389): LocationProcessingAlgorithm - entry condition 501 - dist : 33.91984 padding : 0.0, accuracy : 38.795, provider : network, dir : 1
02-18 10:52:22.044 D/SLocation( 1389): DelayGeofence - Geopoint_501 - delay will wake-up after 15000
02-18 10:52:22.044 D/SLocation( 1389): AlarmManagerWrapper - next alarm time : 787996796 (WK)
02-18 10:52:22.044 D/SLocation( 1389): LocationProcessingAlgorithm - entry condition 502 - dist : 617.83 padding : 0.0, accuracy : 38.795, provider : network, dir : 2
02-18 10:52:22.044 D/SLocation( 1389): LocationProcessingAlgorithm - entry condition 503 - dist : 22053.262 padding : 0.0, accuracy : 38.795, provider : network, dir : 2
02-18 10:52:22.044 D/SLocation( 1389): LocationProcessingAlgorithm - entry condition 504 - dist : 505.0058 padding : 0.0, accuracy : 38.795, provider : network, dir : 3
02-18 10:52:22.044 D/SLocation( 1389): GeopointReceiver - cancel delay & hold gf id : 504
02-18 10:52:22.044 D/SLocation( 1389): LocationProcessingAlgorithm - entry condition 505 - dist : 97.173805 padding : 0.0, accuracy : 38.795, provider : network, dir : 1
02-18 10:52:22.044 D/SLocation( 1389): DelayGeofence - Geopoint_505 - delay will wake-up after 15000
02-18 10:52:22.044 D/SLocation( 1389): AlarmManagerWrapper - next alarm time : 787996796 (WK)
02-18 10:52:22.045 D/SLocation( 1389): LocationProcessingAlgorithm - entry condition 506 - dist : 31.468575 padding : 0.0, accuracy : 38.795, provider : network, dir : 1
02-18 10:52:22.045 D/SLocation( 1389): DelayGeofence - Geopoint_506 - delay will wake-up after 15000
02-18 10:52:22.045 D/SLocation( 1389): AlarmManagerWrapper - next alarm time : 787996796 (WK)
02-18 10:52:22.045 D/SLocation( 1389): LocationProcessingAlgorithm - entry condition 507 - dist : 34.49864 padding : 0.0, accuracy : 38.795, provider : network, dir : 1
02-18 10:52:22.045 D/SLocation( 1389): DelayGeofence - Geopoint_507 - delay will wake-up after 15000
02-18 10:52:22.045 D/SLocation( 1389): AlarmManagerWrapper - next alarm time : 787996796 (WK)
02-18 10:52:22.046 D/SLocation( 1389): LocationProcessingAlgorithm - entry condition 508 - dist : 1439.4246 padding : 0.0, accuracy : 38.795, provider : network, dir : 2
02-18 10:52:22.046 D/SLocation( 1389): LocationProcessingAlgorithm - entry condition 509 - dist : 1466.788 padding : 0.0, accuracy : 38.795, provider : network, dir : 2
02-18 10:52:22.046 D/SLocation( 1389): LocationProcessingAlgorithm - entry condition 510 - dist : 143902.88 padding : 0.0, accuracy : 38.795, provider : network, dir : 2
02-18 10:52:22.046 D/SLocation( 1389): LocationProcessingAlgorithm - entry condition 511 - dist : 274.25146 padding : 0.0, accuracy : 38.795, provider : network, dir : 1
02-18 10:52:22.046 D/SLocation( 1389): DelayGeofence - Geopoint_511 - delay will wake-up after 15000
02-18 10:52:22.046 D/SLocation( 1389): AlarmManagerWrapper - next alarm time : 787996796 (WK)
02-18 10:52:22.046 D/SLocation( 1389): LocationProcessingAlgorithm - entry condition 512 - dist : 174.28802 padding : 0.0, accuracy : 38.795, provider : network, dir : 1
02-18 10:52:22.046 W/PersonalSafety( 5054): Reject: Too frequent location with insignificant accuracy improvement. [CONTEXT service_id=310 ]
02-18 10:52:22.046 D/SLocation( 1389): DelayGeofence - Geopoint_512 - delay will wake-up after 15000
02-18 10:52:22.046 D/SLocation( 1389): AlarmManagerWrapper - next alarm time : 787996796 (WK)
02-18 10:52:22.047 D/SLocation( 1389): LocationProcessingAlgorithm - entry condition 513 - dist : 46.27219 padding : 0.0, accuracy : 38.795, provider : network, dir : 1
02-18 10:52:22.047 D/SLocation( 1389): DelayGeofence - Geopoint_513 - delay will wake-up after 15000
02-18 10:52:22.047 D/SLocation( 1389): AlarmManagerWrapper - next alarm time : 787996796 (WK)
02-18 10:52:22.047 D/SLocation( 1389): LocationProcessingAlgorithm - entry condition 514 - dist : 598.4583 padding : 0.0, accuracy : 38.795, provider : network, dir : 2
02-18 10:52:22.047 D/SLocation( 1389): LocationProcessingAlgorithm - entry condition 515 - dist : 661.6587 padding : 0.0, accuracy : 38.795, provider : network, dir : 2
02-18 10:52:22.047 D/SLocation( 1389): LocationProcessingAlgorithm - entry condition 516 - dist : 1268.943 padding : 0.0, accuracy : 38.795, provider : network, dir : 2
02-18 10:52:22.047 D/SLocation( 1389): LocationProcessingAlgorithm - entry condition 517 - dist : 42.042538 padding : 0.0, accuracy : 38.795, provider : network, dir : 1
02-18 10:52:22.047 D/SLocation( 1389): DelayGeofence - Geopoint_517 - delay will wake-up after 15000
02-18 10:52:22.047 D/SLocation( 1389): AlarmManagerWrapper - next alarm time : 787996796 (WK)
02-18 10:52:22.048 D/SLocation( 1389): LocationProcessingAlgorithm - entry condition 518 - dist : 40.08842 padding : 0.0, accuracy : 38.795, provider : network, dir : 1
02-18 10:52:22.048 D/SLocation( 1389): DelayGeofence - Geopoint_518 - delay will wake-up after 15000
02-18 10:52:22.048 D/SLocation( 1389): AlarmManagerWrapper - next alarm time : 787996796 (WK)
02-18 10:52:22.048 D/SLocation( 1389): LocationProcessingAlgorithm - entry condition 519 - dist : 632.28125 padding : 0.0, accuracy : 38.795, provider : network, dir : 2
02-18 10:52:22.048 D/SLocation( 1389): LocationProcessingAlgorithm - entry condition 520 - dist : 1255.6041 padding : 0.0, accuracy : 38.795, provider : network, dir : 2
02-18 10:52:22.048 D/SLocation( 1389): LocationProcessingAlgorithm - entry condition 521 - dist : 877.37494 padding : 0.0, accuracy : 38.795, provider : network, dir : 2
02-18 10:52:22.048 D/SLocation( 1389): LocationProcessingAlgorithm - entry condition 522 - dist : 631.96747 padding : 0.0, accuracy : 38.795, provider : network, dir : 2
02-18 10:52:22.048 D/SLocation( 1389): LocationProcessingAlgorithm - entry condition 523 - dist : 35.11452 padding : 0.0, accuracy : 38.795, provider : network, dir : 1
02-18 10:52:22.048 D/SLocation( 1389): DelayGeofence - Geopoint_523 - delay will wake-up after 15000
02-18 10:52:22.048 D/SLocation( 1389): AlarmManagerWrapper - next alarm time : 787996796 (WK)
02-18 10:52:22.049 D/SLocation( 1389): LocationProcessingAlgorithm - entry condition 524 - dist : 22907.549 padding : 0.0, accuracy : 38.795, provider : network, dir : 2
02-18 10:52:22.049 D/SLocation( 1389): LocationProcessingAlgorithm - entry condition 525 - dist : 89123.3 padding : 0.0, accuracy : 38.795, provider : network, dir : 2
02-18 10:52:22.049 D/SLocation( 1389): LocationProcessingAlgorithm - entry condition 526 - dist : 30.84643 padding : 0.0, accuracy : 38.795, provider : network, dir : 1
02-18 10:52:22.049 D/SLocation( 1389): DelayGeofence - Geopoint_526 - delay will wake-up after 15000
02-18 10:52:22.049 D/SLocation( 1389): AlarmManagerWrapper - next alarm time : 787996796 (WK)
02-18 10:52:22.049 D/SLocation( 1389): LocationProcessingAlgorithm - entry condition 527 - dist : 38.57018 padding : 0.0, accuracy : 38.795, provider : network, dir : 1
02-18 10:52:22.049 D/SLocation( 1389): DelayGeofence - Geopoint_527 - delay will wake-up after 15000
02-18 10:52:22.049 D/SLocation( 1389): AlarmManagerWrapper - next alarm time : 787996796 (WK)
02-18 10:52:22.049 D/SLocation( 1389): LocationProcessingAlgorithm - entry condition 528 - dist : 1403.391 padding : 0.0, accuracy : 38.795, provider : network, dir : 2
02-18 10:52:22.050 D/SLocation( 1389): LocationProcessingAlgorithm - entry condition 529 - dist : 58.387154 padding : 0.0, accuracy : 38.795, provider : network, dir : 1
02-18 10:52:22.050 D/SLocation( 1389): DelayGeofence - Geopoint_529 - delay will wake-up after 15000
02-18 10:52:22.050 D/SLocation( 1389): AlarmManagerWrapper - next alarm time : 787996796 (WK)
02-18 10:52:22.051 D/SLocation( 1389): PositionManager - Passive handleLocationChanged network 1771392142003
02-18 10:52:22.052 D/SLocation( 1389): ARDistanceBigData - BIGDATA ARD - receive location
02-18 10:52:22.052 D/SLocation( 1389): ARDistanceBigData - BIGDATA ARD disabled, onReceiveLocation
02-18 10:52:22.052 D/SLocation( 1389): GeofenceLocationFilter - location sent before 39, need to filter / provider : network, accuracy : 54.369995
02-18 10:52:22.052 I/SLocation( 1389): GeofenceLocationFilter - alarm set, next time to send location : 787987787, l.a@33e4d3d
02-18 10:52:22.052 D/SLocation( 1389): LastLocations - update latest location [Nu, A : 54.37, T : 787981777, h : 20/29]
02-18 10:52:22.052 D/SLocation( 1389): SensorHubWrapper - SemContext.TYPE_SLOCATION_CORE_SEM is not available
02-18 10:52:22.052 D/SLocation( 1389): FilteredLastLocation - notify all last locations, loc : 2
02-18 10:52:22.056 I/bt_stack( 3611): [INFO:le_scanning_manager.cc(285)] ScanFilterEnable in shim layer
02-18 10:52:22.058 D/vendor.qti.bluetooth@1.0-ibs_handler(  948): SerialClockVote: vote for UART CLK ON
02-18 10:52:22.058 I/vendor.qti.bluetooth@1.0-ibs_handler(  948): DeviceWakeUp: Writing IBS_WAKE_IND
02-18 10:52:22.058 I/bt_stack( 3611): [INFO:le_scanning_manager.cc(256)] ScanFilterAdd in shim layer
02-18 10:52:22.058 I/vendor.qti.bluetooth@1.0-ibs_handler(  948): ProcessIbsCmd: Received IBS_WAKE_ACK: 0xFC
02-18 10:52:22.058 I/vendor.qti.bluetooth@1.0-ibs_handler(  948): ProcessIbsCmd: Signal wack_cond_
02-18 10:52:22.058 D/vendor.qti.bluetooth@1.0-ibs_handler(  948): DeviceWakeUp: Unblocked from waiting for FC, pthread_cond_timedwait ret = 0
02-18 10:52:22.059 D/BtGatt.ScanManager( 3611): configureFilterParamter() : onFoundTimeout | onLostTimeout | onFoundCount | numOfTrackingEntries | scanFilterRssiThreshold | trackableScanFilterRssiThreshold | matchMode
02-18 10:52:22.059 D/BtGatt.ScanManager( 3611): configureFilterParamter() : __________500__|________10000__|___________1__|___________________0__|___________________-128__|____________________________-128__|________1_
02-18 10:52:22.059 I/vendor.qti.bluetooth@1.0-ibs_handler(  948): ProcessIbsCmd: Received IBS_WAKE_IND: 0xFD
02-18 10:52:22.059 I/vendor.qti.bluetooth@1.0-ibs_handler(  948): ProcessIbsCmd: Writing IBS_WAKE_ACK
02-18 10:52:22.059 E/LoadedApk( 5054): Exception : java.lang.NullPointerException: Attempt to invoke virtual method 'boolean android.os.Looper.isPerfLogEnable()' on a null object reference
02-18 10:52:22.060 I/bt_stack( 3611): [INFO:le_scanning_manager.cc(214)] ScanFilterParamSetup in shim layer
02-18 10:52:22.061 E/LoadedApk( 5054): Exception : java.lang.NullPointerException: Attempt to invoke virtual method 'boolean android.os.Looper.isPerfLogEnable()' on a null object reference
02-18 10:52:22.061 I/bt_stack( 3611): [INFO:le_scanning_manager.cc(256)] ScanFilterAdd in shim layer
02-18 10:52:22.062 D/BtGatt.ScanManager( 3611): configureFilterParamter() : onFoundTimeout | onLostTimeout | onFoundCount | numOfTrackingEntries | scanFilterRssiThreshold | trackableScanFilterRssiThreshold | matchMode
02-18 10:52:22.062 D/BtGatt.ScanManager( 3611): configureFilterParamter() : __________500__|________10000__|___________1__|___________________0__|___________________-128__|____________________________-128__|________1_
02-18 10:52:22.062 I/bt_stack( 3611): [INFO:le_scanning_manager.cc(214)] ScanFilterParamSetup in shim layer
02-18 10:52:22.062 I/bt_stack( 3611): [INFO:le_scanning_manager.cc(256)] ScanFilterAdd in shim layer
02-18 10:52:22.062 D/BtGatt.ScanManager( 3611): configureFilterParamter() : onFoundTimeout | onLostTimeout | onFoundCount | numOfTrackingEntries | scanFilterRssiThreshold | trackableScanFilterRssiThreshold | matchMode
02-18 10:52:22.062 D/BtGatt.ScanManager( 3611): configureFilterParamter() : __________500__|________10000__|___________1__|___________________0__|___________________-128__|____________________________-128__|________1_
02-18 10:52:22.062 I/bt_stack( 3611): [INFO:le_scanning_manager.cc(214)] ScanFilterParamSetup in shim layer
02-18 10:52:22.064 I/bt_stack( 3611): [INFO:le_scanning_manager.cc(178)] Scan in shim layer stopped
02-18 10:52:22.064 I/bluetooth( 3611): packages/modules/Bluetooth/system/gd/hci/le_address_manager.cc:203 unregister_client: Client unregistered
02-18 10:52:22.065 I/bt_stack( 3611): [INFO:le_scanning_manager.cc(394)] SetScanParameters with scanning phys in shim layer: phy_cnt=2
02-18 10:52:22.066 I/bt_stack( 3611): [INFO:le_scanning_manager.cc(413)] SetScanParameters: scan_type=1, scan_interval=6553, scan_window=6553
02-18 10:52:22.066 I/bt_stack( 3611): [INFO:le_scanning_manager.cc(413)] SetScanParameters: scan_type=1, scan_interval=6553, scan_window=6553
02-18 10:52:22.066 I/bt_stack( 3611): [INFO:le_scanning_manager.cc(178)] Scan in shim layer started
02-18 10:52:22.066 W/BtGatt.ScanManager( 3611): Scan radio already started
02-18 10:52:22.067 I/bluetooth( 3611): packages/modules/Bluetooth/system/gd/hci/le_scanning_manager.cc:809 set_scan_parameters_with_phy: set_scan_parameters_with_phy
02-18 10:52:22.067 I/bluetooth( 3611): packages/modules/Bluetooth/system/gd/hci/le_scanning_manager.cc:749 stop_scan: Scanning already stopped, return!
02-18 10:52:22.067 I/bluetooth( 3611): packages/modules/Bluetooth/system/gd/hci/le_address_manager.cc:188 register_client: Client registered
02-18 10:52:22.071 D/PackageManager( 1389): setEnabledSetting : userId = 0 packageName = com.samsung.android.networkdiagnostic cmp = androidx.work.impl.background.systemalarm.RescheduleReceiver newState = 1 callingPackage = com.samsung.android.networkdiagnostic
02-18 10:52:22.071 D/ApplicationPolicy( 1389): getApplicationStateEnabled : pkg = com.samsung.android.networkdiagnostic userId : 0
02-18 10:52:22.071 D/SGM:GameManager( 1389): identifyForegroundApp. com.sec.android.app.launcher, mCurrentUserId: 0, callerUserId: 0
02-18 10:52:22.071 D/SGM:PkgDataHelper( 1389): getGamePkgData(). com.sec.android.app.launcher
02-18 10:52:22.072 D/ApplicationPolicy( 1389): getApplicationComponentState : pkg = com.samsung.android.networkdiagnostic userId : 0
02-18 10:52:22.090 D/BtGatt.GattService( 3611): onScanResult to scannerId: 3- eventType=0x1b, addressType=1, address=XX:XX:XX:XX:3C:7C, primaryPhy=1, secondaryPhy=0, advertisingSid=0xff, txPower=127, rssi=-68, periodicAdvInt=0x0
02-18 10:52:22.091 E/BluetoothRemoteDevices( 3611): Remote class is UNCATEGORIZED
02-18 10:52:22.093 I/NearbyDiscovery( 5054): (REDACTED) [trigger-id=Scan2E7CA5B9] FastPairCache: Bloom filter changed, %s, newData=%s, oldData=%s, scanMode=%s
02-18 10:52:22.093 D/BtGatt.GattService( 3611): onScanResult to scannerId: 8- eventType=0x1, addressType=1, address=XX:XX:XX:XX:30:14, primaryPhy=1, secondaryPhy=1, advertisingSid=0x4, txPower=127, rssi=-73, periodicAdvInt=0x0
02-18 10:52:22.093 I/NearbyDiscovery( 5054): (REDACTED) BloomFilterAdvManager: Detected bloom filter but too far away, ignoring. %sm, %s
02-18 10:52:22.132 I/vendor.qti.bluetooth@1.0-ibs_handler(  948): ProcessIbsCmd: Received IBS_SLEEP_IND: 0xFE
02-18 10:52:22.149 I/[ND]CellMeasurementWorker(28162): androidx.work-2 | Start Work
02-18 10:52:22.150 I/vendor.qti.bluetooth@1.0-ibs_handler(  948): ProcessIbsCmd: Received IBS_WAKE_IND: 0xFD
02-18 10:52:22.151 I/vendor.qti.bluetooth@1.0-ibs_handler(  948): ProcessIbsCmd: Writing IBS_WAKE_ACK
02-18 10:52:22.153 D/BtGatt.GattService( 3611): onScanResult to scannerId: 11- eventType=0x10, addressType=1, address=XX:XX:XX:XX:05:CE, primaryPhy=1, secondaryPhy=0, advertisingSid=0xff, txPower=127, rssi=-67, periodicAdvInt=0x0
02-18 10:52:22.156 I/[ND]RecordBufferedLocationWorker(28162): androidx.work-3 | Start Work
02-18 10:52:22.160 I/[ND]RecordBufferedLocationWorker(28162): androidx.work-3 | onComplete
02-18 10:52:22.161 I/[ND]RecordBufferedLocationWorker(28162): androidx.work-3 | End Work: Success {mOutputData=Data {}}
02-18 10:52:22.164 I/WM-WorkerWrapper(28162): Worker result SUCCESS for Work [ id=523aa9e0-1e41-46b8-ab50-f78bd4e93d92, tags={ com.samsung.android.networkdiagnostic.core.background.measurement.RecordBufferedLocationWorker, Measurements } ]
02-18 10:52:22.175 D/BtGatt.GattService( 3611): onScanResult to scannerId: 8- eventType=0x1b, addressType=1, address=XX:XX:XX:XX:B9:B3, primaryPhy=1, secondaryPhy=0, advertisingSid=0xff, txPower=127, rssi=-80, periodicAdvInt=0x0
02-18 10:52:22.177 E/BluetoothRemoteDevices( 3611): Remote class is UNCATEGORIZED
02-18 10:52:22.182 E/SensorManager(28162): sensor or listener is null
02-18 10:52:22.195 I/Rubin   ( 5178): [618] yd.g.A(Unknown Source) : notify provider changed for content://com.samsung.android.rubin.context.tripevent/trip_event
02-18 10:52:22.205 I/AccessController( 5178): isSupportedApps - com.sec.android.app.myfiles is enalbed true
02-18 10:52:22.207 I/AccessController( 5178): isSupportedApps - com.samsung.android.app.spage is enalbed true
02-18 10:52:22.209 I/AccessController( 5178): isSupportedApps - com.samsung.storyservice is enalbed true
02-18 10:52:22.211 I/AccessController( 5178): isSupportedApps - com.sec.android.daemonapp is enalbed true
02-18 10:52:22.212 I/vendor.qti.bluetooth@1.0-ibs_handler(  948): ProcessIbsCmd: Received IBS_SLEEP_IND: 0xFE
02-18 10:52:22.213 I/AccessController( 5178): isSupportedApps - com.android.settings.intelligence is enalbed true
02-18 10:52:22.215 I/AccessController( 5178): isSupportedApps - com.samsung.android.easysetup is enalbed true
02-18 10:52:22.217 I/AccessController( 5178): isSupportedApps - com.samsung.android.themestore is enalbed true
02-18 10:52:22.218 I/AccessController( 5178): isSupportedApps - com.samsung.android.app.reminder is enalbed true
02-18 10:52:22.220 I/AccessController( 5178): isSupportedApps - com.samsung.android.app.routines is enalbed true
02-18 10:52:22.222 I/AccessController( 5178): isSupportedApps - com.sec.android.app.samsungapps is enalbed true
02-18 10:52:22.224 I/AccessController( 5178): isSupportedApps - com.samsung.android.calendar is enalbed true
02-18 10:52:22.224 I/AccessController( 5178): isEnabledToAccessAccountData - com.samsung.android.rubin.app is debug package
02-18 10:52:22.226 I/AccessController( 5178): isSupportedApps - com.osp.app.signin is enalbed true
02-18 10:52:22.228 I/AccessController( 5178): isSupportedApps - com.samsung.android.spaymini is enalbed true
02-18 10:52:22.230 I/AccessController( 5178): isSupportedApps - com.sec.android.app.clockpackage is enalbed true
02-18 10:52:22.232 I/AccessController( 5178): isSupportedApps - com.samsung.android.forest is enalbed true
02-18 10:52:22.235 I/AccessController( 5178): isSupportedApps - com.samsung.android.smartsuggestions is enalbed true
02-18 10:52:22.237 I/AccessController( 5178): isSupportedApps - com.sec.android.app.launcher is enalbed true
02-18 10:52:22.239 D/InputReader( 1389): Btn_touch(6): value=1 when=80523.693025
02-18 10:52:22.240 I/InputReader( 1389): Touch event's action is 0x0 (id=3, t=0) [pCnt=1, s=0.3415 ] when=80523.693025
02-18 10:52:22.240 I/InputDispatcher( 1389): Delivering touch to (2953): action: 0x4, f=0x0, d=0, '6b6deb8', t=1 
02-18 10:52:22.240 I/InputDispatcher( 1389): Delivering touch to (3474): action: 0x0, f=0x0, d=0, 'ec538ad', t=1 
02-18 10:52:22.240 I/ViewRootImpl@f2a68d0[LauncherActivity]( 3474): ViewPostIme pointer 0
02-18 10:52:22.240 D/PowerManagerService( 1389): [api] userActivityFromNative : touch displayId=0 eventTime=80523693
02-18 10:52:22.241 I/HoneySpace.QuickOptionUtil( 3474): QuickOption Touch_Event state = -1, eventY = 636.73535, eventX =670.3789 window Bounds = 2282 containerTouch = null
02-18 10:52:22.241 I/HoneySpace.QuickOptionUtil( 3474): resetDrag
02-18 10:52:22.241 I/HoneySpace.HomeView( 3474): findControllerToHandleTouch ev = 0
02-18 10:52:22.241 I/HoneySpace.StatusBarTouchController( 3474): canInterceptTouch showNotificationPanel : false systemUiProxy.isActive() = true honeyScreenManager.currentHoneyScreen : HOME honeyScreen.currentHoneyState : com.honeyspace.sdk.HomeScreen$Normal@6ac180c isChildScrolling.invoke() : false
02-18 10:52:22.241 I/HoneySpace.FinderTouchController( 3474): onControllerInterceptTouchEvent :: canInterceptTouch() = false, QuickOptionUtil.isShowQuickOption() : false QuickOptionUtil.isDragging : false
02-18 10:52:22.241 I/HoneySpace.PageEditTouchController( 3474): onControllerInterceptTouchEvent, isInProgress = false
02-18 10:52:22.241 I/HoneySpace.WorkspaceFastRecyclerView( 3474): dispatchTouchEvent() event.action=0
02-18 10:52:22.241 I/HoneySpace.IconHoney( 3474): sendActiveLaunchBroadcast 563
02-18 10:52:22.242 I/GestureDetector( 1389): obtain mCurrentDownEvent. id: 512432507 caller: com.android.server.wm.SystemGesturesPointerEventListener.onPointerEvent:204 com.android.server.wm.PointerEventDispatcher.onInputEvent:53 android.view.InputEventReceiver.dispatchInputEvent:337 
02-18 10:52:22.242 I/GestureDetector( 1389): obtain mCurrentDownEvent. id: 512432507 caller: com.android.server.wm.SystemPerformancePointerEventListener.onPointerEvent:89 com.android.server.wm.PointerEventDispatcher.onInputEvent:53 android.view.InputEventReceiver.dispatchInputEvent:337 
02-18 10:52:22.245 D/CompatibilityChangeReporter( 1389): Compat change id reported: 135634846; UID 10101; state: DISABLED
02-18 10:52:22.245 D/CompatibilityChangeReporter( 1389): Compat change id reported: 177438394; UID 10101; state: DISABLED
02-18 10:52:22.245 D/CompatibilityChangeReporter( 1389): Compat change id reported: 135772972; UID 10101; state: DISABLED
02-18 10:52:22.245 D/CompatibilityChangeReporter( 1389): Compat change id reported: 135754954; UID 10101; state: ENABLED
02-18 10:52:22.245 D/CompatibilityChangeReporter( 1389): Compat change id reported: 143937733; UID 10101; state: ENABLED
02-18 10:52:22.246 I/vendor.qti.bluetooth@1.0-ibs_handler(  948): ProcessIbsCmd: Received IBS_WAKE_IND: 0xFD
02-18 10:52:22.246 I/vendor.qti.bluetooth@1.0-ibs_handler(  948): ProcessIbsCmd: Writing IBS_WAKE_ACK
02-18 10:52:22.249 I/Pageboost( 1389): start alp : com.dot.app.sancharsaathi
02-18 10:52:22.249 E/ActivityTaskManager( 1389): Checking for the Active launch isPkgEverLaunched :true, isPkgStopped : true, isPkgSuspended : false
02-18 10:52:22.250 I/Pageboost( 1389): alp for : com.dot.app.sancharsaathi , 1
02-18 10:52:22.250 E/pageboostd( 3756): alp start : app comdotappsancharsaathi
02-18 10:52:22.252 E/pageboostd( 3756): comdotappsancharsaathi, amt 3416064 scnt 2 fcnt 0
02-18 10:52:22.253 E/audit   (  851): type=1400 audit(1771392142.249:131430): avc:  denied  { read } for  pid=3756 comm="pageboostd" name="product@overlay@NavigationBarMode3Button@NavigationBarMode3ButtonOverlay.apk@idmap" dev="dm-52" ino=1685028 scontext=u:r:pageboostd:s0 tcontext=u:object_r:resourcecache_data_file:s0 tclass=file permissive=0 SEPF_SM-A235F_12_0001 audit_filtered
02-18 10:52:22.256 D/BtGatt.GattService( 3611): onScanResult to scannerId: 3- eventType=0x1b, addressType=1, address=XX:XX:XX:XX:3C:7C, primaryPhy=1, secondaryPhy=0, advertisingSid=0xff, txPower=127, rssi=-70, periodicAdvInt=0x0
02-18 10:52:22.256 D/BtGatt.GattService( 3611): onScanResult to scannerId: 8- eventType=0x1, addressType=1, address=XX:XX:XX:XX:30:14, primaryPhy=1, secondaryPhy=1, advertisingSid=0x4, txPower=127, rssi=-74, periodicAdvInt=0x0
02-18 10:52:22.258 I/GestureDetector( 1389): obtain mCurrentMotionEventRaw. action: 2 id: 959126490
02-18 10:52:22.258 I/GestureDetector( 1389): obtain mCurrentMotionEventRaw. action: 2 id: 959126490
02-18 10:52:22.260 I/NearbyDiscovery( 5054): (REDACTED) BloomFilterAdvManager: Detected bloom filter but too far away, ignoring. %sm, %s
02-18 10:52:22.262 D/Zygote  (  874): Forked child process 28707
02-18 10:52:22.263 I/ActivityManager( 1389): Start proc 28707:com.sec.android.app.myfiles/u0a101 for broadcast {com.sec.android.app.myfiles/com.sec.android.app.myfiles.presenter.receiver.CustomizationServiceReceiver}
02-18 10:52:22.267 I/HoneySpace.HomeView( 3474): findControllerToHandleTouch ev = 2
02-18 10:52:22.267 I/HoneySpace.StatusBarTouchController( 3474): canInterceptTouch showNotificationPanel : false systemUiProxy.isActive() = true honeyScreenManager.currentHoneyScreen : HOME honeyScreen.currentHoneyState : com.honeyspace.sdk.HomeScreen$Normal@6ac180c isChildScrolling.invoke() : false
02-18 10:52:22.267 I/HoneySpace.FinderTouchController( 3474): onControllerInterceptTouchEvent :: canInterceptTouch() = false, QuickOptionUtil.isShowQuickOption() : false QuickOptionUtil.isDragging : false
02-18 10:52:22.267 I/HoneySpace.PageEditTouchController( 3474): onControllerInterceptTouchEvent, isInProgress = false
02-18 10:52:22.276 I/Rubin   ( 5178): [618] nb.a.c(Unknown Source) : Notify com.samsung.android.rubin.inferenceengine.contextanalytics.engine.monitors.area.TripEventMonitor sent event, com.samsung.android.rubin.inferenceengine.contextanalytics.analyzers.EVENT_CONTENT_CHANGED
02-18 10:52:22.277 I/Rubin   ( 5178): [618] com.samsung.android.rubin.inferenceengine.contextanalytics.engine.monitors.area.TripEventMonitor.storeAnalysisDoneLog(Unknown Source) : analyze - end. Took 0.267s.
02-18 10:52:22.281 D/BtGatt.GattService( 3611): onScanResult to scannerId: 8- eventType=0x1b, addressType=1, address=XX:XX:XX:XX:B9:B3, primaryPhy=1, secondaryPhy=0, advertisingSid=0xff, txPower=127, rssi=-82, periodicAdvInt=0x0
02-18 10:52:22.283 I/HoneySpace.HomeView( 3474): findControllerToHandleTouch ev = 2
02-18 10:52:22.283 I/HoneySpace.StatusBarTouchController( 3474): canInterceptTouch showNotificationPanel : false systemUiProxy.isActive() = true honeyScreenManager.currentHoneyScreen : HOME honeyScreen.currentHoneyState : com.honeyspace.sdk.HomeScreen$Normal@6ac180c isChildScrolling.invoke() : false
02-18 10:52:22.283 I/HoneySpace.FinderTouchController( 3474): onControllerInterceptTouchEvent :: canInterceptTouch() = false, QuickOptionUtil.isShowQuickOption() : false QuickOptionUtil.isDragging : false
02-18 10:52:22.283 I/HoneySpace.PageEditTouchController( 3474): onControllerInterceptTouchEvent, isInProgress = false
02-18 10:52:22.286 E/pageboostd( 3756): comdotappsancharsaathi, amt 41635840 scnt 272 fcnt 8
02-18 10:52:22.286 E/pageboostd( 3756): alp end : app comdotappsancharsaathi data_amount 45051904
02-18 10:52:22.286 D/BtGatt.GattService( 3611): onScanResult to scannerId: 8- eventType=0x10, addressType=1, address=XX:XX:XX:XX:CF:AB, primaryPhy=1, secondaryPhy=0, advertisingSid=0xff, txPower=127, rssi=-89, periodicAdvInt=0x0
02-18 10:52:22.305 D/InputReader( 1389): Btn_touch(6): value=0 when=80523.759019
02-18 10:52:22.306 I/InputReader( 1389): Touch event's action is 0x1 (id=3, t=0) [pCnt=1, s=] when=80523.759019
02-18 10:52:22.307 I/InputDispatcher( 1389): Delivering touch to (3474): action: 0x1, f=0x0, d=0, 'ec538ad', t=1 
02-18 10:52:22.308 I/ViewRootImpl@f2a68d0[LauncherActivity]( 3474): ViewPostIme pointer 1
02-18 10:52:22.308 I/HoneySpace.HomeView( 3474): findControllerToHandleTouch ev = 1
02-18 10:52:22.308 I/HoneySpace.StatusBarTouchController( 3474): canInterceptTouch showNotificationPanel : false systemUiProxy.isActive() = true honeyScreenManager.currentHoneyScreen : HOME honeyScreen.currentHoneyState : com.honeyspace.sdk.HomeScreen$Normal@6ac180c isChildScrolling.invoke() : false
02-18 10:52:22.308 I/HoneySpace.FinderTouchController( 3474): onControllerInterceptTouchEvent :: canInterceptTouch() = false, QuickOptionUtil.isShowQuickOption() : false QuickOptionUtil.isDragging : false
02-18 10:52:22.308 I/HoneySpace.PageEditTouchController( 3474): onControllerInterceptTouchEvent, isInProgress = false
02-18 10:52:22.310 I/HoneySpace.WorkspaceFastRecyclerViewAdapter( 3474): onAppClick() id: 563, event App(item=id:563 label:Sanchar Saathi componnet:com.dot.app.sancharsaathi/org.cdot.diu.main.SathiMainActivity#UserHandle{0} badgeCount:0  drag:false iconState:NONE, pageId=4, x=2, y=1)
02-18 10:52:22.310 I/HoneySpace.DvfsManager( 3474): acquireAppLaunch
02-18 10:52:22.310 I/SemDvfsHyPerManager( 3474): acquire hyper - APP_LAUNCH/3474@1, type = -999
02-18 10:52:22.311 I/HYPER-HAL(  984): [RequestManager.cpp]acquire(): Acquired ID : 6039551  [3474 / 1]    HINT : APP_LAUNCH    list : 
02-18 10:52:22.312 I/HYPER-HAL(  984): [ResourceManager.cpp]updateResource(): [CPULittleMinFreq] UpdateResource Request ID : 6039551    Value : 1900800
02-18 10:52:22.311 I/SemDvfsHyPerManager( 5651): acquire hyper - APP_START_SHORT/5651@14, type = -999
02-18 10:52:22.312 I/HoneySpace.ShellTransitionManager( 3474): startShellTransition com.honeyspace.sdk.transition.ShellTransition$Info@dc55fad
02-18 10:52:22.313 I/HoneySpace.ShellTransitionManager( 3474): open start
02-18 10:52:22.317 I/HYPER-HAL(  984): [ResourceManager.cpp]updateResource(): [CPUMinFreq] UpdateResource Request ID : 6039551    Value : 2400000
02-18 10:52:22.317 I/HYPER-HAL(  984): [RequestManager.cpp]acquire(): Acquired ID : 16048959  [5651 / 14]    HINT : APP_START    list : [TIMEOUT / 1500] 
02-18 10:52:22.318 I/HYPER-HAL(  984): [ResourceManager.cpp]updateResource(): [CPUMaxFreq] UpdateResource Request ID : 16048959    Value : 2400000
02-18 10:52:22.321 I/oid.app.myfiles(28707): Using CollectorTypeCC GC.
02-18 10:52:22.325 I/vendor.qti.bluetooth@1.0-ibs_handler(  948): ProcessIbsCmd: Received IBS_SLEEP_IND: 0xFE
02-18 10:52:22.325 E/oid.app.myfiles(28707): Not starting debugger since process cannot load the jdwp agent.
02-18 10:52:22.326 I/HoneySpace.Launcher( 3474): startActivityForResult request : -1
02-18 10:52:22.327 D/ActivityTaskManager( 1389): startActivityAsUser: callingPid=3474, callingUid=10118, caller=com.android.server.wm.ActivityTaskManagerService.startActivityAsUser:1844 com.android.server.wm.ActivityTaskManagerService.startActivity:1818 android.app.IActivityTaskManager$Stub.onTransact:1353 com.android.server.wm.ActivityTaskManagerService.onTransact:6976 android.os.Binder.execTransactInternal:1375 android.os.Binder.execTransact:1311 <bottom of call stack> 
02-18 10:52:22.327 I/ChimeraSystemEventListener( 1389): appLaunchIntent package name is: com.dot.app.sancharsaathi
02-18 10:52:22.327 I/Pageboost( 1389): onAppLaunch : com.dot.app.sancharsaathi
02-18 10:52:22.329 D/CompatibilityChangeReporter( 1389): Compat change id reported: 265464455; UID 10497; state: DISABLED
02-18 10:52:22.329 D/CompatibilityChangeReporter( 1389): Compat change id reported: 265452344; UID 10497; state: DISABLED
02-18 10:52:22.329 D/CompatibilityChangeReporter( 1389): Compat change id reported: 266124927; UID 10497; state: DISABLED
02-18 10:52:22.329 D/CompatibilityChangeReporter( 1389): Compat change id reported: 265451093; UID 10497; state: DISABLED
02-18 10:52:22.330 D/CompatibilityChangeReporter( 1389): Compat change id reported: 265456536; UID 10497; state: DISABLED
02-18 10:52:22.330 D/CompatibilityChangeReporter( 1389): Compat change id reported: 255940284; UID 10497; state: DISABLED
02-18 10:52:22.330 D/CompatibilityChangeReporter( 1389): Compat change id reported: 236283604; UID 10497; state: DISABLED
02-18 10:52:22.330 D/CompatibilityChangeReporter( 1389): Compat change id reported: 263959004; UID 10497; state: DISABLED
02-18 10:52:22.330 D/CompatibilityChangeReporter( 1389): Compat change id reported: 264304459; UID 10497; state: DISABLED
02-18 10:52:22.330 D/CompatibilityChangeReporter( 1389): Compat change id reported: 264301586; UID 10497; state: DISABLED
02-18 10:52:22.330 D/CompatibilityChangeReporter( 1389): Compat change id reported: 254631730; UID 10497; state: DISABLED
02-18 10:52:22.330 D/CompatibilityChangeReporter( 1389): Compat change id reported: 273509367; UID 10497; state: DISABLED
02-18 10:52:22.330 D/CompatibilityChangeReporter( 1389): Compat change id reported: 263259275; UID 10497; state: DISABLED
02-18 10:52:22.330 D/CompatibilityChangeReporter( 1389): Compat change id reported: 174042980; UID 10497; state: DISABLED
02-18 10:52:22.330 D/CompatibilityChangeReporter( 1389): Compat change id reported: 174042936; UID 10497; state: DISABLED
02-18 10:52:22.330 D/CompatibilityChangeReporter( 1389): Compat change id reported: 181136395; UID 10497; state: DISABLED
02-18 10:52:22.332 D/ActivityThread(28707): setConscryptValidator
02-18 10:52:22.332 D/ActivityThread(28707): setConscryptValidator - put
02-18 10:52:22.335 D/CompatibilityChangeReporter( 1389): Compat change id reported: 194480991; UID 10497; state: ENABLED
02-18 10:52:22.335 D/WindowManager( 1389): Transition is created, t=TransitionRecord{ec703d5 id=-1 type=OPEN flags=0x0}, caller=com.android.server.wm.TransitionController.createAndStartCollecting:1765 com.android.server.wm.ActivityStarter.startActivityUnchecked:2360 com.android.server.wm.ActivityStarter.executeRequest:1953 com.android.server.wm.ActivityStarter.execute:1093 com.android.server.wm.ActivityTaskManagerService.startActivityAsUser:1985 
02-18 10:52:22.335 D/WindowManager( 1389): SyncGroup is created, id=545, name=Transition, caller=com.android.server.wm.BLASTSyncEngine$SyncGroup.<init>:0 com.android.server.wm.BLASTSyncEngine.prepareSyncSet:513 com.android.server.wm.BLASTSyncEngine.startSyncSet:518 com.android.server.wm.Transition.startCollecting:712 com.android.server.wm.TransitionController.moveToCollecting:360 com.android.server.wm.TransitionController.createAndStartCollecting:1766 com.android.server.wm.ActivityStarter.startActivityUnchecked:2360 
02-18 10:52:22.335 W/WindowManager( 1389): setSyncMethod, id=545, method=0, caller=com.android.server.wm.Transition.startCollecting:714 com.android.server.wm.TransitionController.moveToCollecting:360 com.android.server.wm.TransitionController.createAndStartCollecting:1766 
02-18 10:52:22.336 V/WindowManager( 1389): Start collecting in Transition: TransitionRecord{ec703d5 id=545 type=OPEN flags=0x0}, caller=com.android.server.wm.TransitionController.createAndStartCollecting:1766 com.android.server.wm.ActivityStarter.startActivityUnchecked:2360 com.android.server.wm.ActivityStarter.executeRequest:1953 com.android.server.wm.ActivityStarter.execute:1093 com.android.server.wm.ActivityTaskManagerService.startActivityAsUser:1985 
02-18 10:52:22.336 V/WindowManager( 1389): Collecting in transition 545: ActivityRecord{9a5b7ea u0 com.dot.app.sancharsaathi/org.cdot.diu.main.SathiMainActivity, caller=com.android.server.wm.Transition.collect:761 com.android.server.wm.TransitionController.collect:935 com.android.server.wm.ActivityStarter.startActivityUnchecked:2376 com.android.server.wm.ActivityStarter.executeRequest:1953 com.android.server.wm.ActivityStarter.execute:1093 
02-18 10:52:22.336 D/ActivityTaskManager( 1389): TaskLaunchParamsModifier:task=null activity=ActivityRecord{9a5b7ea u0 com.dot.app.sancharsaathi/org.cdot.diu.main.SathiMainActivity t-1} display-from-option=0 display-id=0 task-display-area-windowing-mode=1 suggested-display-area=DefaultTaskDisplayArea_d0@262421591
02-18 10:52:22.337 D/ActivityTaskManager( 1389): TaskLaunchParamsModifier:task=null activity=ActivityRecord{9a5b7ea u0 com.dot.app.sancharsaathi/org.cdot.diu.main.SathiMainActivity t-1} display-from-option=0 display-id=0 task-display-area-windowing-mode=1 suggested-display-area=DefaultTaskDisplayArea_d0@262421591 inherit-from-source=fullscreen non-freeform-task-display-area display-area=DefaultTaskDisplayArea_d0@262421591 default-portrait freeform-size-mismatch=Rect(81, 572 - 999, 1776)
02-18 10:52:22.337 I/SemDvfsHyPerManager( 1389): acquire hyper - AMS_APP_SWITCH/1389@23, type = -999
02-18 10:52:22.337 I/HYPER-HAL(  984): [RequestManager.cpp]acquire(): Acquired ID : 997601  [1389 / 23]    HINT : AMS_APP_SWITCH    list : 
02-18 10:52:22.338 I/HYPER-HAL(  984): [ResourceManager.cpp]updateResource(): [CPULittleMinFreq] UpdateResource Request ID : 997601    Value : 1900800
02-18 10:52:22.338 I/SurfaceFlinger( 1156): id=7759 createSurf, flag=24004, Task=724#7759
02-18 10:52:22.338 D/ActivityManagerPerformance( 1389): AMP_acquire() APP_SWITCH
02-18 10:52:22.339 I/SemDvfsHyPerManager( 5651): acquire hyper - APP_START_SHORT/5651@14, type = -999
